[4.146s] Invoking command in '/home/ras/DUM-E_ROSCode/ros2_ws/src/py_srvcli': DEBUGINFOD_URLS=https://debuginfod.ubuntu.com PYTHONPATH=/home/ras/DUM-E_ROSCode/ros2_ws/build/py_srvcli/prefix_override:/usr/lib/python3/dist-packages/colcon_core/task/python/colcon_distutils_commands:/home/ras/DUM-E_ROSCode/ros2_ws/install/py_srvcli/lib/python3.12/site-packages:/home/ras/DUM-E_ROSCode/ros2_ws/install/tutorial_interfaces/lib/python3.12/site-packages:/home/ras/DUM-E_ROSCode/ros2_ws/install/arduino_interfaces/lib/python3.12/site-packages:/home/ras/DUM-E_ROSCode/ros2_ws/install/py_srvcli/lib/python3.12/site-packages:/home/ras/DUM-E_ROSCode/ros2_ws/install/my_package/lib/python3.12/site-packages:/opt/ros/jazzy/lib/python3.12/site-packages /usr/bin/python3 -W ignore:setup.py install is deprecated -W ignore:easy_install command is deprecated setup.py egg_info --egg-base ../../build/py_srvcli build --build-base /home/ras/DUM-E_ROSCode/ros2_ws/build/py_srvcli/build install --record /home/ras/DUM-E_ROSCode/ros2_ws/build/py_srvcli/install.log --single-version-externally-managed install_data
[5.384s] running egg_info
[5.385s] creating ../../build/py_srvcli/py_srvcli.egg-info
[5.478s] writing ../../build/py_srvcli/py_srvcli.egg-info/PKG-INFO
[5.479s] writing dependency_links to ../../build/py_srvcli/py_srvcli.egg-info/dependency_links.txt
[5.480s] writing entry points to ../../build/py_srvcli/py_srvcli.egg-info/entry_points.txt
[5.481s] writing requirements to ../../build/py_srvcli/py_srvcli.egg-info/requires.txt
[5.482s] writing top-level names to ../../build/py_srvcli/py_srvcli.egg-info/top_level.txt
[5.482s] writing manifest file '../../build/py_srvcli/py_srvcli.egg-info/SOURCES.txt'
[5.671s] reading manifest file '../../build/py_srvcli/py_srvcli.egg-info/SOURCES.txt'
[5.672s] adding license file 'LICENSE'
[5.675s] writing manifest file '../../build/py_srvcli/py_srvcli.egg-info/SOURCES.txt'
[5.676s] running build
[5.677s] running build_py
[5.677s] creating /home/ras/DUM-E_ROSCode/ros2_ws/build/py_srvcli/build
[5.679s] creating /home/ras/DUM-E_ROSCode/ros2_ws/build/py_srvcli/build/lib
[5.680s] creating /home/ras/DUM-E_ROSCode/ros2_ws/build/py_srvcli/build/lib/py_srvcli
[5.680s] copying py_srvcli/client_arduino_function.py -> /home/ras/DUM-E_ROSCode/ros2_ws/build/py_srvcli/build/lib/py_srvcli
[5.681s] copying py_srvcli/__init__.py -> /home/ras/DUM-E_ROSCode/ros2_ws/build/py_srvcli/build/lib/py_srvcli
[5.682s] copying py_srvcli/service_arduino_function.py -> /home/ras/DUM-E_ROSCode/ros2_ws/build/py_srvcli/build/lib/py_srvcli
[5.683s] creating /home/ras/DUM-E_ROSCode/ros2_ws/build/py_srvcli/build/lib/scripts
[5.683s] copying scripts/__init__.py -> /home/ras/DUM-E_ROSCode/ros2_ws/build/py_srvcli/build/lib/scripts
[5.684s] copying scripts/uart_classes.py -> /home/ras/DUM-E_ROSCode/ros2_ws/build/py_srvcli/build/lib/scripts
[5.684s] running install
[5.707s] running install_lib
[5.800s] creating /home/ras/DUM-E_ROSCode/ros2_ws/install/py_srvcli/lib/python3.12/site-packages/py_srvcli
[5.801s] copying /home/ras/DUM-E_ROSCode/ros2_ws/build/py_srvcli/build/lib/py_srvcli/client_arduino_function.py -> /home/ras/DUM-E_ROSCode/ros2_ws/install/py_srvcli/lib/python3.12/site-packages/py_srvcli
[5.802s] copying /home/ras/DUM-E_ROSCode/ros2_ws/build/py_srvcli/build/lib/py_srvcli/__init__.py -> /home/ras/DUM-E_ROSCode/ros2_ws/install/py_srvcli/lib/python3.12/site-packages/py_srvcli
[5.803s] copying /home/ras/DUM-E_ROSCode/ros2_ws/build/py_srvcli/build/lib/py_srvcli/service_arduino_function.py -> /home/ras/DUM-E_ROSCode/ros2_ws/install/py_srvcli/lib/python3.12/site-packages/py_srvcli
[5.804s] creating /home/ras/DUM-E_ROSCode/ros2_ws/install/py_srvcli/lib/python3.12/site-packages/scripts
[5.805s] copying /home/ras/DUM-E_ROSCode/ros2_ws/build/py_srvcli/build/lib/scripts/__init__.py -> /home/ras/DUM-E_ROSCode/ros2_ws/install/py_srvcli/lib/python3.12/site-packages/scripts
[5.806s] copying /home/ras/DUM-E_ROSCode/ros2_ws/build/py_srvcli/build/lib/scripts/uart_classes.py -> /home/ras/DUM-E_ROSCode/ros2_ws/install/py_srvcli/lib/python3.12/site-packages/scripts
[5.808s] byte-compiling /home/ras/DUM-E_ROSCode/ros2_ws/install/py_srvcli/lib/python3.12/site-packages/py_srvcli/client_arduino_function.py to client_arduino_function.cpython-312.pyc
[5.811s] byte-compiling /home/ras/DUM-E_ROSCode/ros2_ws/install/py_srvcli/lib/python3.12/site-packages/py_srvcli/__init__.py to __init__.cpython-312.pyc
[5.812s] byte-compiling /home/ras/DUM-E_ROSCode/ros2_ws/install/py_srvcli/lib/python3.12/site-packages/py_srvcli/service_arduino_function.py to service_arduino_function.cpython-312.pyc
[5.815s] byte-compiling /home/ras/DUM-E_ROSCode/ros2_ws/install/py_srvcli/lib/python3.12/site-packages/scripts/__init__.py to __init__.cpython-312.pyc
[5.817s] byte-compiling /home/ras/DUM-E_ROSCode/ros2_ws/install/py_srvcli/lib/python3.12/site-packages/scripts/uart_classes.py to uart_classes.cpython-312.pyc
[5.825s] running install_data
[5.827s] creating /home/ras/DUM-E_ROSCode/ros2_ws/install/py_srvcli/share/ament_index
[5.827s] creating /home/ras/DUM-E_ROSCode/ros2_ws/install/py_srvcli/share/ament_index/resource_index
[5.828s] creating /home/ras/DUM-E_ROSCode/ros2_ws/install/py_srvcli/share/ament_index/resource_index/packages
[5.829s] copying resource/py_srvcli -> /home/ras/DUM-E_ROSCode/ros2_ws/install/py_srvcli/share/ament_index/resource_index/packages
[5.830s] copying package.xml -> /home/ras/DUM-E_ROSCode/ros2_ws/install/py_srvcli/share/py_srvcli
[5.830s] running install_egg_info
[5.927s] Copying ../../build/py_srvcli/py_srvcli.egg-info to /home/ras/DUM-E_ROSCode/ros2_ws/install/py_srvcli/lib/python3.12/site-packages/py_srvcli-0.0.0-py3.12.egg-info
[5.933s] running install_scripts
[6.822s] Installing client script to /home/ras/DUM-E_ROSCode/ros2_ws/install/py_srvcli/lib/py_srvcli
[6.823s] Installing service script to /home/ras/DUM-E_ROSCode/ros2_ws/install/py_srvcli/lib/py_srvcli
[6.826s] writing list of installed files to '/home/ras/DUM-E_ROSCode/ros2_ws/build/py_srvcli/install.log'
[6.982s] Invoked command in '/home/ras/DUM-E_ROSCode/ros2_ws/src/py_srvcli' returned '0': DEBUGINFOD_URLS=https://debuginfod.ubuntu.com PYTHONPATH=/home/ras/DUM-E_ROSCode/ros2_ws/build/py_srvcli/prefix_override:/usr/lib/python3/dist-packages/colcon_core/task/python/colcon_distutils_commands:/home/ras/DUM-E_ROSCode/ros2_ws/install/py_srvcli/lib/python3.12/site-packages:/home/ras/DUM-E_ROSCode/ros2_ws/install/tutorial_interfaces/lib/python3.12/site-packages:/home/ras/DUM-E_ROSCode/ros2_ws/install/arduino_interfaces/lib/python3.12/site-packages:/home/ras/DUM-E_ROSCode/ros2_ws/install/py_srvcli/lib/python3.12/site-packages:/home/ras/DUM-E_ROSCode/ros2_ws/install/my_package/lib/python3.12/site-packages:/opt/ros/jazzy/lib/python3.12/site-packages /usr/bin/python3 -W ignore:setup.py install is deprecated -W ignore:easy_install command is deprecated setup.py egg_info --egg-base ../../build/py_srvcli build --build-base /home/ras/DUM-E_ROSCode/ros2_ws/build/py_srvcli/build install --record /home/ras/DUM-E_ROSCode/ros2_ws/build/py_srvcli/install.log --single-version-externally-managed install_data
