[0.109s] Invoking command in '/home/ras/DUM-E_ROSCode/ros2_ws/build/arduino_interfaces': CMAKE_PREFIX_PATH=${CMAKE_PREFIX_PATH}:/home/ras/DUM-E_ROSCode/ros2_ws/install/py_srvcli:/home/ras/DUM-E_ROSCode/ros2_ws/install/my_package:/opt/ros/jazzy DEBUGINFOD_URLS=https://debuginfod.ubuntu.com /usr/bin/cmake --build /home/ras/DUM-E_ROSCode/ros2_ws/build/arduino_interfaces -- -j4 -l4
[0.501s] [  2%] Built target arduino_interfaces__rosidl_generator_type_description
[0.599s] [  2%] Built target ament_cmake_python_copy_arduino_interfaces
[0.740s] [  4%] Built target arduino_interfaces__cpp
[0.834s] [ 22%] Built target arduino_interfaces__rosidl_generator_c
[1.146s] [ 31%] Built target arduino_interfaces__rosidl_typesupport_fastrtps_c
[1.187s] [ 40%] Built target arduino_interfaces__rosidl_typesupport_c
[1.203s] [ 50%] Built target arduino_interfaces__rosidl_typesupport_introspection_c
[1.555s] [ 59%] Built target arduino_interfaces__rosidl_typesupport_introspection_cpp
[1.599s] [ 68%] Built target arduino_interfaces__rosidl_typesupport_fastrtps_cpp
[1.644s] [ 77%] Built target arduino_interfaces__rosidl_typesupport_cpp
[1.925s] [ 77%] Built target arduino_interfaces
[2.166s] [ 79%] Built target arduino_interfaces__py
[2.478s] [ 86%] Built target arduino_interfaces__rosidl_generator_py
[2.830s] [ 90%] Built target arduino_interfaces_s__rosidl_typesupport_fastrtps_c
[2.837s] [ 95%] Built target arduino_interfaces_s__rosidl_typesupport_c
[2.851s] [100%] Built target arduino_interfaces_s__rosidl_typesupport_introspection_c
[2.889s] running egg_info
[3.045s] writing arduino_interfaces.egg-info/PKG-INFO
[3.051s] writing dependency_links to arduino_interfaces.egg-info/dependency_links.txt
[3.053s] writing top-level names to arduino_interfaces.egg-info/top_level.txt
[3.506s] reading manifest file 'arduino_interfaces.egg-info/SOURCES.txt'
[3.509s] writing manifest file 'arduino_interfaces.egg-info/SOURCES.txt'
[3.698s] [100%] Built target ament_cmake_python_build_arduino_interfaces_egg
[3.786s] Invoked command in '/home/ras/DUM-E_ROSCode/ros2_ws/build/arduino_interfaces' returned '0': CMAKE_PREFIX_PATH=${CMAKE_PREFIX_PATH}:/home/ras/DUM-E_ROSCode/ros2_ws/install/py_srvcli:/home/ras/DUM-E_ROSCode/ros2_ws/install/my_package:/opt/ros/jazzy DEBUGINFOD_URLS=https://debuginfod.ubuntu.com /usr/bin/cmake --build /home/ras/DUM-E_ROSCode/ros2_ws/build/arduino_interfaces -- -j4 -l4
[3.845s] Invoking command in '/home/ras/DUM-E_ROSCode/ros2_ws/build/arduino_interfaces': CMAKE_PREFIX_PATH=${CMAKE_PREFIX_PATH}:/home/ras/DUM-E_ROSCode/ros2_ws/install/py_srvcli:/home/ras/DUM-E_ROSCode/ros2_ws/install/my_package:/opt/ros/jazzy DEBUGINFOD_URLS=https://debuginfod.ubuntu.com /usr/bin/cmake --install /home/ras/DUM-E_ROSCode/ros2_ws/build/arduino_interfaces
[3.902s] -- Install configuration: ""
[3.909s] -- Up-to-date: /home/ras/DUM-E_ROSCode/ros2_ws/install/arduino_interfaces/share/ament_index/resource_index/rosidl_interfaces/arduino_interfaces
[3.914s] -- Up-to-date: /home/ras/DUM-E_ROSCode/ros2_ws/install/arduino_interfaces/share/arduino_interfaces/msg/Num.json
[3.915s] -- Up-to-date: /home/ras/DUM-E_ROSCode/ros2_ws/install/arduino_interfaces/share/arduino_interfaces/srv/SetJointPositions.json
[3.924s] -- Up-to-date: /home/ras/DUM-E_ROSCode/ros2_ws/install/arduino_interfaces/include/arduino_interfaces/arduino_interfaces
[3.929s] -- Up-to-date: /home/ras/DUM-E_ROSCode/ros2_ws/install/arduino_interfaces/include/arduino_interfaces/arduino_interfaces/srv
[3.932s] -- Up-to-date: /home/ras/DUM-E_ROSCode/ros2_ws/install/arduino_interfaces/include/arduino_interfaces/arduino_interfaces/srv/set_joint_positions.h
[3.933s] -- Up-to-date: /home/ras/DUM-E_ROSCode/ros2_ws/install/arduino_interfaces/include/arduino_interfaces/arduino_interfaces/srv/detail
[3.933s] -- Up-to-date: /home/ras/DUM-E_ROSCode/ros2_ws/install/arduino_interfaces/include/arduino_interfaces/arduino_interfaces/srv/detail/set_joint_positions__description.c
[3.944s] -- Up-to-date: /home/ras/DUM-E_ROSCode/ros2_ws/install/arduino_interfaces/include/arduino_interfaces/arduino_interfaces/srv/detail/set_joint_positions__type_support.h
[3.949s] -- Up-to-date: /home/ras/DUM-E_ROSCode/ros2_ws/install/arduino_interfaces/include/arduino_interfaces/arduino_interfaces/srv/detail/set_joint_positions__functions.h
[3.952s] -- Up-to-date: /home/ras/DUM-E_ROSCode/ros2_ws/install/arduino_interfaces/include/arduino_interfaces/arduino_interfaces/srv/detail/set_joint_positions__functions.c
[3.953s] -- Up-to-date: /home/ras/DUM-E_ROSCode/ros2_ws/install/arduino_interfaces/include/arduino_interfaces/arduino_interfaces/srv/detail/set_joint_positions__struct.h
[3.953s] -- Installing: /home/ras/DUM-E_ROSCode/ros2_ws/install/arduino_interfaces/include/arduino_interfaces/arduino_interfaces/srv/detail/set_joint_positions__type_support.c
[3.954s] -- Up-to-date: /home/ras/DUM-E_ROSCode/ros2_ws/install/arduino_interfaces/include/arduino_interfaces/arduino_interfaces/msg
[3.954s] -- Up-to-date: /home/ras/DUM-E_ROSCode/ros2_ws/install/arduino_interfaces/include/arduino_interfaces/arduino_interfaces/msg/rosidl_generator_c__visibility_control.h
[3.955s] -- Up-to-date: /home/ras/DUM-E_ROSCode/ros2_ws/install/arduino_interfaces/include/arduino_interfaces/arduino_interfaces/msg/detail
[3.960s] -- Up-to-date: /home/ras/DUM-E_ROSCode/ros2_ws/install/arduino_interfaces/include/arduino_interfaces/arduino_interfaces/msg/detail/num__struct.h
[3.961s] -- Up-to-date: /home/ras/DUM-E_ROSCode/ros2_ws/install/arduino_interfaces/include/arduino_interfaces/arduino_interfaces/msg/detail/num__functions.h
[3.962s] -- Up-to-date: /home/ras/DUM-E_ROSCode/ros2_ws/install/arduino_interfaces/include/arduino_interfaces/arduino_interfaces/msg/detail/num__type_support.h
[3.962s] -- Up-to-date: /home/ras/DUM-E_ROSCode/ros2_ws/install/arduino_interfaces/include/arduino_interfaces/arduino_interfaces/msg/detail/num__functions.c
[3.963s] -- Up-to-date: /home/ras/DUM-E_ROSCode/ros2_ws/install/arduino_interfaces/include/arduino_interfaces/arduino_interfaces/msg/detail/num__description.c
[3.967s] -- Installing: /home/ras/DUM-E_ROSCode/ros2_ws/install/arduino_interfaces/include/arduino_interfaces/arduino_interfaces/msg/detail/num__type_support.c
[3.968s] -- Up-to-date: /home/ras/DUM-E_ROSCode/ros2_ws/install/arduino_interfaces/include/arduino_interfaces/arduino_interfaces/msg/num.h
[3.972s] -- Up-to-date: /home/ras/DUM-E_ROSCode/ros2_ws/install/arduino_interfaces/share/arduino_interfaces/environment/library_path.sh
[3.973s] -- Up-to-date: /home/ras/DUM-E_ROSCode/ros2_ws/install/arduino_interfaces/share/arduino_interfaces/environment/library_path.dsv
[3.974s] -- Up-to-date: /home/ras/DUM-E_ROSCode/ros2_ws/install/arduino_interfaces/lib/libarduino_interfaces__rosidl_generator_c.so
[3.974s] -- Up-to-date: /home/ras/DUM-E_ROSCode/ros2_ws/install/arduino_interfaces/include/arduino_interfaces/arduino_interfaces
[3.975s] -- Up-to-date: /home/ras/DUM-E_ROSCode/ros2_ws/install/arduino_interfaces/include/arduino_interfaces/arduino_interfaces/srv
[3.975s] -- Up-to-date: /home/ras/DUM-E_ROSCode/ros2_ws/install/arduino_interfaces/include/arduino_interfaces/arduino_interfaces/srv/detail
[3.976s] -- Up-to-date: /home/ras/DUM-E_ROSCode/ros2_ws/install/arduino_interfaces/include/arduino_interfaces/arduino_interfaces/srv/detail/set_joint_positions__rosidl_typesupport_fastrtps_c.h
[3.976s] -- Up-to-date: /home/ras/DUM-E_ROSCode/ros2_ws/install/arduino_interfaces/include/arduino_interfaces/arduino_interfaces/msg
[3.977s] -- Up-to-date: /home/ras/DUM-E_ROSCode/ros2_ws/install/arduino_interfaces/include/arduino_interfaces/arduino_interfaces/msg/rosidl_typesupport_fastrtps_c__visibility_control.h
[3.977s] -- Up-to-date: /home/ras/DUM-E_ROSCode/ros2_ws/install/arduino_interfaces/include/arduino_interfaces/arduino_interfaces/msg/detail
[3.978s] -- Up-to-date: /home/ras/DUM-E_ROSCode/ros2_ws/install/arduino_interfaces/include/arduino_interfaces/arduino_interfaces/msg/detail/num__rosidl_typesupport_fastrtps_c.h
[3.979s] -- Up-to-date: /home/ras/DUM-E_ROSCode/ros2_ws/install/arduino_interfaces/lib/libarduino_interfaces__rosidl_typesupport_fastrtps_c.so
[3.979s] -- Up-to-date: /home/ras/DUM-E_ROSCode/ros2_ws/install/arduino_interfaces/include/arduino_interfaces/arduino_interfaces
[3.980s] -- Up-to-date: /home/ras/DUM-E_ROSCode/ros2_ws/install/arduino_interfaces/include/arduino_interfaces/arduino_interfaces/srv
[3.981s] -- Up-to-date: /home/ras/DUM-E_ROSCode/ros2_ws/install/arduino_interfaces/include/arduino_interfaces/arduino_interfaces/srv/detail
[3.981s] -- Up-to-date: /home/ras/DUM-E_ROSCode/ros2_ws/install/arduino_interfaces/include/arduino_interfaces/arduino_interfaces/srv/detail/set_joint_positions__rosidl_typesupport_introspection_c.h
[3.982s] -- Installing: /home/ras/DUM-E_ROSCode/ros2_ws/install/arduino_interfaces/include/arduino_interfaces/arduino_interfaces/srv/detail/set_joint_positions__type_support.c
[3.982s] -- Up-to-date: /home/ras/DUM-E_ROSCode/ros2_ws/install/arduino_interfaces/include/arduino_interfaces/arduino_interfaces/msg
[3.983s] -- Up-to-date: /home/ras/DUM-E_ROSCode/ros2_ws/install/arduino_interfaces/include/arduino_interfaces/arduino_interfaces/msg/detail
[3.983s] -- Up-to-date: /home/ras/DUM-E_ROSCode/ros2_ws/install/arduino_interfaces/include/arduino_interfaces/arduino_interfaces/msg/detail/num__rosidl_typesupport_introspection_c.h
[3.984s] -- Installing: /home/ras/DUM-E_ROSCode/ros2_ws/install/arduino_interfaces/include/arduino_interfaces/arduino_interfaces/msg/detail/num__type_support.c
[3.985s] -- Up-to-date: /home/ras/DUM-E_ROSCode/ros2_ws/install/arduino_interfaces/include/arduino_interfaces/arduino_interfaces/msg/rosidl_typesupport_introspection_c__visibility_control.h
[3.985s] -- Up-to-date: /home/ras/DUM-E_ROSCode/ros2_ws/install/arduino_interfaces/lib/libarduino_interfaces__rosidl_typesupport_introspection_c.so
[3.986s] -- Up-to-date: /home/ras/DUM-E_ROSCode/ros2_ws/install/arduino_interfaces/lib/libarduino_interfaces__rosidl_typesupport_c.so
[3.987s] -- Up-to-date: /home/ras/DUM-E_ROSCode/ros2_ws/install/arduino_interfaces/include/arduino_interfaces/arduino_interfaces
[3.987s] -- Up-to-date: /home/ras/DUM-E_ROSCode/ros2_ws/install/arduino_interfaces/include/arduino_interfaces/arduino_interfaces/srv
[3.988s] -- Up-to-date: /home/ras/DUM-E_ROSCode/ros2_ws/install/arduino_interfaces/include/arduino_interfaces/arduino_interfaces/srv/set_joint_positions.hpp
[3.989s] -- Up-to-date: /home/ras/DUM-E_ROSCode/ros2_ws/install/arduino_interfaces/include/arduino_interfaces/arduino_interfaces/srv/detail
[3.990s] -- Up-to-date: /home/ras/DUM-E_ROSCode/ros2_ws/install/arduino_interfaces/include/arduino_interfaces/arduino_interfaces/srv/detail/set_joint_positions__struct.hpp
[3.990s] -- Up-to-date: /home/ras/DUM-E_ROSCode/ros2_ws/install/arduino_interfaces/include/arduino_interfaces/arduino_interfaces/srv/detail/set_joint_positions__type_support.hpp
[3.991s] -- Up-to-date: /home/ras/DUM-E_ROSCode/ros2_ws/install/arduino_interfaces/include/arduino_interfaces/arduino_interfaces/srv/detail/set_joint_positions__builder.hpp
[3.991s] -- Up-to-date: /home/ras/DUM-E_ROSCode/ros2_ws/install/arduino_interfaces/include/arduino_interfaces/arduino_interfaces/srv/detail/set_joint_positions__traits.hpp
[3.992s] -- Up-to-date: /home/ras/DUM-E_ROSCode/ros2_ws/install/arduino_interfaces/include/arduino_interfaces/arduino_interfaces/msg
[3.992s] -- Up-to-date: /home/ras/DUM-E_ROSCode/ros2_ws/install/arduino_interfaces/include/arduino_interfaces/arduino_interfaces/msg/detail
[3.993s] -- Up-to-date: /home/ras/DUM-E_ROSCode/ros2_ws/install/arduino_interfaces/include/arduino_interfaces/arduino_interfaces/msg/detail/num__struct.hpp
[3.993s] -- Up-to-date: /home/ras/DUM-E_ROSCode/ros2_ws/install/arduino_interfaces/include/arduino_interfaces/arduino_interfaces/msg/detail/num__builder.hpp
[3.994s] -- Up-to-date: /home/ras/DUM-E_ROSCode/ros2_ws/install/arduino_interfaces/include/arduino_interfaces/arduino_interfaces/msg/detail/num__type_support.hpp
[3.995s] -- Up-to-date: /home/ras/DUM-E_ROSCode/ros2_ws/install/arduino_interfaces/include/arduino_interfaces/arduino_interfaces/msg/detail/num__traits.hpp
[3.995s] -- Up-to-date: /home/ras/DUM-E_ROSCode/ros2_ws/install/arduino_interfaces/include/arduino_interfaces/arduino_interfaces/msg/num.hpp
[3.996s] -- Up-to-date: /home/ras/DUM-E_ROSCode/ros2_ws/install/arduino_interfaces/include/arduino_interfaces/arduino_interfaces/msg/rosidl_generator_cpp__visibility_control.hpp
[3.996s] -- Up-to-date: /home/ras/DUM-E_ROSCode/ros2_ws/install/arduino_interfaces/include/arduino_interfaces/arduino_interfaces
[3.997s] -- Up-to-date: /home/ras/DUM-E_ROSCode/ros2_ws/install/arduino_interfaces/include/arduino_interfaces/arduino_interfaces/srv
[3.997s] -- Up-to-date: /home/ras/DUM-E_ROSCode/ros2_ws/install/arduino_interfaces/include/arduino_interfaces/arduino_interfaces/srv/detail
[3.998s] -- Up-to-date: /home/ras/DUM-E_ROSCode/ros2_ws/install/arduino_interfaces/include/arduino_interfaces/arduino_interfaces/srv/detail/dds_fastrtps
[3.998s] -- Up-to-date: /home/ras/DUM-E_ROSCode/ros2_ws/install/arduino_interfaces/include/arduino_interfaces/arduino_interfaces/srv/detail/set_joint_positions__rosidl_typesupport_fastrtps_cpp.hpp
[3.999s] -- Up-to-date: /home/ras/DUM-E_ROSCode/ros2_ws/install/arduino_interfaces/include/arduino_interfaces/arduino_interfaces/msg
[3.999s] -- Up-to-date: /home/ras/DUM-E_ROSCode/ros2_ws/install/arduino_interfaces/include/arduino_interfaces/arduino_interfaces/msg/detail
[4.000s] -- Up-to-date: /home/ras/DUM-E_ROSCode/ros2_ws/install/arduino_interfaces/include/arduino_interfaces/arduino_interfaces/msg/detail/num__rosidl_typesupport_fastrtps_cpp.hpp
[4.001s] -- Up-to-date: /home/ras/DUM-E_ROSCode/ros2_ws/install/arduino_interfaces/include/arduino_interfaces/arduino_interfaces/msg/detail/dds_fastrtps
[4.001s] -- Up-to-date: /home/ras/DUM-E_ROSCode/ros2_ws/install/arduino_interfaces/include/arduino_interfaces/arduino_interfaces/msg/rosidl_typesupport_fastrtps_cpp__visibility_control.h
[4.002s] -- Up-to-date: /home/ras/DUM-E_ROSCode/ros2_ws/install/arduino_interfaces/lib/libarduino_interfaces__rosidl_typesupport_fastrtps_cpp.so
[4.005s] -- Up-to-date: /home/ras/DUM-E_ROSCode/ros2_ws/install/arduino_interfaces/include/arduino_interfaces/arduino_interfaces
[4.007s] -- Up-to-date: /home/ras/DUM-E_ROSCode/ros2_ws/install/arduino_interfaces/include/arduino_interfaces/arduino_interfaces/srv
[4.013s] -- Up-to-date: /home/ras/DUM-E_ROSCode/ros2_ws/install/arduino_interfaces/include/arduino_interfaces/arduino_interfaces/srv/detail
[4.014s] -- Up-to-date: /home/ras/DUM-E_ROSCode/ros2_ws/install/arduino_interfaces/include/arduino_interfaces/arduino_interfaces/srv/detail/set_joint_positions__type_support.cpp
[4.018s] -- Up-to-date: /home/ras/DUM-E_ROSCode/ros2_ws/install/arduino_interfaces/include/arduino_interfaces/arduino_interfaces/srv/detail/set_joint_positions__rosidl_typesupport_introspection_cpp.hpp
[4.023s] -- Up-to-date: /home/ras/DUM-E_ROSCode/ros2_ws/install/arduino_interfaces/include/arduino_interfaces/arduino_interfaces/msg
[4.024s] -- Up-to-date: /home/ras/DUM-E_ROSCode/ros2_ws/install/arduino_interfaces/include/arduino_interfaces/arduino_interfaces/msg/detail
[4.026s] -- Up-to-date: /home/ras/DUM-E_ROSCode/ros2_ws/install/arduino_interfaces/include/arduino_interfaces/arduino_interfaces/msg/detail/num__rosidl_typesupport_introspection_cpp.hpp
[4.030s] -- Up-to-date: /home/ras/DUM-E_ROSCode/ros2_ws/install/arduino_interfaces/include/arduino_interfaces/arduino_interfaces/msg/detail/num__type_support.cpp
[4.031s] -- Up-to-date: /home/ras/DUM-E_ROSCode/ros2_ws/install/arduino_interfaces/lib/libarduino_interfaces__rosidl_typesupport_introspection_cpp.so
[4.036s] -- Up-to-date: /home/ras/DUM-E_ROSCode/ros2_ws/install/arduino_interfaces/lib/libarduino_interfaces__rosidl_typesupport_cpp.so
[4.037s] -- Up-to-date: /home/ras/DUM-E_ROSCode/ros2_ws/install/arduino_interfaces/share/arduino_interfaces/environment/pythonpath.sh
[4.040s] -- Up-to-date: /home/ras/DUM-E_ROSCode/ros2_ws/install/arduino_interfaces/share/arduino_interfaces/environment/pythonpath.dsv
[4.043s] -- Up-to-date: /home/ras/DUM-E_ROSCode/ros2_ws/install/arduino_interfaces/lib/python3.12/site-packages/arduino_interfaces-0.0.0-py3.12.egg-info
[4.048s] -- Installing: /home/ras/DUM-E_ROSCode/ros2_ws/install/arduino_interfaces/lib/python3.12/site-packages/arduino_interfaces-0.0.0-py3.12.egg-info/dependency_links.txt
[4.049s] -- Installing: /home/ras/DUM-E_ROSCode/ros2_ws/install/arduino_interfaces/lib/python3.12/site-packages/arduino_interfaces-0.0.0-py3.12.egg-info/PKG-INFO
[4.054s] -- Installing: /home/ras/DUM-E_ROSCode/ros2_ws/install/arduino_interfaces/lib/python3.12/site-packages/arduino_interfaces-0.0.0-py3.12.egg-info/top_level.txt
[4.055s] -- Installing: /home/ras/DUM-E_ROSCode/ros2_ws/install/arduino_interfaces/lib/python3.12/site-packages/arduino_interfaces-0.0.0-py3.12.egg-info/SOURCES.txt
[4.060s] -- Up-to-date: /home/ras/DUM-E_ROSCode/ros2_ws/install/arduino_interfaces/lib/python3.12/site-packages/arduino_interfaces
[4.061s] -- Up-to-date: /home/ras/DUM-E_ROSCode/ros2_ws/install/arduino_interfaces/lib/python3.12/site-packages/arduino_interfaces/_arduino_interfaces_s.ep.rosidl_typesupport_fastrtps_c.c
[4.067s] -- Up-to-date: /home/ras/DUM-E_ROSCode/ros2_ws/install/arduino_interfaces/lib/python3.12/site-packages/arduino_interfaces/arduino_interfaces_s__rosidl_typesupport_fastrtps_c.so
[4.068s] -- Up-to-date: /home/ras/DUM-E_ROSCode/ros2_ws/install/arduino_interfaces/lib/python3.12/site-packages/arduino_interfaces/_arduino_interfaces_s.ep.rosidl_typesupport_c.c
[4.069s] -- Up-to-date: /home/ras/DUM-E_ROSCode/ros2_ws/install/arduino_interfaces/lib/python3.12/site-packages/arduino_interfaces/arduino_interfaces_s__rosidl_typesupport_c.so
[4.069s] -- Up-to-date: /home/ras/DUM-E_ROSCode/ros2_ws/install/arduino_interfaces/lib/python3.12/site-packages/arduino_interfaces/srv
[4.078s] -- Up-to-date: /home/ras/DUM-E_ROSCode/ros2_ws/install/arduino_interfaces/lib/python3.12/site-packages/arduino_interfaces/srv/_set_joint_positions_s.c
[4.079s] -- Up-to-date: /home/ras/DUM-E_ROSCode/ros2_ws/install/arduino_interfaces/lib/python3.12/site-packages/arduino_interfaces/srv/_set_joint_positions.py
[4.086s] -- Up-to-date: /home/ras/DUM-E_ROSCode/ros2_ws/install/arduino_interfaces/lib/python3.12/site-packages/arduino_interfaces/srv/__init__.py
[4.090s] -- Up-to-date: /home/ras/DUM-E_ROSCode/ros2_ws/install/arduino_interfaces/lib/python3.12/site-packages/arduino_interfaces/arduino_interfaces_s__rosidl_typesupport_introspection_c.so
[4.097s] -- Up-to-date: /home/ras/DUM-E_ROSCode/ros2_ws/install/arduino_interfaces/lib/python3.12/site-packages/arduino_interfaces/_arduino_interfaces_s.ep.rosidl_typesupport_introspection_c.c
[4.098s] -- Up-to-date: /home/ras/DUM-E_ROSCode/ros2_ws/install/arduino_interfaces/lib/python3.12/site-packages/arduino_interfaces/__init__.py
[4.102s] -- Up-to-date: /home/ras/DUM-E_ROSCode/ros2_ws/install/arduino_interfaces/lib/python3.12/site-packages/arduino_interfaces/msg
[4.103s] -- Up-to-date: /home/ras/DUM-E_ROSCode/ros2_ws/install/arduino_interfaces/lib/python3.12/site-packages/arduino_interfaces/msg/_num_s.c
[4.113s] -- Up-to-date: /home/ras/DUM-E_ROSCode/ros2_ws/install/arduino_interfaces/lib/python3.12/site-packages/arduino_interfaces/msg/__init__.py
[4.114s] -- Up-to-date: /home/ras/DUM-E_ROSCode/ros2_ws/install/arduino_interfaces/lib/python3.12/site-packages/arduino_interfaces/msg/_num.py
[4.299s] Listing '/home/ras/DUM-E_ROSCode/ros2_ws/install/arduino_interfaces/lib/python3.12/site-packages/arduino_interfaces'...
[4.299s] Listing '/home/ras/DUM-E_ROSCode/ros2_ws/install/arduino_interfaces/lib/python3.12/site-packages/arduino_interfaces/msg'...
[4.300s] Listing '/home/ras/DUM-E_ROSCode/ros2_ws/install/arduino_interfaces/lib/python3.12/site-packages/arduino_interfaces/srv'...
[4.339s] -- Up-to-date: /home/ras/DUM-E_ROSCode/ros2_ws/install/arduino_interfaces/lib/python3.12/site-packages/arduino_interfaces/arduino_interfaces_s__rosidl_typesupport_fastrtps_c.so
[4.342s] -- Up-to-date: /home/ras/DUM-E_ROSCode/ros2_ws/install/arduino_interfaces/lib/python3.12/site-packages/arduino_interfaces/arduino_interfaces_s__rosidl_typesupport_introspection_c.so
[4.346s] -- Up-to-date: /home/ras/DUM-E_ROSCode/ros2_ws/install/arduino_interfaces/lib/python3.12/site-packages/arduino_interfaces/arduino_interfaces_s__rosidl_typesupport_c.so
[4.347s] -- Up-to-date: /home/ras/DUM-E_ROSCode/ros2_ws/install/arduino_interfaces/lib/libarduino_interfaces__rosidl_generator_py.so
[4.348s] -- Up-to-date: /home/ras/DUM-E_ROSCode/ros2_ws/install/arduino_interfaces/share/arduino_interfaces/msg/Num.idl
[4.350s] -- Up-to-date: /home/ras/DUM-E_ROSCode/ros2_ws/install/arduino_interfaces/share/arduino_interfaces/srv/SetJointPositions.idl
[4.355s] -- Up-to-date: /home/ras/DUM-E_ROSCode/ros2_ws/install/arduino_interfaces/share/arduino_interfaces/msg/Num.msg
[4.356s] -- Up-to-date: /home/ras/DUM-E_ROSCode/ros2_ws/install/arduino_interfaces/share/arduino_interfaces/srv/SetJointPositions.srv
[4.356s] -- Up-to-date: /home/ras/DUM-E_ROSCode/ros2_ws/install/arduino_interfaces/share/ament_index/resource_index/package_run_dependencies/arduino_interfaces
[4.357s] -- Up-to-date: /home/ras/DUM-E_ROSCode/ros2_ws/install/arduino_interfaces/share/ament_index/resource_index/parent_prefix_path/arduino_interfaces
[4.357s] -- Up-to-date: /home/ras/DUM-E_ROSCode/ros2_ws/install/arduino_interfaces/share/arduino_interfaces/environment/ament_prefix_path.sh
[4.362s] -- Up-to-date: /home/ras/DUM-E_ROSCode/ros2_ws/install/arduino_interfaces/share/arduino_interfaces/environment/ament_prefix_path.dsv
[4.365s] -- Up-to-date: /home/ras/DUM-E_ROSCode/ros2_ws/install/arduino_interfaces/share/arduino_interfaces/environment/path.sh
[4.367s] -- Up-to-date: /home/ras/DUM-E_ROSCode/ros2_ws/install/arduino_interfaces/share/arduino_interfaces/environment/path.dsv
[4.368s] -- Up-to-date: /home/ras/DUM-E_ROSCode/ros2_ws/install/arduino_interfaces/share/arduino_interfaces/local_setup.bash
[4.370s] -- Up-to-date: /home/ras/DUM-E_ROSCode/ros2_ws/install/arduino_interfaces/share/arduino_interfaces/local_setup.sh
[4.371s] -- Up-to-date: /home/ras/DUM-E_ROSCode/ros2_ws/install/arduino_interfaces/share/arduino_interfaces/local_setup.zsh
[4.374s] -- Up-to-date: /home/ras/DUM-E_ROSCode/ros2_ws/install/arduino_interfaces/share/arduino_interfaces/local_setup.dsv
[4.374s] -- Installing: /home/ras/DUM-E_ROSCode/ros2_ws/install/arduino_interfaces/share/arduino_interfaces/package.dsv
[4.389s] -- Up-to-date: /home/ras/DUM-E_ROSCode/ros2_ws/install/arduino_interfaces/share/ament_index/resource_index/packages/arduino_interfaces
[4.442s] -- Up-to-date: /home/ras/DUM-E_ROSCode/ros2_ws/install/arduino_interfaces/share/arduino_interfaces/cmake/export_arduino_interfaces__rosidl_generator_cExport.cmake
[4.446s] -- Up-to-date: /home/ras/DUM-E_ROSCode/ros2_ws/install/arduino_interfaces/share/arduino_interfaces/cmake/export_arduino_interfaces__rosidl_generator_cExport-noconfig.cmake
[4.460s] -- Up-to-date: /home/ras/DUM-E_ROSCode/ros2_ws/install/arduino_interfaces/share/arduino_interfaces/cmake/export_arduino_interfaces__rosidl_typesupport_fastrtps_cExport.cmake
[4.477s] -- Up-to-date: /home/ras/DUM-E_ROSCode/ros2_ws/install/arduino_interfaces/share/arduino_interfaces/cmake/export_arduino_interfaces__rosidl_typesupport_fastrtps_cExport-noconfig.cmake
[4.484s] -- Up-to-date: /home/ras/DUM-E_ROSCode/ros2_ws/install/arduino_interfaces/share/arduino_interfaces/cmake/arduino_interfaces__rosidl_typesupport_introspection_cExport.cmake
[4.486s] -- Up-to-date: /home/ras/DUM-E_ROSCode/ros2_ws/install/arduino_interfaces/share/arduino_interfaces/cmake/arduino_interfaces__rosidl_typesupport_introspection_cExport-noconfig.cmake
[4.492s] -- Up-to-date: /home/ras/DUM-E_ROSCode/ros2_ws/install/arduino_interfaces/share/arduino_interfaces/cmake/arduino_interfaces__rosidl_typesupport_cExport.cmake
[4.493s] -- Up-to-date: /home/ras/DUM-E_ROSCode/ros2_ws/install/arduino_interfaces/share/arduino_interfaces/cmake/arduino_interfaces__rosidl_typesupport_cExport-noconfig.cmake
[4.509s] -- Up-to-date: /home/ras/DUM-E_ROSCode/ros2_ws/install/arduino_interfaces/share/arduino_interfaces/cmake/export_arduino_interfaces__rosidl_generator_cppExport.cmake
[4.528s] -- Up-to-date: /home/ras/DUM-E_ROSCode/ros2_ws/install/arduino_interfaces/share/arduino_interfaces/cmake/export_arduino_interfaces__rosidl_typesupport_fastrtps_cppExport.cmake
[4.535s] -- Up-to-date: /home/ras/DUM-E_ROSCode/ros2_ws/install/arduino_interfaces/share/arduino_interfaces/cmake/export_arduino_interfaces__rosidl_typesupport_fastrtps_cppExport-noconfig.cmake
[4.563s] -- Up-to-date: /home/ras/DUM-E_ROSCode/ros2_ws/install/arduino_interfaces/share/arduino_interfaces/cmake/arduino_interfaces__rosidl_typesupport_introspection_cppExport.cmake
[4.571s] -- Up-to-date: /home/ras/DUM-E_ROSCode/ros2_ws/install/arduino_interfaces/share/arduino_interfaces/cmake/arduino_interfaces__rosidl_typesupport_introspection_cppExport-noconfig.cmake
[4.585s] -- Up-to-date: /home/ras/DUM-E_ROSCode/ros2_ws/install/arduino_interfaces/share/arduino_interfaces/cmake/arduino_interfaces__rosidl_typesupport_cppExport.cmake
[4.588s] -- Up-to-date: /home/ras/DUM-E_ROSCode/ros2_ws/install/arduino_interfaces/share/arduino_interfaces/cmake/arduino_interfaces__rosidl_typesupport_cppExport-noconfig.cmake
[4.596s] -- Up-to-date: /home/ras/DUM-E_ROSCode/ros2_ws/install/arduino_interfaces/share/arduino_interfaces/cmake/export_arduino_interfaces__rosidl_generator_pyExport.cmake
[4.603s] -- Up-to-date: /home/ras/DUM-E_ROSCode/ros2_ws/install/arduino_interfaces/share/arduino_interfaces/cmake/export_arduino_interfaces__rosidl_generator_pyExport-noconfig.cmake
[4.618s] -- Up-to-date: /home/ras/DUM-E_ROSCode/ros2_ws/install/arduino_interfaces/share/arduino_interfaces/cmake/rosidl_cmake-extras.cmake
[4.623s] -- Up-to-date: /home/ras/DUM-E_ROSCode/ros2_ws/install/arduino_interfaces/share/arduino_interfaces/cmake/ament_cmake_export_dependencies-extras.cmake
[4.624s] -- Up-to-date: /home/ras/DUM-E_ROSCode/ros2_ws/install/arduino_interfaces/share/arduino_interfaces/cmake/ament_cmake_export_include_directories-extras.cmake
[4.624s] -- Up-to-date: /home/ras/DUM-E_ROSCode/ros2_ws/install/arduino_interfaces/share/arduino_interfaces/cmake/ament_cmake_export_libraries-extras.cmake
[4.625s] -- Up-to-date: /home/ras/DUM-E_ROSCode/ros2_ws/install/arduino_interfaces/share/arduino_interfaces/cmake/ament_cmake_export_targets-extras.cmake
[4.664s] -- Up-to-date: /home/ras/DUM-E_ROSCode/ros2_ws/install/arduino_interfaces/share/arduino_interfaces/cmake/rosidl_cmake_export_typesupport_targets-extras.cmake
[4.676s] -- Up-to-date: /home/ras/DUM-E_ROSCode/ros2_ws/install/arduino_interfaces/share/arduino_interfaces/cmake/rosidl_cmake_export_typesupport_libraries-extras.cmake
[4.677s] -- Up-to-date: /home/ras/DUM-E_ROSCode/ros2_ws/install/arduino_interfaces/share/arduino_interfaces/cmake/arduino_interfacesConfig.cmake
[4.684s] -- Up-to-date: /home/ras/DUM-E_ROSCode/ros2_ws/install/arduino_interfaces/share/arduino_interfaces/cmake/arduino_interfacesConfig-version.cmake
[4.698s] -- Up-to-date: /home/ras/DUM-E_ROSCode/ros2_ws/install/arduino_interfaces/share/arduino_interfaces/package.xml
[4.737s] Invoked command in '/home/ras/DUM-E_ROSCode/ros2_ws/build/arduino_interfaces' returned '0': CMAKE_PREFIX_PATH=${CMAKE_PREFIX_PATH}:/home/ras/DUM-E_ROSCode/ros2_ws/install/py_srvcli:/home/ras/DUM-E_ROSCode/ros2_ws/install/my_package:/opt/ros/jazzy DEBUGINFOD_URLS=https://debuginfod.ubuntu.com /usr/bin/cmake --install /home/ras/DUM-E_ROSCode/ros2_ws/build/arduino_interfaces
