[0.455s] DEBUG:colcon:Command line arguments: ['/usr/bin/colcon', 'build']
[0.456s] DEBUG:colcon:Parsed command line arguments: Namespace(log_base=None, log_level=None, verb_name='build', build_base='build', install_base='install', merge_install=False, symlink_install=False, test_result_base=None, continue_on_error=False, executor='parallel', parallel_workers=4, event_handlers=None, ignore_user_meta=False, metas=['./colcon.meta'], base_paths=['.'], packages_ignore=None, packages_ignore_regex=None, paths=None, packages_up_to=None, packages_up_to_regex=None, packages_above=None, packages_above_and_dependencies=None, packages_above_depth=None, packages_select_by_dep=None, packages_skip_by_dep=None, packages_skip_up_to=None, packages_select_build_failed=False, packages_skip_build_finished=False, packages_select_test_failures=False, packages_skip_test_passed=False, packages_select=None, packages_skip=None, packages_select_regex=None, packages_skip_regex=None, packages_start=None, packages_end=None, allow_overriding=[], cmake_args=None, cmake_target=None, cmake_target_skip_unavailable=False, cmake_clean_cache=False, cmake_clean_first=False, cmake_force_configure=False, ament_cmake_args=None, catkin_cmake_args=None, catkin_skip_building_tests=False, mixin_files=None, mixin=None, verb_parser=<colcon_mixin.mixin.mixin_argument.MixinArgumentDecorator object at 0xffffa9a600e0>, verb_extension=<colcon_core.verb.build.BuildVerb object at 0xffffa9bc86e0>, main=<bound method BuildVerb.main of <colcon_core.verb.build.BuildVerb object at 0xffffa9bc86e0>>, mixin_verb=('build',))
[0.625s] Level 1:colcon.colcon_core.package_discovery:discover_packages(colcon_meta) check parameters
[0.626s] Level 1:colcon.colcon_core.package_discovery:discover_packages(recursive) check parameters
[0.626s] Level 1:colcon.colcon_core.package_discovery:discover_packages(ignore) check parameters
[0.626s] Level 1:colcon.colcon_core.package_discovery:discover_packages(path) check parameters
[0.626s] Level 1:colcon.colcon_core.package_discovery:discover_packages(colcon_meta) discover
[0.626s] Level 1:colcon.colcon_core.package_discovery:discover_packages(recursive) discover
[0.627s] INFO:colcon.colcon_core.package_discovery:Crawling recursively for packages in '/home/ras/DUM-E_ROSCode/ros2_ws'
[0.627s] Level 1:colcon.colcon_core.package_identification:_identify(.) by extensions ['ignore', 'ignore_ament_install']
[0.627s] Level 1:colcon.colcon_core.package_identification:_identify(.) by extension 'ignore'
[0.627s] Level 1:colcon.colcon_core.package_identification:_identify(.) by extension 'ignore_ament_install'
[0.628s] Level 1:colcon.colcon_core.package_identification:_identify(.) by extensions ['colcon_pkg']
[0.628s] Level 1:colcon.colcon_core.package_identification:_identify(.) by extension 'colcon_pkg'
[0.628s] Level 1:colcon.colcon_core.package_identification:_identify(.) by extensions ['colcon_meta']
[0.628s] Level 1:colcon.colcon_core.package_identification:_identify(.) by extension 'colcon_meta'
[0.628s] Level 1:colcon.colcon_core.package_identification:_identify(.) by extensions ['ros']
[0.628s] Level 1:colcon.colcon_core.package_identification:_identify(.) by extension 'ros'
[0.731s] Level 1:colcon.colcon_core.package_identification:_identify(.) by extensions ['cmake', 'python']
[0.732s] Level 1:colcon.colcon_core.package_identification:_identify(.) by extension 'cmake'
[0.732s] Level 1:colcon.colcon_core.package_identification:_identify(.) by extension 'python'
[0.732s] Level 1:colcon.colcon_core.package_identification:_identify(.) by extensions ['python_setup_py']
[0.732s] Level 1:colcon.colcon_core.package_identification:_identify(.) by extension 'python_setup_py'
[0.733s] Level 1:colcon.colcon_core.package_identification:_identify(build) by extensions ['ignore', 'ignore_ament_install']
[0.733s] Level 1:colcon.colcon_core.package_identification:_identify(build) by extension 'ignore'
[0.733s] Level 1:colcon.colcon_core.package_identification:_identify(build) ignored
[0.734s] Level 1:colcon.colcon_core.package_identification:_identify(install) by extensions ['ignore', 'ignore_ament_install']
[0.734s] Level 1:colcon.colcon_core.package_identification:_identify(install) by extension 'ignore'
[0.734s] Level 1:colcon.colcon_core.package_identification:_identify(install) ignored
[0.734s] Level 1:colcon.colcon_core.package_identification:_identify(log) by extensions ['ignore', 'ignore_ament_install']
[0.735s] Level 1:colcon.colcon_core.package_identification:_identify(log) by extension 'ignore'
[0.735s] Level 1:colcon.colcon_core.package_identification:_identify(log) ignored
[0.735s] Level 1:colcon.colcon_core.package_identification:_identify(src) by extensions ['ignore', 'ignore_ament_install']
[0.735s] Level 1:colcon.colcon_core.package_identification:_identify(src) by extension 'ignore'
[0.736s] Level 1:colcon.colcon_core.package_identification:_identify(src) by extension 'ignore_ament_install'
[0.736s] Level 1:colcon.colcon_core.package_identification:_identify(src) by extensions ['colcon_pkg']
[0.736s] Level 1:colcon.colcon_core.package_identification:_identify(src) by extension 'colcon_pkg'
[0.736s] Level 1:colcon.colcon_core.package_identification:_identify(src) by extensions ['colcon_meta']
[0.736s] Level 1:colcon.colcon_core.package_identification:_identify(src) by extension 'colcon_meta'
[0.736s] Level 1:colcon.colcon_core.package_identification:_identify(src) by extensions ['ros']
[0.736s] Level 1:colcon.colcon_core.package_identification:_identify(src) by extension 'ros'
[0.737s] Level 1:colcon.colcon_core.package_identification:_identify(src) by extensions ['cmake', 'python']
[0.737s] Level 1:colcon.colcon_core.package_identification:_identify(src) by extension 'cmake'
[0.737s] Level 1:colcon.colcon_core.package_identification:_identify(src) by extension 'python'
[0.737s] Level 1:colcon.colcon_core.package_identification:_identify(src) by extensions ['python_setup_py']
[0.737s] Level 1:colcon.colcon_core.package_identification:_identify(src) by extension 'python_setup_py'
[0.738s] Level 1:colcon.colcon_core.package_identification:_identify(src/arduino_interfaces) by extensions ['ignore', 'ignore_ament_install']
[0.738s] Level 1:colcon.colcon_core.package_identification:_identify(src/arduino_interfaces) by extension 'ignore'
[0.738s] Level 1:colcon.colcon_core.package_identification:_identify(src/arduino_interfaces) by extension 'ignore_ament_install'
[0.738s] Level 1:colcon.colcon_core.package_identification:_identify(src/arduino_interfaces) by extensions ['colcon_pkg']
[0.739s] Level 1:colcon.colcon_core.package_identification:_identify(src/arduino_interfaces) by extension 'colcon_pkg'
[0.739s] Level 1:colcon.colcon_core.package_identification:_identify(src/arduino_interfaces) by extensions ['colcon_meta']
[0.739s] Level 1:colcon.colcon_core.package_identification:_identify(src/arduino_interfaces) by extension 'colcon_meta'
[0.739s] Level 1:colcon.colcon_core.package_identification:_identify(src/arduino_interfaces) by extensions ['ros']
[0.739s] Level 1:colcon.colcon_core.package_identification:_identify(src/arduino_interfaces) by extension 'ros'
[0.747s] DEBUG:colcon.colcon_core.package_identification:Package 'src/arduino_interfaces' with type 'ros.ament_cmake' and name 'arduino_interfaces'
[0.748s] Level 1:colcon.colcon_core.package_identification:_identify(src/my_package) by extensions ['ignore', 'ignore_ament_install']
[0.748s] Level 1:colcon.colcon_core.package_identification:_identify(src/my_package) by extension 'ignore'
[0.748s] Level 1:colcon.colcon_core.package_identification:_identify(src/my_package) by extension 'ignore_ament_install'
[0.748s] Level 1:colcon.colcon_core.package_identification:_identify(src/my_package) by extensions ['colcon_pkg']
[0.749s] Level 1:colcon.colcon_core.package_identification:_identify(src/my_package) by extension 'colcon_pkg'
[0.749s] Level 1:colcon.colcon_core.package_identification:_identify(src/my_package) by extensions ['colcon_meta']
[0.749s] Level 1:colcon.colcon_core.package_identification:_identify(src/my_package) by extension 'colcon_meta'
[0.749s] Level 1:colcon.colcon_core.package_identification:_identify(src/my_package) by extensions ['ros']
[0.749s] Level 1:colcon.colcon_core.package_identification:_identify(src/my_package) by extension 'ros'
[0.751s] DEBUG:colcon.colcon_core.package_identification:Package 'src/my_package' with type 'ros.ament_python' and name 'my_package'
[0.751s] Level 1:colcon.colcon_core.package_identification:_identify(src/py_srvcli) by extensions ['ignore', 'ignore_ament_install']
[0.752s] Level 1:colcon.colcon_core.package_identification:_identify(src/py_srvcli) by extension 'ignore'
[0.752s] Level 1:colcon.colcon_core.package_identification:_identify(src/py_srvcli) by extension 'ignore_ament_install'
[0.752s] Level 1:colcon.colcon_core.package_identification:_identify(src/py_srvcli) by extensions ['colcon_pkg']
[0.752s] Level 1:colcon.colcon_core.package_identification:_identify(src/py_srvcli) by extension 'colcon_pkg'
[0.752s] Level 1:colcon.colcon_core.package_identification:_identify(src/py_srvcli) by extensions ['colcon_meta']
[0.753s] Level 1:colcon.colcon_core.package_identification:_identify(src/py_srvcli) by extension 'colcon_meta'
[0.753s] Level 1:colcon.colcon_core.package_identification:_identify(src/py_srvcli) by extensions ['ros']
[0.753s] Level 1:colcon.colcon_core.package_identification:_identify(src/py_srvcli) by extension 'ros'
[0.755s] DEBUG:colcon.colcon_core.package_identification:Package 'src/py_srvcli' with type 'ros.ament_python' and name 'py_srvcli'
[0.756s] Level 1:colcon.colcon_core.package_identification:_identify(src/tutorial_interfaces) by extensions ['ignore', 'ignore_ament_install']
[0.756s] Level 1:colcon.colcon_core.package_identification:_identify(src/tutorial_interfaces) by extension 'ignore'
[0.756s] Level 1:colcon.colcon_core.package_identification:_identify(src/tutorial_interfaces) by extension 'ignore_ament_install'
[0.756s] Level 1:colcon.colcon_core.package_identification:_identify(src/tutorial_interfaces) by extensions ['colcon_pkg']
[0.756s] Level 1:colcon.colcon_core.package_identification:_identify(src/tutorial_interfaces) by extension 'colcon_pkg'
[0.757s] Level 1:colcon.colcon_core.package_identification:_identify(src/tutorial_interfaces) by extensions ['colcon_meta']
[0.757s] Level 1:colcon.colcon_core.package_identification:_identify(src/tutorial_interfaces) by extension 'colcon_meta'
[0.757s] Level 1:colcon.colcon_core.package_identification:_identify(src/tutorial_interfaces) by extensions ['ros']
[0.757s] Level 1:colcon.colcon_core.package_identification:_identify(src/tutorial_interfaces) by extension 'ros'
[0.759s] DEBUG:colcon.colcon_core.package_identification:Package 'src/tutorial_interfaces' with type 'ros.ament_cmake' and name 'tutorial_interfaces'
[0.759s] Level 1:colcon.colcon_core.package_discovery:discover_packages(recursive) using defaults
[0.760s] Level 1:colcon.colcon_core.package_discovery:discover_packages(ignore) discover
[0.760s] Level 1:colcon.colcon_core.package_discovery:discover_packages(ignore) using defaults
[0.760s] Level 1:colcon.colcon_core.package_discovery:discover_packages(path) discover
[0.760s] Level 1:colcon.colcon_core.package_discovery:discover_packages(path) using defaults
[0.828s] Level 1:colcon.colcon_core.package_discovery:discover_packages(prefix_path) check parameters
[0.828s] Level 1:colcon.colcon_core.package_discovery:discover_packages(prefix_path) discover
[0.843s] DEBUG:colcon.colcon_installed_package_information.package_discovery:Found 285 installed packages in /opt/ros/jazzy
[0.850s] Level 1:colcon.colcon_core.package_discovery:discover_packages(prefix_path) using defaults
[1.044s] Level 5:colcon.colcon_core.verb:set package 'arduino_interfaces' build argument 'cmake_args' from command line to 'None'
[1.044s] Level 5:colcon.colcon_core.verb:set package 'arduino_interfaces' build argument 'cmake_target' from command line to 'None'
[1.044s] Level 5:colcon.colcon_core.verb:set package 'arduino_interfaces' build argument 'cmake_target_skip_unavailable' from command line to 'False'
[1.044s] Level 5:colcon.colcon_core.verb:set package 'arduino_interfaces' build argument 'cmake_clean_cache' from command line to 'False'
[1.044s] Level 5:colcon.colcon_core.verb:set package 'arduino_interfaces' build argument 'cmake_clean_first' from command line to 'False'
[1.044s] Level 5:colcon.colcon_core.verb:set package 'arduino_interfaces' build argument 'cmake_force_configure' from command line to 'False'
[1.045s] Level 5:colcon.colcon_core.verb:set package 'arduino_interfaces' build argument 'ament_cmake_args' from command line to 'None'
[1.045s] Level 5:colcon.colcon_core.verb:set package 'arduino_interfaces' build argument 'catkin_cmake_args' from command line to 'None'
[1.045s] Level 5:colcon.colcon_core.verb:set package 'arduino_interfaces' build argument 'catkin_skip_building_tests' from command line to 'False'
[1.045s] DEBUG:colcon.colcon_core.verb:Building package 'arduino_interfaces' with the following arguments: {'ament_cmake_args': None, 'build_base': '/home/ras/DUM-E_ROSCode/ros2_ws/build/arduino_interfaces', 'catkin_cmake_args': None, 'catkin_skip_building_tests': False, 'cmake_args': None, 'cmake_clean_cache': False, 'cmake_clean_first': False, 'cmake_force_configure': False, 'cmake_target': None, 'cmake_target_skip_unavailable': False, 'install_base': '/home/ras/DUM-E_ROSCode/ros2_ws/install/arduino_interfaces', 'merge_install': False, 'path': '/home/ras/DUM-E_ROSCode/ros2_ws/src/arduino_interfaces', 'symlink_install': False, 'test_result_base': None}
[1.046s] Level 5:colcon.colcon_core.verb:set package 'my_package' build argument 'cmake_args' from command line to 'None'
[1.046s] Level 5:colcon.colcon_core.verb:set package 'my_package' build argument 'cmake_target' from command line to 'None'
[1.046s] Level 5:colcon.colcon_core.verb:set package 'my_package' build argument 'cmake_target_skip_unavailable' from command line to 'False'
[1.046s] Level 5:colcon.colcon_core.verb:set package 'my_package' build argument 'cmake_clean_cache' from command line to 'False'
[1.047s] Level 5:colcon.colcon_core.verb:set package 'my_package' build argument 'cmake_clean_first' from command line to 'False'
[1.047s] Level 5:colcon.colcon_core.verb:set package 'my_package' build argument 'cmake_force_configure' from command line to 'False'
[1.047s] Level 5:colcon.colcon_core.verb:set package 'my_package' build argument 'ament_cmake_args' from command line to 'None'
[1.047s] Level 5:colcon.colcon_core.verb:set package 'my_package' build argument 'catkin_cmake_args' from command line to 'None'
[1.047s] Level 5:colcon.colcon_core.verb:set package 'my_package' build argument 'catkin_skip_building_tests' from command line to 'False'
[1.047s] DEBUG:colcon.colcon_core.verb:Building package 'my_package' with the following arguments: {'ament_cmake_args': None, 'build_base': '/home/ras/DUM-E_ROSCode/ros2_ws/build/my_package', 'catkin_cmake_args': None, 'catkin_skip_building_tests': False, 'cmake_args': None, 'cmake_clean_cache': False, 'cmake_clean_first': False, 'cmake_force_configure': False, 'cmake_target': None, 'cmake_target_skip_unavailable': False, 'install_base': '/home/ras/DUM-E_ROSCode/ros2_ws/install/my_package', 'merge_install': False, 'path': '/home/ras/DUM-E_ROSCode/ros2_ws/src/my_package', 'symlink_install': False, 'test_result_base': None}
[1.048s] Level 5:colcon.colcon_core.verb:set package 'tutorial_interfaces' build argument 'cmake_args' from command line to 'None'
[1.048s] Level 5:colcon.colcon_core.verb:set package 'tutorial_interfaces' build argument 'cmake_target' from command line to 'None'
[1.048s] Level 5:colcon.colcon_core.verb:set package 'tutorial_interfaces' build argument 'cmake_target_skip_unavailable' from command line to 'False'
[1.049s] Level 5:colcon.colcon_core.verb:set package 'tutorial_interfaces' build argument 'cmake_clean_cache' from command line to 'False'
[1.049s] Level 5:colcon.colcon_core.verb:set package 'tutorial_interfaces' build argument 'cmake_clean_first' from command line to 'False'
[1.049s] Level 5:colcon.colcon_core.verb:set package 'tutorial_interfaces' build argument 'cmake_force_configure' from command line to 'False'
[1.049s] Level 5:colcon.colcon_core.verb:set package 'tutorial_interfaces' build argument 'ament_cmake_args' from command line to 'None'
[1.049s] Level 5:colcon.colcon_core.verb:set package 'tutorial_interfaces' build argument 'catkin_cmake_args' from command line to 'None'
[1.049s] Level 5:colcon.colcon_core.verb:set package 'tutorial_interfaces' build argument 'catkin_skip_building_tests' from command line to 'False'
[1.049s] DEBUG:colcon.colcon_core.verb:Building package 'tutorial_interfaces' with the following arguments: {'ament_cmake_args': None, 'build_base': '/home/ras/DUM-E_ROSCode/ros2_ws/build/tutorial_interfaces', 'catkin_cmake_args': None, 'catkin_skip_building_tests': False, 'cmake_args': None, 'cmake_clean_cache': False, 'cmake_clean_first': False, 'cmake_force_configure': False, 'cmake_target': None, 'cmake_target_skip_unavailable': False, 'install_base': '/home/ras/DUM-E_ROSCode/ros2_ws/install/tutorial_interfaces', 'merge_install': False, 'path': '/home/ras/DUM-E_ROSCode/ros2_ws/src/tutorial_interfaces', 'symlink_install': False, 'test_result_base': None}
[1.051s] Level 5:colcon.colcon_core.verb:set package 'py_srvcli' build argument 'cmake_args' from command line to 'None'
[1.051s] Level 5:colcon.colcon_core.verb:set package 'py_srvcli' build argument 'cmake_target' from command line to 'None'
[1.051s] Level 5:colcon.colcon_core.verb:set package 'py_srvcli' build argument 'cmake_target_skip_unavailable' from command line to 'False'
[1.051s] Level 5:colcon.colcon_core.verb:set package 'py_srvcli' build argument 'cmake_clean_cache' from command line to 'False'
[1.051s] Level 5:colcon.colcon_core.verb:set package 'py_srvcli' build argument 'cmake_clean_first' from command line to 'False'
[1.051s] Level 5:colcon.colcon_core.verb:set package 'py_srvcli' build argument 'cmake_force_configure' from command line to 'False'
[1.051s] Level 5:colcon.colcon_core.verb:set package 'py_srvcli' build argument 'ament_cmake_args' from command line to 'None'
[1.052s] Level 5:colcon.colcon_core.verb:set package 'py_srvcli' build argument 'catkin_cmake_args' from command line to 'None'
[1.052s] Level 5:colcon.colcon_core.verb:set package 'py_srvcli' build argument 'catkin_skip_building_tests' from command line to 'False'
[1.052s] DEBUG:colcon.colcon_core.verb:Building package 'py_srvcli' with the following arguments: {'ament_cmake_args': None, 'build_base': '/home/ras/DUM-E_ROSCode/ros2_ws/build/py_srvcli', 'catkin_cmake_args': None, 'catkin_skip_building_tests': False, 'cmake_args': None, 'cmake_clean_cache': False, 'cmake_clean_first': False, 'cmake_force_configure': False, 'cmake_target': None, 'cmake_target_skip_unavailable': False, 'install_base': '/home/ras/DUM-E_ROSCode/ros2_ws/install/py_srvcli', 'merge_install': False, 'path': '/home/ras/DUM-E_ROSCode/ros2_ws/src/py_srvcli', 'symlink_install': False, 'test_result_base': None}
[1.052s] INFO:colcon.colcon_core.executor:Executing jobs using 'parallel' executor
[1.055s] DEBUG:colcon.colcon_parallel_executor.executor.parallel:run_until_complete
[1.056s] INFO:colcon.colcon_ros.task.ament_cmake.build:Building ROS package in '/home/ras/DUM-E_ROSCode/ros2_ws/src/arduino_interfaces' with build type 'ament_cmake'
[1.057s] INFO:colcon.colcon_cmake.task.cmake.build:Building CMake package in '/home/ras/DUM-E_ROSCode/ros2_ws/src/arduino_interfaces'
[1.065s] INFO:colcon.colcon_core.plugin_system:Skipping extension 'colcon_core.shell.bat': Not used on non-Windows systems
[1.066s] INFO:colcon.colcon_core.shell:Skip shell extension 'powershell' for command environment: Not usable outside of PowerShell
[1.066s] DEBUG:colcon.colcon_core.shell:Skip shell extension 'dsv' for command environment
[1.083s] INFO:colcon.colcon_ros.task.ament_cmake.build:Building ROS package in '/home/ras/DUM-E_ROSCode/ros2_ws/src/tutorial_interfaces' with build type 'ament_cmake'
[1.083s] INFO:colcon.colcon_cmake.task.cmake.build:Building CMake package in '/home/ras/DUM-E_ROSCode/ros2_ws/src/tutorial_interfaces'
[1.084s] INFO:colcon.colcon_core.shell:Skip shell extension 'powershell' for command environment: Not usable outside of PowerShell
[1.084s] DEBUG:colcon.colcon_core.shell:Skip shell extension 'dsv' for command environment
[1.101s] INFO:colcon.colcon_ros.task.ament_python.build:Building ROS package in '/home/ras/DUM-E_ROSCode/ros2_ws/src/my_package' with build type 'ament_python'
[1.101s] Level 1:colcon.colcon_core.shell:create_environment_hook('my_package', 'ament_prefix_path')
[1.102s] INFO:colcon.colcon_core.shell:Creating environment hook '/home/ras/DUM-E_ROSCode/ros2_ws/install/my_package/share/my_package/hook/ament_prefix_path.ps1'
[1.105s] INFO:colcon.colcon_core.shell:Creating environment descriptor '/home/ras/DUM-E_ROSCode/ros2_ws/install/my_package/share/my_package/hook/ament_prefix_path.dsv'
[1.107s] INFO:colcon.colcon_core.shell:Creating environment hook '/home/ras/DUM-E_ROSCode/ros2_ws/install/my_package/share/my_package/hook/ament_prefix_path.sh'
[1.110s] INFO:colcon.colcon_core.shell:Skip shell extension 'powershell' for command environment: Not usable outside of PowerShell
[1.111s] DEBUG:colcon.colcon_core.shell:Skip shell extension 'dsv' for command environment
[1.141s] DEBUG:colcon.colcon_core.event_handler.log_command:Invoking command in '/home/ras/DUM-E_ROSCode/ros2_ws/build/arduino_interfaces': CMAKE_PREFIX_PATH=${CMAKE_PREFIX_PATH}:/opt/ros/jazzy DEBUGINFOD_URLS=https://debuginfod.ubuntu.com /usr/bin/cmake /home/ras/DUM-E_ROSCode/ros2_ws/src/arduino_interfaces -DCMAKE_INSTALL_PREFIX=/home/ras/DUM-E_ROSCode/ros2_ws/install/arduino_interfaces
[1.152s] DEBUG:colcon.colcon_core.event_handler.log_command:Invoking command in '/home/ras/DUM-E_ROSCode/ros2_ws/build/tutorial_interfaces': CMAKE_PREFIX_PATH=${CMAKE_PREFIX_PATH}:/opt/ros/jazzy DEBUGINFOD_URLS=https://debuginfod.ubuntu.com /usr/bin/cmake /home/ras/DUM-E_ROSCode/ros2_ws/src/tutorial_interfaces -DCMAKE_INSTALL_PREFIX=/home/ras/DUM-E_ROSCode/ros2_ws/install/tutorial_interfaces
[2.255s] INFO:colcon.colcon_core.task.python.build:Building Python package in '/home/ras/DUM-E_ROSCode/ros2_ws/src/my_package'
[2.256s] INFO:colcon.colcon_core.shell:Skip shell extension 'powershell' for command environment: Not usable outside of PowerShell
[2.256s] DEBUG:colcon.colcon_core.shell:Skip shell extension 'dsv' for command environment
[6.994s] DEBUG:colcon.colcon_core.event_handler.log_command:Invoking command in '/home/ras/DUM-E_ROSCode/ros2_ws/src/my_package': DEBUGINFOD_URLS=https://debuginfod.ubuntu.com PYTHONPATH=/home/ras/DUM-E_ROSCode/ros2_ws/build/my_package/prefix_override:/usr/lib/python3/dist-packages/colcon_core/task/python/colcon_distutils_commands:/home/ras/DUM-E_ROSCode/ros2_ws/install/my_package/lib/python3.12/site-packages:${PYTHONPATH} /usr/bin/python3 -W ignore:setup.py install is deprecated -W ignore:easy_install command is deprecated setup.py egg_info --egg-base ../../build/my_package build --build-base /home/ras/DUM-E_ROSCode/ros2_ws/build/my_package/build install --record /home/ras/DUM-E_ROSCode/ros2_ws/build/my_package/install.log --single-version-externally-managed install_data
[11.173s] DEBUG:colcon.colcon_core.event_handler.log_command:Invoked command in '/home/ras/DUM-E_ROSCode/ros2_ws/src/my_package' returned '0': DEBUGINFOD_URLS=https://debuginfod.ubuntu.com PYTHONPATH=/home/ras/DUM-E_ROSCode/ros2_ws/build/my_package/prefix_override:/usr/lib/python3/dist-packages/colcon_core/task/python/colcon_distutils_commands:/home/ras/DUM-E_ROSCode/ros2_ws/install/my_package/lib/python3.12/site-packages:${PYTHONPATH} /usr/bin/python3 -W ignore:setup.py install is deprecated -W ignore:easy_install command is deprecated setup.py egg_info --egg-base ../../build/my_package build --build-base /home/ras/DUM-E_ROSCode/ros2_ws/build/my_package/build install --record /home/ras/DUM-E_ROSCode/ros2_ws/build/my_package/install.log --single-version-externally-managed install_data
[11.182s] Level 1:colcon.colcon_core.environment:checking '/home/ras/DUM-E_ROSCode/ros2_ws/install/my_package' for CMake module files
[11.187s] Level 1:colcon.colcon_core.environment:checking '/home/ras/DUM-E_ROSCode/ros2_ws/install/my_package' for CMake config files
[11.191s] Level 1:colcon.colcon_core.environment:checking '/home/ras/DUM-E_ROSCode/ros2_ws/install/my_package/lib'
[11.192s] Level 1:colcon.colcon_core.environment:checking '/home/ras/DUM-E_ROSCode/ros2_ws/install/my_package/bin'
[11.193s] Level 1:colcon.colcon_core.environment:checking '/home/ras/DUM-E_ROSCode/ros2_ws/install/my_package/lib/pkgconfig/my_package.pc'
[11.193s] Level 1:colcon.colcon_core.environment:checking '/home/ras/DUM-E_ROSCode/ros2_ws/install/my_package/lib/python3.12/site-packages'
[11.194s] Level 1:colcon.colcon_core.shell:create_environment_hook('my_package', 'pythonpath')
[11.195s] INFO:colcon.colcon_core.shell:Creating environment hook '/home/ras/DUM-E_ROSCode/ros2_ws/install/my_package/share/my_package/hook/pythonpath.ps1'
[11.197s] INFO:colcon.colcon_core.shell:Creating environment descriptor '/home/ras/DUM-E_ROSCode/ros2_ws/install/my_package/share/my_package/hook/pythonpath.dsv'
[11.199s] INFO:colcon.colcon_core.shell:Creating environment hook '/home/ras/DUM-E_ROSCode/ros2_ws/install/my_package/share/my_package/hook/pythonpath.sh'
[11.203s] Level 1:colcon.colcon_core.environment:checking '/home/ras/DUM-E_ROSCode/ros2_ws/install/my_package/bin'
[11.203s] Level 1:colcon.colcon_core.environment:create_environment_scripts_only(my_package)
[11.205s] INFO:colcon.colcon_core.shell:Creating package script '/home/ras/DUM-E_ROSCode/ros2_ws/install/my_package/share/my_package/package.ps1'
[11.211s] INFO:colcon.colcon_core.shell:Creating package descriptor '/home/ras/DUM-E_ROSCode/ros2_ws/install/my_package/share/my_package/package.dsv'
[11.214s] INFO:colcon.colcon_core.shell:Creating package script '/home/ras/DUM-E_ROSCode/ros2_ws/install/my_package/share/my_package/package.sh'
[11.217s] INFO:colcon.colcon_core.shell:Creating package script '/home/ras/DUM-E_ROSCode/ros2_ws/install/my_package/share/my_package/package.bash'
[11.220s] INFO:colcon.colcon_core.shell:Creating package script '/home/ras/DUM-E_ROSCode/ros2_ws/install/my_package/share/my_package/package.zsh'
[11.223s] Level 1:colcon.colcon_core.environment:create_file_with_runtime_dependencies(/home/ras/DUM-E_ROSCode/ros2_ws/install/my_package/share/colcon-core/packages/my_package)
[20.050s] DEBUG:colcon.colcon_core.event_handler.log_command:Invoked command in '/home/ras/DUM-E_ROSCode/ros2_ws/build/arduino_interfaces' returned '0': CMAKE_PREFIX_PATH=${CMAKE_PREFIX_PATH}:/opt/ros/jazzy DEBUGINFOD_URLS=https://debuginfod.ubuntu.com /usr/bin/cmake /home/ras/DUM-E_ROSCode/ros2_ws/src/arduino_interfaces -DCMAKE_INSTALL_PREFIX=/home/ras/DUM-E_ROSCode/ros2_ws/install/arduino_interfaces
[20.059s] DEBUG:colcon.colcon_core.event_handler.log_command:Invoking command in '/home/ras/DUM-E_ROSCode/ros2_ws/build/arduino_interfaces': CMAKE_PREFIX_PATH=${CMAKE_PREFIX_PATH}:/opt/ros/jazzy DEBUGINFOD_URLS=https://debuginfod.ubuntu.com /usr/bin/cmake --build /home/ras/DUM-E_ROSCode/ros2_ws/build/arduino_interfaces -- -j4 -l4
[22.056s] DEBUG:colcon.colcon_core.event_handler.log_command:Invoked command in '/home/ras/DUM-E_ROSCode/ros2_ws/build/tutorial_interfaces' returned '0': CMAKE_PREFIX_PATH=${CMAKE_PREFIX_PATH}:/opt/ros/jazzy DEBUGINFOD_URLS=https://debuginfod.ubuntu.com /usr/bin/cmake /home/ras/DUM-E_ROSCode/ros2_ws/src/tutorial_interfaces -DCMAKE_INSTALL_PREFIX=/home/ras/DUM-E_ROSCode/ros2_ws/install/tutorial_interfaces
[22.059s] DEBUG:colcon.colcon_core.event_handler.log_command:Invoking command in '/home/ras/DUM-E_ROSCode/ros2_ws/build/tutorial_interfaces': CMAKE_PREFIX_PATH=${CMAKE_PREFIX_PATH}:/opt/ros/jazzy DEBUGINFOD_URLS=https://debuginfod.ubuntu.com /usr/bin/cmake --build /home/ras/DUM-E_ROSCode/ros2_ws/build/tutorial_interfaces -- -j4 -l4
[53.028s] DEBUG:colcon.colcon_core.event_handler.log_command:Invoked command in '/home/ras/DUM-E_ROSCode/ros2_ws/build/arduino_interfaces' returned '0': CMAKE_PREFIX_PATH=${CMAKE_PREFIX_PATH}:/opt/ros/jazzy DEBUGINFOD_URLS=https://debuginfod.ubuntu.com /usr/bin/cmake --build /home/ras/DUM-E_ROSCode/ros2_ws/build/arduino_interfaces -- -j4 -l4
[53.077s] DEBUG:colcon.colcon_core.event_handler.log_command:Invoking command in '/home/ras/DUM-E_ROSCode/ros2_ws/build/arduino_interfaces': CMAKE_PREFIX_PATH=${CMAKE_PREFIX_PATH}:/opt/ros/jazzy DEBUGINFOD_URLS=https://debuginfod.ubuntu.com /usr/bin/cmake --install /home/ras/DUM-E_ROSCode/ros2_ws/build/arduino_interfaces
[53.583s] Level 1:colcon.colcon_core.environment:create_environment_scripts_only(arduino_interfaces)
[53.584s] Level 1:colcon.colcon_core.environment:checking '/home/ras/DUM-E_ROSCode/ros2_ws/install/arduino_interfaces' for CMake module files
[53.585s] DEBUG:colcon.colcon_core.event_handler.log_command:Invoked command in '/home/ras/DUM-E_ROSCode/ros2_ws/build/arduino_interfaces' returned '0': CMAKE_PREFIX_PATH=${CMAKE_PREFIX_PATH}:/opt/ros/jazzy DEBUGINFOD_URLS=https://debuginfod.ubuntu.com /usr/bin/cmake --install /home/ras/DUM-E_ROSCode/ros2_ws/build/arduino_interfaces
[53.589s] Level 1:colcon.colcon_core.environment:checking '/home/ras/DUM-E_ROSCode/ros2_ws/install/arduino_interfaces' for CMake config files
[53.593s] Level 1:colcon.colcon_core.shell:create_environment_hook('arduino_interfaces', 'cmake_prefix_path')
[53.593s] INFO:colcon.colcon_core.shell:Creating environment hook '/home/ras/DUM-E_ROSCode/ros2_ws/install/arduino_interfaces/share/arduino_interfaces/hook/cmake_prefix_path.ps1'
[53.596s] INFO:colcon.colcon_core.shell:Creating environment descriptor '/home/ras/DUM-E_ROSCode/ros2_ws/install/arduino_interfaces/share/arduino_interfaces/hook/cmake_prefix_path.dsv'
[53.597s] INFO:colcon.colcon_core.shell:Creating environment hook '/home/ras/DUM-E_ROSCode/ros2_ws/install/arduino_interfaces/share/arduino_interfaces/hook/cmake_prefix_path.sh'
[53.600s] Level 1:colcon.colcon_core.environment:checking '/home/ras/DUM-E_ROSCode/ros2_ws/install/arduino_interfaces/lib'
[53.600s] Level 1:colcon.colcon_core.shell:create_environment_hook('arduino_interfaces', 'ld_library_path_lib')
[53.601s] INFO:colcon.colcon_core.shell:Creating environment hook '/home/ras/DUM-E_ROSCode/ros2_ws/install/arduino_interfaces/share/arduino_interfaces/hook/ld_library_path_lib.ps1'
[53.603s] INFO:colcon.colcon_core.shell:Creating environment descriptor '/home/ras/DUM-E_ROSCode/ros2_ws/install/arduino_interfaces/share/arduino_interfaces/hook/ld_library_path_lib.dsv'
[53.604s] INFO:colcon.colcon_core.shell:Creating environment hook '/home/ras/DUM-E_ROSCode/ros2_ws/install/arduino_interfaces/share/arduino_interfaces/hook/ld_library_path_lib.sh'
[53.606s] Level 1:colcon.colcon_core.environment:checking '/home/ras/DUM-E_ROSCode/ros2_ws/install/arduino_interfaces/bin'
[53.606s] Level 1:colcon.colcon_core.environment:checking '/home/ras/DUM-E_ROSCode/ros2_ws/install/arduino_interfaces/lib/pkgconfig/arduino_interfaces.pc'
[53.607s] Level 1:colcon.colcon_core.environment:checking '/home/ras/DUM-E_ROSCode/ros2_ws/install/arduino_interfaces/lib/python3.12/site-packages'
[53.608s] Level 1:colcon.colcon_core.shell:create_environment_hook('arduino_interfaces', 'pythonpath')
[53.608s] INFO:colcon.colcon_core.shell:Creating environment hook '/home/ras/DUM-E_ROSCode/ros2_ws/install/arduino_interfaces/share/arduino_interfaces/hook/pythonpath.ps1'
[53.610s] INFO:colcon.colcon_core.shell:Creating environment descriptor '/home/ras/DUM-E_ROSCode/ros2_ws/install/arduino_interfaces/share/arduino_interfaces/hook/pythonpath.dsv'
[53.611s] INFO:colcon.colcon_core.shell:Creating environment hook '/home/ras/DUM-E_ROSCode/ros2_ws/install/arduino_interfaces/share/arduino_interfaces/hook/pythonpath.sh'
[53.614s] Level 1:colcon.colcon_core.environment:checking '/home/ras/DUM-E_ROSCode/ros2_ws/install/arduino_interfaces/bin'
[53.615s] INFO:colcon.colcon_core.shell:Creating package script '/home/ras/DUM-E_ROSCode/ros2_ws/install/arduino_interfaces/share/arduino_interfaces/package.ps1'
[53.617s] INFO:colcon.colcon_core.shell:Creating package descriptor '/home/ras/DUM-E_ROSCode/ros2_ws/install/arduino_interfaces/share/arduino_interfaces/package.dsv'
[53.619s] INFO:colcon.colcon_core.shell:Creating package script '/home/ras/DUM-E_ROSCode/ros2_ws/install/arduino_interfaces/share/arduino_interfaces/package.sh'
[53.621s] INFO:colcon.colcon_core.shell:Creating package script '/home/ras/DUM-E_ROSCode/ros2_ws/install/arduino_interfaces/share/arduino_interfaces/package.bash'
[53.623s] INFO:colcon.colcon_core.shell:Creating package script '/home/ras/DUM-E_ROSCode/ros2_ws/install/arduino_interfaces/share/arduino_interfaces/package.zsh'
[53.624s] Level 1:colcon.colcon_core.environment:create_file_with_runtime_dependencies(/home/ras/DUM-E_ROSCode/ros2_ws/install/arduino_interfaces/share/colcon-core/packages/arduino_interfaces)
[53.627s] Level 1:colcon.colcon_core.environment:create_environment_scripts_only(arduino_interfaces)
[53.628s] Level 1:colcon.colcon_core.environment:checking '/home/ras/DUM-E_ROSCode/ros2_ws/install/arduino_interfaces' for CMake module files
[53.632s] Level 1:colcon.colcon_core.environment:checking '/home/ras/DUM-E_ROSCode/ros2_ws/install/arduino_interfaces' for CMake config files
[53.636s] Level 1:colcon.colcon_core.shell:create_environment_hook('arduino_interfaces', 'cmake_prefix_path')
[53.636s] INFO:colcon.colcon_core.shell:Creating environment hook '/home/ras/DUM-E_ROSCode/ros2_ws/install/arduino_interfaces/share/arduino_interfaces/hook/cmake_prefix_path.ps1'
[53.639s] INFO:colcon.colcon_core.shell:Creating environment descriptor '/home/ras/DUM-E_ROSCode/ros2_ws/install/arduino_interfaces/share/arduino_interfaces/hook/cmake_prefix_path.dsv'
[53.641s] INFO:colcon.colcon_core.shell:Creating environment hook '/home/ras/DUM-E_ROSCode/ros2_ws/install/arduino_interfaces/share/arduino_interfaces/hook/cmake_prefix_path.sh'
[53.643s] Level 1:colcon.colcon_core.environment:checking '/home/ras/DUM-E_ROSCode/ros2_ws/install/arduino_interfaces/lib'
[53.644s] Level 1:colcon.colcon_core.shell:create_environment_hook('arduino_interfaces', 'ld_library_path_lib')
[53.645s] INFO:colcon.colcon_core.shell:Creating environment hook '/home/ras/DUM-E_ROSCode/ros2_ws/install/arduino_interfaces/share/arduino_interfaces/hook/ld_library_path_lib.ps1'
[53.647s] INFO:colcon.colcon_core.shell:Creating environment descriptor '/home/ras/DUM-E_ROSCode/ros2_ws/install/arduino_interfaces/share/arduino_interfaces/hook/ld_library_path_lib.dsv'
[53.648s] INFO:colcon.colcon_core.shell:Creating environment hook '/home/ras/DUM-E_ROSCode/ros2_ws/install/arduino_interfaces/share/arduino_interfaces/hook/ld_library_path_lib.sh'
[53.650s] Level 1:colcon.colcon_core.environment:checking '/home/ras/DUM-E_ROSCode/ros2_ws/install/arduino_interfaces/bin'
[53.650s] Level 1:colcon.colcon_core.environment:checking '/home/ras/DUM-E_ROSCode/ros2_ws/install/arduino_interfaces/lib/pkgconfig/arduino_interfaces.pc'
[53.651s] Level 1:colcon.colcon_core.environment:checking '/home/ras/DUM-E_ROSCode/ros2_ws/install/arduino_interfaces/lib/python3.12/site-packages'
[53.652s] Level 1:colcon.colcon_core.shell:create_environment_hook('arduino_interfaces', 'pythonpath')
[53.653s] INFO:colcon.colcon_core.shell:Creating environment hook '/home/ras/DUM-E_ROSCode/ros2_ws/install/arduino_interfaces/share/arduino_interfaces/hook/pythonpath.ps1'
[53.654s] INFO:colcon.colcon_core.shell:Creating environment descriptor '/home/ras/DUM-E_ROSCode/ros2_ws/install/arduino_interfaces/share/arduino_interfaces/hook/pythonpath.dsv'
[53.656s] INFO:colcon.colcon_core.shell:Creating environment hook '/home/ras/DUM-E_ROSCode/ros2_ws/install/arduino_interfaces/share/arduino_interfaces/hook/pythonpath.sh'
[53.659s] Level 1:colcon.colcon_core.environment:checking '/home/ras/DUM-E_ROSCode/ros2_ws/install/arduino_interfaces/bin'
[53.660s] INFO:colcon.colcon_core.shell:Creating package script '/home/ras/DUM-E_ROSCode/ros2_ws/install/arduino_interfaces/share/arduino_interfaces/package.ps1'
[53.663s] INFO:colcon.colcon_core.shell:Creating package descriptor '/home/ras/DUM-E_ROSCode/ros2_ws/install/arduino_interfaces/share/arduino_interfaces/package.dsv'
[53.665s] INFO:colcon.colcon_core.shell:Creating package script '/home/ras/DUM-E_ROSCode/ros2_ws/install/arduino_interfaces/share/arduino_interfaces/package.sh'
[53.667s] INFO:colcon.colcon_core.shell:Creating package script '/home/ras/DUM-E_ROSCode/ros2_ws/install/arduino_interfaces/share/arduino_interfaces/package.bash'
[53.669s] INFO:colcon.colcon_core.shell:Creating package script '/home/ras/DUM-E_ROSCode/ros2_ws/install/arduino_interfaces/share/arduino_interfaces/package.zsh'
[53.671s] Level 1:colcon.colcon_core.environment:create_file_with_runtime_dependencies(/home/ras/DUM-E_ROSCode/ros2_ws/install/arduino_interfaces/share/colcon-core/packages/arduino_interfaces)
[56.822s] DEBUG:colcon.colcon_core.event_handler.log_command:Invoked command in '/home/ras/DUM-E_ROSCode/ros2_ws/build/tutorial_interfaces' returned '0': CMAKE_PREFIX_PATH=${CMAKE_PREFIX_PATH}:/opt/ros/jazzy DEBUGINFOD_URLS=https://debuginfod.ubuntu.com /usr/bin/cmake --build /home/ras/DUM-E_ROSCode/ros2_ws/build/tutorial_interfaces -- -j4 -l4
[56.827s] DEBUG:colcon.colcon_core.event_handler.log_command:Invoking command in '/home/ras/DUM-E_ROSCode/ros2_ws/build/tutorial_interfaces': CMAKE_PREFIX_PATH=${CMAKE_PREFIX_PATH}:/opt/ros/jazzy DEBUGINFOD_URLS=https://debuginfod.ubuntu.com /usr/bin/cmake --install /home/ras/DUM-E_ROSCode/ros2_ws/build/tutorial_interfaces
[57.360s] Level 1:colcon.colcon_core.environment:create_environment_scripts_only(tutorial_interfaces)
[57.361s] Level 1:colcon.colcon_core.environment:checking '/home/ras/DUM-E_ROSCode/ros2_ws/install/tutorial_interfaces' for CMake module files
[57.362s] DEBUG:colcon.colcon_core.event_handler.log_command:Invoked command in '/home/ras/DUM-E_ROSCode/ros2_ws/build/tutorial_interfaces' returned '0': CMAKE_PREFIX_PATH=${CMAKE_PREFIX_PATH}:/opt/ros/jazzy DEBUGINFOD_URLS=https://debuginfod.ubuntu.com /usr/bin/cmake --install /home/ras/DUM-E_ROSCode/ros2_ws/build/tutorial_interfaces
[57.366s] Level 1:colcon.colcon_core.environment:checking '/home/ras/DUM-E_ROSCode/ros2_ws/install/tutorial_interfaces' for CMake config files
[57.370s] Level 1:colcon.colcon_core.shell:create_environment_hook('tutorial_interfaces', 'cmake_prefix_path')
[57.371s] INFO:colcon.colcon_core.shell:Creating environment hook '/home/ras/DUM-E_ROSCode/ros2_ws/install/tutorial_interfaces/share/tutorial_interfaces/hook/cmake_prefix_path.ps1'
[57.373s] INFO:colcon.colcon_core.shell:Creating environment descriptor '/home/ras/DUM-E_ROSCode/ros2_ws/install/tutorial_interfaces/share/tutorial_interfaces/hook/cmake_prefix_path.dsv'
[57.375s] INFO:colcon.colcon_core.shell:Creating environment hook '/home/ras/DUM-E_ROSCode/ros2_ws/install/tutorial_interfaces/share/tutorial_interfaces/hook/cmake_prefix_path.sh'
[57.377s] Level 1:colcon.colcon_core.environment:checking '/home/ras/DUM-E_ROSCode/ros2_ws/install/tutorial_interfaces/lib'
[57.378s] Level 1:colcon.colcon_core.shell:create_environment_hook('tutorial_interfaces', 'ld_library_path_lib')
[57.378s] INFO:colcon.colcon_core.shell:Creating environment hook '/home/ras/DUM-E_ROSCode/ros2_ws/install/tutorial_interfaces/share/tutorial_interfaces/hook/ld_library_path_lib.ps1'
[57.380s] INFO:colcon.colcon_core.shell:Creating environment descriptor '/home/ras/DUM-E_ROSCode/ros2_ws/install/tutorial_interfaces/share/tutorial_interfaces/hook/ld_library_path_lib.dsv'
[57.381s] INFO:colcon.colcon_core.shell:Creating environment hook '/home/ras/DUM-E_ROSCode/ros2_ws/install/tutorial_interfaces/share/tutorial_interfaces/hook/ld_library_path_lib.sh'
[57.383s] Level 1:colcon.colcon_core.environment:checking '/home/ras/DUM-E_ROSCode/ros2_ws/install/tutorial_interfaces/bin'
[57.383s] Level 1:colcon.colcon_core.environment:checking '/home/ras/DUM-E_ROSCode/ros2_ws/install/tutorial_interfaces/lib/pkgconfig/tutorial_interfaces.pc'
[57.384s] Level 1:colcon.colcon_core.environment:checking '/home/ras/DUM-E_ROSCode/ros2_ws/install/tutorial_interfaces/lib/python3.12/site-packages'
[57.384s] Level 1:colcon.colcon_core.shell:create_environment_hook('tutorial_interfaces', 'pythonpath')
[57.385s] INFO:colcon.colcon_core.shell:Creating environment hook '/home/ras/DUM-E_ROSCode/ros2_ws/install/tutorial_interfaces/share/tutorial_interfaces/hook/pythonpath.ps1'
[57.387s] INFO:colcon.colcon_core.shell:Creating environment descriptor '/home/ras/DUM-E_ROSCode/ros2_ws/install/tutorial_interfaces/share/tutorial_interfaces/hook/pythonpath.dsv'
[57.388s] INFO:colcon.colcon_core.shell:Creating environment hook '/home/ras/DUM-E_ROSCode/ros2_ws/install/tutorial_interfaces/share/tutorial_interfaces/hook/pythonpath.sh'
[57.390s] Level 1:colcon.colcon_core.environment:checking '/home/ras/DUM-E_ROSCode/ros2_ws/install/tutorial_interfaces/bin'
[57.391s] INFO:colcon.colcon_core.shell:Creating package script '/home/ras/DUM-E_ROSCode/ros2_ws/install/tutorial_interfaces/share/tutorial_interfaces/package.ps1'
[57.394s] INFO:colcon.colcon_core.shell:Creating package descriptor '/home/ras/DUM-E_ROSCode/ros2_ws/install/tutorial_interfaces/share/tutorial_interfaces/package.dsv'
[57.396s] INFO:colcon.colcon_core.shell:Creating package script '/home/ras/DUM-E_ROSCode/ros2_ws/install/tutorial_interfaces/share/tutorial_interfaces/package.sh'
[57.398s] INFO:colcon.colcon_core.shell:Creating package script '/home/ras/DUM-E_ROSCode/ros2_ws/install/tutorial_interfaces/share/tutorial_interfaces/package.bash'
[57.399s] INFO:colcon.colcon_core.shell:Creating package script '/home/ras/DUM-E_ROSCode/ros2_ws/install/tutorial_interfaces/share/tutorial_interfaces/package.zsh'
[57.400s] Level 1:colcon.colcon_core.environment:create_file_with_runtime_dependencies(/home/ras/DUM-E_ROSCode/ros2_ws/install/tutorial_interfaces/share/colcon-core/packages/tutorial_interfaces)
[57.403s] Level 1:colcon.colcon_core.environment:create_environment_scripts_only(tutorial_interfaces)
[57.403s] Level 1:colcon.colcon_core.environment:checking '/home/ras/DUM-E_ROSCode/ros2_ws/install/tutorial_interfaces' for CMake module files
[57.408s] Level 1:colcon.colcon_core.environment:checking '/home/ras/DUM-E_ROSCode/ros2_ws/install/tutorial_interfaces' for CMake config files
[57.411s] Level 1:colcon.colcon_core.shell:create_environment_hook('tutorial_interfaces', 'cmake_prefix_path')
[57.412s] INFO:colcon.colcon_core.shell:Creating environment hook '/home/ras/DUM-E_ROSCode/ros2_ws/install/tutorial_interfaces/share/tutorial_interfaces/hook/cmake_prefix_path.ps1'
[57.414s] INFO:colcon.colcon_core.shell:Creating environment descriptor '/home/ras/DUM-E_ROSCode/ros2_ws/install/tutorial_interfaces/share/tutorial_interfaces/hook/cmake_prefix_path.dsv'
[57.415s] INFO:colcon.colcon_core.shell:Creating environment hook '/home/ras/DUM-E_ROSCode/ros2_ws/install/tutorial_interfaces/share/tutorial_interfaces/hook/cmake_prefix_path.sh'
[57.418s] Level 1:colcon.colcon_core.environment:checking '/home/ras/DUM-E_ROSCode/ros2_ws/install/tutorial_interfaces/lib'
[57.419s] Level 1:colcon.colcon_core.shell:create_environment_hook('tutorial_interfaces', 'ld_library_path_lib')
[57.419s] INFO:colcon.colcon_core.shell:Creating environment hook '/home/ras/DUM-E_ROSCode/ros2_ws/install/tutorial_interfaces/share/tutorial_interfaces/hook/ld_library_path_lib.ps1'
[57.421s] INFO:colcon.colcon_core.shell:Creating environment descriptor '/home/ras/DUM-E_ROSCode/ros2_ws/install/tutorial_interfaces/share/tutorial_interfaces/hook/ld_library_path_lib.dsv'
[57.423s] INFO:colcon.colcon_core.shell:Creating environment hook '/home/ras/DUM-E_ROSCode/ros2_ws/install/tutorial_interfaces/share/tutorial_interfaces/hook/ld_library_path_lib.sh'
[57.425s] Level 1:colcon.colcon_core.environment:checking '/home/ras/DUM-E_ROSCode/ros2_ws/install/tutorial_interfaces/bin'
[57.425s] Level 1:colcon.colcon_core.environment:checking '/home/ras/DUM-E_ROSCode/ros2_ws/install/tutorial_interfaces/lib/pkgconfig/tutorial_interfaces.pc'
[57.426s] Level 1:colcon.colcon_core.environment:checking '/home/ras/DUM-E_ROSCode/ros2_ws/install/tutorial_interfaces/lib/python3.12/site-packages'
[57.426s] Level 1:colcon.colcon_core.shell:create_environment_hook('tutorial_interfaces', 'pythonpath')
[57.427s] INFO:colcon.colcon_core.shell:Creating environment hook '/home/ras/DUM-E_ROSCode/ros2_ws/install/tutorial_interfaces/share/tutorial_interfaces/hook/pythonpath.ps1'
[57.429s] INFO:colcon.colcon_core.shell:Creating environment descriptor '/home/ras/DUM-E_ROSCode/ros2_ws/install/tutorial_interfaces/share/tutorial_interfaces/hook/pythonpath.dsv'
[57.430s] INFO:colcon.colcon_core.shell:Creating environment hook '/home/ras/DUM-E_ROSCode/ros2_ws/install/tutorial_interfaces/share/tutorial_interfaces/hook/pythonpath.sh'
[57.433s] Level 1:colcon.colcon_core.environment:checking '/home/ras/DUM-E_ROSCode/ros2_ws/install/tutorial_interfaces/bin'
[57.434s] INFO:colcon.colcon_core.shell:Creating package script '/home/ras/DUM-E_ROSCode/ros2_ws/install/tutorial_interfaces/share/tutorial_interfaces/package.ps1'
[57.436s] INFO:colcon.colcon_core.shell:Creating package descriptor '/home/ras/DUM-E_ROSCode/ros2_ws/install/tutorial_interfaces/share/tutorial_interfaces/package.dsv'
[57.439s] INFO:colcon.colcon_core.shell:Creating package script '/home/ras/DUM-E_ROSCode/ros2_ws/install/tutorial_interfaces/share/tutorial_interfaces/package.sh'
[57.441s] INFO:colcon.colcon_core.shell:Creating package script '/home/ras/DUM-E_ROSCode/ros2_ws/install/tutorial_interfaces/share/tutorial_interfaces/package.bash'
[57.443s] INFO:colcon.colcon_core.shell:Creating package script '/home/ras/DUM-E_ROSCode/ros2_ws/install/tutorial_interfaces/share/tutorial_interfaces/package.zsh'
[57.444s] Level 1:colcon.colcon_core.environment:create_file_with_runtime_dependencies(/home/ras/DUM-E_ROSCode/ros2_ws/install/tutorial_interfaces/share/colcon-core/packages/tutorial_interfaces)
[57.446s] INFO:colcon.colcon_ros.task.ament_python.build:Building ROS package in '/home/ras/DUM-E_ROSCode/ros2_ws/src/py_srvcli' with build type 'ament_python'
[57.447s] Level 1:colcon.colcon_core.shell:create_environment_hook('py_srvcli', 'ament_prefix_path')
[57.448s] INFO:colcon.colcon_core.shell:Creating environment hook '/home/ras/DUM-E_ROSCode/ros2_ws/install/py_srvcli/share/py_srvcli/hook/ament_prefix_path.ps1'
[57.451s] INFO:colcon.colcon_core.shell:Creating environment descriptor '/home/ras/DUM-E_ROSCode/ros2_ws/install/py_srvcli/share/py_srvcli/hook/ament_prefix_path.dsv'
[57.453s] INFO:colcon.colcon_core.shell:Creating environment hook '/home/ras/DUM-E_ROSCode/ros2_ws/install/py_srvcli/share/py_srvcli/hook/ament_prefix_path.sh'
[57.456s] INFO:colcon.colcon_core.shell:Skip shell extension 'powershell' for command environment: Not usable outside of PowerShell
[57.456s] DEBUG:colcon.colcon_core.shell:Skip shell extension 'dsv' for command environment
[58.453s] INFO:colcon.colcon_core.task.python.build:Building Python package in '/home/ras/DUM-E_ROSCode/ros2_ws/src/py_srvcli'
[58.454s] INFO:colcon.colcon_core.shell:Skip shell extension 'powershell' for command environment: Not usable outside of PowerShell
[58.454s] DEBUG:colcon.colcon_core.shell:Skip shell extension 'dsv' for command environment
[61.185s] DEBUG:colcon.colcon_core.event_handler.log_command:Invoking command in '/home/ras/DUM-E_ROSCode/ros2_ws/src/py_srvcli': AMENT_PREFIX_PATH=/home/ras/DUM-E_ROSCode/ros2_ws/install/tutorial_interfaces:/home/ras/DUM-E_ROSCode/ros2_ws/install/arduino_interfaces:${AMENT_PREFIX_PATH} CMAKE_PREFIX_PATH=/home/ras/DUM-E_ROSCode/ros2_ws/install/tutorial_interfaces:/home/ras/DUM-E_ROSCode/ros2_ws/install/arduino_interfaces:${CMAKE_PREFIX_PATH} DEBUGINFOD_URLS=https://debuginfod.ubuntu.com LD_LIBRARY_PATH=/home/ras/DUM-E_ROSCode/ros2_ws/install/tutorial_interfaces/lib:/home/ras/DUM-E_ROSCode/ros2_ws/install/arduino_interfaces/lib:${LD_LIBRARY_PATH} PYTHONPATH=/home/ras/DUM-E_ROSCode/ros2_ws/build/py_srvcli/prefix_override:/usr/lib/python3/dist-packages/colcon_core/task/python/colcon_distutils_commands:/home/ras/DUM-E_ROSCode/ros2_ws/install/py_srvcli/lib/python3.12/site-packages:/home/ras/DUM-E_ROSCode/ros2_ws/install/tutorial_interfaces/lib/python3.12/site-packages:/home/ras/DUM-E_ROSCode/ros2_ws/install/arduino_interfaces/lib/python3.12/site-packages:${PYTHONPATH} /usr/bin/python3 -W ignore:setup.py install is deprecated -W ignore:easy_install command is deprecated setup.py egg_info --egg-base ../../build/py_srvcli build --build-base /home/ras/DUM-E_ROSCode/ros2_ws/build/py_srvcli/build install --record /home/ras/DUM-E_ROSCode/ros2_ws/build/py_srvcli/install.log --single-version-externally-managed install_data
[63.900s] Level 1:colcon.colcon_core.environment:checking '/home/ras/DUM-E_ROSCode/ros2_ws/install/py_srvcli' for CMake module files
[63.902s] DEBUG:colcon.colcon_core.event_handler.log_command:Invoked command in '/home/ras/DUM-E_ROSCode/ros2_ws/src/py_srvcli' returned '0': AMENT_PREFIX_PATH=/home/ras/DUM-E_ROSCode/ros2_ws/install/tutorial_interfaces:/home/ras/DUM-E_ROSCode/ros2_ws/install/arduino_interfaces:${AMENT_PREFIX_PATH} CMAKE_PREFIX_PATH=/home/ras/DUM-E_ROSCode/ros2_ws/install/tutorial_interfaces:/home/ras/DUM-E_ROSCode/ros2_ws/install/arduino_interfaces:${CMAKE_PREFIX_PATH} DEBUGINFOD_URLS=https://debuginfod.ubuntu.com LD_LIBRARY_PATH=/home/ras/DUM-E_ROSCode/ros2_ws/install/tutorial_interfaces/lib:/home/ras/DUM-E_ROSCode/ros2_ws/install/arduino_interfaces/lib:${LD_LIBRARY_PATH} PYTHONPATH=/home/ras/DUM-E_ROSCode/ros2_ws/build/py_srvcli/prefix_override:/usr/lib/python3/dist-packages/colcon_core/task/python/colcon_distutils_commands:/home/ras/DUM-E_ROSCode/ros2_ws/install/py_srvcli/lib/python3.12/site-packages:/home/ras/DUM-E_ROSCode/ros2_ws/install/tutorial_interfaces/lib/python3.12/site-packages:/home/ras/DUM-E_ROSCode/ros2_ws/install/arduino_interfaces/lib/python3.12/site-packages:${PYTHONPATH} /usr/bin/python3 -W ignore:setup.py install is deprecated -W ignore:easy_install command is deprecated setup.py egg_info --egg-base ../../build/py_srvcli build --build-base /home/ras/DUM-E_ROSCode/ros2_ws/build/py_srvcli/build install --record /home/ras/DUM-E_ROSCode/ros2_ws/build/py_srvcli/install.log --single-version-externally-managed install_data
[63.904s] Level 1:colcon.colcon_core.environment:checking '/home/ras/DUM-E_ROSCode/ros2_ws/install/py_srvcli' for CMake config files
[63.908s] Level 1:colcon.colcon_core.environment:checking '/home/ras/DUM-E_ROSCode/ros2_ws/install/py_srvcli/lib'
[63.908s] Level 1:colcon.colcon_core.environment:checking '/home/ras/DUM-E_ROSCode/ros2_ws/install/py_srvcli/bin'
[63.909s] Level 1:colcon.colcon_core.environment:checking '/home/ras/DUM-E_ROSCode/ros2_ws/install/py_srvcli/lib/pkgconfig/py_srvcli.pc'
[63.910s] Level 1:colcon.colcon_core.environment:checking '/home/ras/DUM-E_ROSCode/ros2_ws/install/py_srvcli/lib/python3.12/site-packages'
[63.910s] Level 1:colcon.colcon_core.shell:create_environment_hook('py_srvcli', 'pythonpath')
[63.911s] INFO:colcon.colcon_core.shell:Creating environment hook '/home/ras/DUM-E_ROSCode/ros2_ws/install/py_srvcli/share/py_srvcli/hook/pythonpath.ps1'
[63.913s] INFO:colcon.colcon_core.shell:Creating environment descriptor '/home/ras/DUM-E_ROSCode/ros2_ws/install/py_srvcli/share/py_srvcli/hook/pythonpath.dsv'
[63.915s] INFO:colcon.colcon_core.shell:Creating environment hook '/home/ras/DUM-E_ROSCode/ros2_ws/install/py_srvcli/share/py_srvcli/hook/pythonpath.sh'
[63.917s] Level 1:colcon.colcon_core.environment:checking '/home/ras/DUM-E_ROSCode/ros2_ws/install/py_srvcli/bin'
[63.917s] Level 1:colcon.colcon_core.environment:create_environment_scripts_only(py_srvcli)
[63.918s] INFO:colcon.colcon_core.shell:Creating package script '/home/ras/DUM-E_ROSCode/ros2_ws/install/py_srvcli/share/py_srvcli/package.ps1'
[63.921s] INFO:colcon.colcon_core.shell:Creating package descriptor '/home/ras/DUM-E_ROSCode/ros2_ws/install/py_srvcli/share/py_srvcli/package.dsv'
[63.923s] INFO:colcon.colcon_core.shell:Creating package script '/home/ras/DUM-E_ROSCode/ros2_ws/install/py_srvcli/share/py_srvcli/package.sh'
[63.925s] INFO:colcon.colcon_core.shell:Creating package script '/home/ras/DUM-E_ROSCode/ros2_ws/install/py_srvcli/share/py_srvcli/package.bash'
[63.926s] INFO:colcon.colcon_core.shell:Creating package script '/home/ras/DUM-E_ROSCode/ros2_ws/install/py_srvcli/share/py_srvcli/package.zsh'
[63.928s] Level 1:colcon.colcon_core.environment:create_file_with_runtime_dependencies(/home/ras/DUM-E_ROSCode/ros2_ws/install/py_srvcli/share/colcon-core/packages/py_srvcli)
[63.931s] DEBUG:colcon.colcon_parallel_executor.executor.parallel:closing loop
[63.932s] DEBUG:colcon.colcon_parallel_executor.executor.parallel:loop closed
[63.932s] DEBUG:colcon.colcon_parallel_executor.executor.parallel:run_until_complete finished with '0'
[63.932s] DEBUG:colcon.colcon_core.event_reactor:joining thread
[63.962s] INFO:colcon.colcon_core.plugin_system:Skipping extension 'colcon_notification.desktop_notification.terminal_notifier': Not used on non-Darwin systems
[63.962s] INFO:colcon.colcon_core.plugin_system:Skipping extension 'colcon_notification.desktop_notification.win32': Not used on non-Windows systems
[63.963s] INFO:colcon.colcon_notification.desktop_notification:Sending desktop notification using 'notify2'
[63.968s] DEBUG:colcon.colcon_notification.desktop_notification.notify2:Failed to initialize notify2: org.freedesktop.DBus.Error.ServiceUnknown: The name org.freedesktop.Notifications was not provided by any .service files
[63.968s] DEBUG:colcon.colcon_core.event_reactor:joined thread
[63.969s] INFO:colcon.colcon_core.shell:Creating prefix script '/home/ras/DUM-E_ROSCode/ros2_ws/install/local_setup.ps1'
[63.972s] INFO:colcon.colcon_core.shell:Creating prefix util module '/home/ras/DUM-E_ROSCode/ros2_ws/install/_local_setup_util_ps1.py'
[63.978s] INFO:colcon.colcon_core.shell:Creating prefix chain script '/home/ras/DUM-E_ROSCode/ros2_ws/install/setup.ps1'
[63.981s] INFO:colcon.colcon_core.shell:Creating prefix script '/home/ras/DUM-E_ROSCode/ros2_ws/install/local_setup.sh'
[63.984s] INFO:colcon.colcon_core.shell:Creating prefix util module '/home/ras/DUM-E_ROSCode/ros2_ws/install/_local_setup_util_sh.py'
[63.986s] INFO:colcon.colcon_core.shell:Creating prefix chain script '/home/ras/DUM-E_ROSCode/ros2_ws/install/setup.sh'
[63.991s] INFO:colcon.colcon_core.shell:Creating prefix script '/home/ras/DUM-E_ROSCode/ros2_ws/install/local_setup.bash'
[63.994s] INFO:colcon.colcon_core.shell:Creating prefix chain script '/home/ras/DUM-E_ROSCode/ros2_ws/install/setup.bash'
[63.998s] INFO:colcon.colcon_core.shell:Creating prefix script '/home/ras/DUM-E_ROSCode/ros2_ws/install/local_setup.zsh'
[64.001s] INFO:colcon.colcon_core.shell:Creating prefix chain script '/home/ras/DUM-E_ROSCode/ros2_ws/install/setup.zsh'
