[0.475s] DEBUG:colcon:Command line arguments: ['/usr/bin/colcon', 'build']
[0.476s] DEBUG:colcon:Parsed command line arguments: Namespace(log_base=None, log_level=None, verb_name='build', build_base='build', install_base='install', merge_install=False, symlink_install=False, test_result_base=None, continue_on_error=False, executor='parallel', parallel_workers=4, event_handlers=None, ignore_user_meta=False, metas=['./colcon.meta'], base_paths=['.'], packages_ignore=None, packages_ignore_regex=None, paths=None, packages_up_to=None, packages_up_to_regex=None, packages_above=None, packages_above_and_dependencies=None, packages_above_depth=None, packages_select_by_dep=None, packages_skip_by_dep=None, packages_skip_up_to=None, packages_select_build_failed=False, packages_skip_build_finished=False, packages_select_test_failures=False, packages_skip_test_passed=False, packages_select=None, packages_skip=None, packages_select_regex=None, packages_skip_regex=None, packages_start=None, packages_end=None, allow_overriding=[], cmake_args=None, cmake_target=None, cmake_target_skip_unavailable=False, cmake_clean_cache=False, cmake_clean_first=False, cmake_force_configure=False, ament_cmake_args=None, catkin_cmake_args=None, catkin_skip_building_tests=False, mixin_files=None, mixin=None, verb_parser=<colcon_mixin.mixin.mixin_argument.MixinArgumentDecorator object at 0xffffbcc7caa0>, verb_extension=<colcon_core.verb.build.BuildVerb object at 0xffffbce387d0>, main=<bound method BuildVerb.main of <colcon_core.verb.build.BuildVerb object at 0xffffbce387d0>>, mixin_verb=('build',))
[0.649s] Level 1:colcon.colcon_core.package_discovery:discover_packages(colcon_meta) check parameters
[0.649s] Level 1:colcon.colcon_core.package_discovery:discover_packages(recursive) check parameters
[0.650s] Level 1:colcon.colcon_core.package_discovery:discover_packages(ignore) check parameters
[0.650s] Level 1:colcon.colcon_core.package_discovery:discover_packages(path) check parameters
[0.650s] Level 1:colcon.colcon_core.package_discovery:discover_packages(colcon_meta) discover
[0.650s] Level 1:colcon.colcon_core.package_discovery:discover_packages(recursive) discover
[0.650s] INFO:colcon.colcon_core.package_discovery:Crawling recursively for packages in '/home/ras/DUM-E_ROSCode/ros2_ws'
[0.651s] Level 1:colcon.colcon_core.package_identification:_identify(.) by extensions ['ignore', 'ignore_ament_install']
[0.651s] Level 1:colcon.colcon_core.package_identification:_identify(.) by extension 'ignore'
[0.652s] Level 1:colcon.colcon_core.package_identification:_identify(.) by extension 'ignore_ament_install'
[0.652s] Level 1:colcon.colcon_core.package_identification:_identify(.) by extensions ['colcon_pkg']
[0.652s] Level 1:colcon.colcon_core.package_identification:_identify(.) by extension 'colcon_pkg'
[0.652s] Level 1:colcon.colcon_core.package_identification:_identify(.) by extensions ['colcon_meta']
[0.652s] Level 1:colcon.colcon_core.package_identification:_identify(.) by extension 'colcon_meta'
[0.653s] Level 1:colcon.colcon_core.package_identification:_identify(.) by extensions ['ros']
[0.653s] Level 1:colcon.colcon_core.package_identification:_identify(.) by extension 'ros'
[0.759s] Level 1:colcon.colcon_core.package_identification:_identify(.) by extensions ['cmake', 'python']
[0.759s] Level 1:colcon.colcon_core.package_identification:_identify(.) by extension 'cmake'
[0.759s] Level 1:colcon.colcon_core.package_identification:_identify(.) by extension 'python'
[0.760s] Level 1:colcon.colcon_core.package_identification:_identify(.) by extensions ['python_setup_py']
[0.760s] Level 1:colcon.colcon_core.package_identification:_identify(.) by extension 'python_setup_py'
[0.760s] Level 1:colcon.colcon_core.package_identification:_identify(build) by extensions ['ignore', 'ignore_ament_install']
[0.761s] Level 1:colcon.colcon_core.package_identification:_identify(build) by extension 'ignore'
[0.761s] Level 1:colcon.colcon_core.package_identification:_identify(build) ignored
[0.762s] Level 1:colcon.colcon_core.package_identification:_identify(install) by extensions ['ignore', 'ignore_ament_install']
[0.763s] Level 1:colcon.colcon_core.package_identification:_identify(install) by extension 'ignore'
[0.763s] Level 1:colcon.colcon_core.package_identification:_identify(install) ignored
[0.764s] Level 1:colcon.colcon_core.package_identification:_identify(log) by extensions ['ignore', 'ignore_ament_install']
[0.764s] Level 1:colcon.colcon_core.package_identification:_identify(log) by extension 'ignore'
[0.764s] Level 1:colcon.colcon_core.package_identification:_identify(log) ignored
[0.765s] Level 1:colcon.colcon_core.package_identification:_identify(src) by extensions ['ignore', 'ignore_ament_install']
[0.765s] Level 1:colcon.colcon_core.package_identification:_identify(src) by extension 'ignore'
[0.765s] Level 1:colcon.colcon_core.package_identification:_identify(src) by extension 'ignore_ament_install'
[0.766s] Level 1:colcon.colcon_core.package_identification:_identify(src) by extensions ['colcon_pkg']
[0.766s] Level 1:colcon.colcon_core.package_identification:_identify(src) by extension 'colcon_pkg'
[0.766s] Level 1:colcon.colcon_core.package_identification:_identify(src) by extensions ['colcon_meta']
[0.766s] Level 1:colcon.colcon_core.package_identification:_identify(src) by extension 'colcon_meta'
[0.766s] Level 1:colcon.colcon_core.package_identification:_identify(src) by extensions ['ros']
[0.766s] Level 1:colcon.colcon_core.package_identification:_identify(src) by extension 'ros'
[0.767s] Level 1:colcon.colcon_core.package_identification:_identify(src) by extensions ['cmake', 'python']
[0.767s] Level 1:colcon.colcon_core.package_identification:_identify(src) by extension 'cmake'
[0.767s] Level 1:colcon.colcon_core.package_identification:_identify(src) by extension 'python'
[0.767s] Level 1:colcon.colcon_core.package_identification:_identify(src) by extensions ['python_setup_py']
[0.767s] Level 1:colcon.colcon_core.package_identification:_identify(src) by extension 'python_setup_py'
[0.768s] Level 1:colcon.colcon_core.package_identification:_identify(src/arduino_interfaces) by extensions ['ignore', 'ignore_ament_install']
[0.768s] Level 1:colcon.colcon_core.package_identification:_identify(src/arduino_interfaces) by extension 'ignore'
[0.768s] Level 1:colcon.colcon_core.package_identification:_identify(src/arduino_interfaces) by extension 'ignore_ament_install'
[0.769s] Level 1:colcon.colcon_core.package_identification:_identify(src/arduino_interfaces) by extensions ['colcon_pkg']
[0.769s] Level 1:colcon.colcon_core.package_identification:_identify(src/arduino_interfaces) by extension 'colcon_pkg'
[0.769s] Level 1:colcon.colcon_core.package_identification:_identify(src/arduino_interfaces) by extensions ['colcon_meta']
[0.769s] Level 1:colcon.colcon_core.package_identification:_identify(src/arduino_interfaces) by extension 'colcon_meta'
[0.769s] Level 1:colcon.colcon_core.package_identification:_identify(src/arduino_interfaces) by extensions ['ros']
[0.770s] Level 1:colcon.colcon_core.package_identification:_identify(src/arduino_interfaces) by extension 'ros'
[0.778s] DEBUG:colcon.colcon_core.package_identification:Package 'src/arduino_interfaces' with type 'ros.ament_cmake' and name 'arduino_interfaces'
[0.778s] Level 1:colcon.colcon_core.package_identification:_identify(src/my_package) by extensions ['ignore', 'ignore_ament_install']
[0.779s] Level 1:colcon.colcon_core.package_identification:_identify(src/my_package) by extension 'ignore'
[0.779s] Level 1:colcon.colcon_core.package_identification:_identify(src/my_package) by extension 'ignore_ament_install'
[0.780s] Level 1:colcon.colcon_core.package_identification:_identify(src/my_package) by extensions ['colcon_pkg']
[0.780s] Level 1:colcon.colcon_core.package_identification:_identify(src/my_package) by extension 'colcon_pkg'
[0.780s] Level 1:colcon.colcon_core.package_identification:_identify(src/my_package) by extensions ['colcon_meta']
[0.781s] Level 1:colcon.colcon_core.package_identification:_identify(src/my_package) by extension 'colcon_meta'
[0.781s] Level 1:colcon.colcon_core.package_identification:_identify(src/my_package) by extensions ['ros']
[0.781s] Level 1:colcon.colcon_core.package_identification:_identify(src/my_package) by extension 'ros'
[0.783s] DEBUG:colcon.colcon_core.package_identification:Package 'src/my_package' with type 'ros.ament_python' and name 'my_package'
[0.784s] Level 1:colcon.colcon_core.package_identification:_identify(src/py_srvcli) by extensions ['ignore', 'ignore_ament_install']
[0.784s] Level 1:colcon.colcon_core.package_identification:_identify(src/py_srvcli) by extension 'ignore'
[0.784s] Level 1:colcon.colcon_core.package_identification:_identify(src/py_srvcli) by extension 'ignore_ament_install'
[0.785s] Level 1:colcon.colcon_core.package_identification:_identify(src/py_srvcli) by extensions ['colcon_pkg']
[0.785s] Level 1:colcon.colcon_core.package_identification:_identify(src/py_srvcli) by extension 'colcon_pkg'
[0.785s] Level 1:colcon.colcon_core.package_identification:_identify(src/py_srvcli) by extensions ['colcon_meta']
[0.785s] Level 1:colcon.colcon_core.package_identification:_identify(src/py_srvcli) by extension 'colcon_meta'
[0.785s] Level 1:colcon.colcon_core.package_identification:_identify(src/py_srvcli) by extensions ['ros']
[0.785s] Level 1:colcon.colcon_core.package_identification:_identify(src/py_srvcli) by extension 'ros'
[0.788s] DEBUG:colcon.colcon_core.package_identification:Package 'src/py_srvcli' with type 'ros.ament_python' and name 'py_srvcli'
[0.788s] Level 1:colcon.colcon_core.package_identification:_identify(src/tutorial_interfaces) by extensions ['ignore', 'ignore_ament_install']
[0.789s] Level 1:colcon.colcon_core.package_identification:_identify(src/tutorial_interfaces) by extension 'ignore'
[0.789s] Level 1:colcon.colcon_core.package_identification:_identify(src/tutorial_interfaces) by extension 'ignore_ament_install'
[0.789s] Level 1:colcon.colcon_core.package_identification:_identify(src/tutorial_interfaces) by extensions ['colcon_pkg']
[0.790s] Level 1:colcon.colcon_core.package_identification:_identify(src/tutorial_interfaces) by extension 'colcon_pkg'
[0.790s] Level 1:colcon.colcon_core.package_identification:_identify(src/tutorial_interfaces) by extensions ['colcon_meta']
[0.790s] Level 1:colcon.colcon_core.package_identification:_identify(src/tutorial_interfaces) by extension 'colcon_meta'
[0.790s] Level 1:colcon.colcon_core.package_identification:_identify(src/tutorial_interfaces) by extensions ['ros']
[0.790s] Level 1:colcon.colcon_core.package_identification:_identify(src/tutorial_interfaces) by extension 'ros'
[0.792s] DEBUG:colcon.colcon_core.package_identification:Package 'src/tutorial_interfaces' with type 'ros.ament_cmake' and name 'tutorial_interfaces'
[0.793s] Level 1:colcon.colcon_core.package_discovery:discover_packages(recursive) using defaults
[0.793s] Level 1:colcon.colcon_core.package_discovery:discover_packages(ignore) discover
[0.793s] Level 1:colcon.colcon_core.package_discovery:discover_packages(ignore) using defaults
[0.794s] Level 1:colcon.colcon_core.package_discovery:discover_packages(path) discover
[0.794s] Level 1:colcon.colcon_core.package_discovery:discover_packages(path) using defaults
[0.865s] Level 1:colcon.colcon_core.package_discovery:discover_packages(prefix_path) check parameters
[0.865s] Level 1:colcon.colcon_core.package_discovery:discover_packages(prefix_path) discover
[0.875s] DEBUG:colcon.colcon_installed_package_information.package_discovery:Found 4 installed packages in /home/ras/DUM-E_ROSCode/ros2_ws/install
[0.885s] DEBUG:colcon.colcon_installed_package_information.package_discovery:Found 285 installed packages in /opt/ros/jazzy
[0.892s] Level 1:colcon.colcon_core.package_discovery:discover_packages(prefix_path) using defaults
[1.089s] Level 5:colcon.colcon_core.verb:set package 'arduino_interfaces' build argument 'cmake_args' from command line to 'None'
[1.090s] Level 5:colcon.colcon_core.verb:set package 'arduino_interfaces' build argument 'cmake_target' from command line to 'None'
[1.090s] Level 5:colcon.colcon_core.verb:set package 'arduino_interfaces' build argument 'cmake_target_skip_unavailable' from command line to 'False'
[1.090s] Level 5:colcon.colcon_core.verb:set package 'arduino_interfaces' build argument 'cmake_clean_cache' from command line to 'False'
[1.090s] Level 5:colcon.colcon_core.verb:set package 'arduino_interfaces' build argument 'cmake_clean_first' from command line to 'False'
[1.090s] Level 5:colcon.colcon_core.verb:set package 'arduino_interfaces' build argument 'cmake_force_configure' from command line to 'False'
[1.090s] Level 5:colcon.colcon_core.verb:set package 'arduino_interfaces' build argument 'ament_cmake_args' from command line to 'None'
[1.090s] Level 5:colcon.colcon_core.verb:set package 'arduino_interfaces' build argument 'catkin_cmake_args' from command line to 'None'
[1.091s] Level 5:colcon.colcon_core.verb:set package 'arduino_interfaces' build argument 'catkin_skip_building_tests' from command line to 'False'
[1.091s] DEBUG:colcon.colcon_core.verb:Building package 'arduino_interfaces' with the following arguments: {'ament_cmake_args': None, 'build_base': '/home/ras/DUM-E_ROSCode/ros2_ws/build/arduino_interfaces', 'catkin_cmake_args': None, 'catkin_skip_building_tests': False, 'cmake_args': None, 'cmake_clean_cache': False, 'cmake_clean_first': False, 'cmake_force_configure': False, 'cmake_target': None, 'cmake_target_skip_unavailable': False, 'install_base': '/home/ras/DUM-E_ROSCode/ros2_ws/install/arduino_interfaces', 'merge_install': False, 'path': '/home/ras/DUM-E_ROSCode/ros2_ws/src/arduino_interfaces', 'symlink_install': False, 'test_result_base': None}
[1.092s] Level 5:colcon.colcon_core.verb:set package 'my_package' build argument 'cmake_args' from command line to 'None'
[1.093s] Level 5:colcon.colcon_core.verb:set package 'my_package' build argument 'cmake_target' from command line to 'None'
[1.093s] Level 5:colcon.colcon_core.verb:set package 'my_package' build argument 'cmake_target_skip_unavailable' from command line to 'False'
[1.093s] Level 5:colcon.colcon_core.verb:set package 'my_package' build argument 'cmake_clean_cache' from command line to 'False'
[1.093s] Level 5:colcon.colcon_core.verb:set package 'my_package' build argument 'cmake_clean_first' from command line to 'False'
[1.093s] Level 5:colcon.colcon_core.verb:set package 'my_package' build argument 'cmake_force_configure' from command line to 'False'
[1.093s] Level 5:colcon.colcon_core.verb:set package 'my_package' build argument 'ament_cmake_args' from command line to 'None'
[1.093s] Level 5:colcon.colcon_core.verb:set package 'my_package' build argument 'catkin_cmake_args' from command line to 'None'
[1.093s] Level 5:colcon.colcon_core.verb:set package 'my_package' build argument 'catkin_skip_building_tests' from command line to 'False'
[1.094s] DEBUG:colcon.colcon_core.verb:Building package 'my_package' with the following arguments: {'ament_cmake_args': None, 'build_base': '/home/ras/DUM-E_ROSCode/ros2_ws/build/my_package', 'catkin_cmake_args': None, 'catkin_skip_building_tests': False, 'cmake_args': None, 'cmake_clean_cache': False, 'cmake_clean_first': False, 'cmake_force_configure': False, 'cmake_target': None, 'cmake_target_skip_unavailable': False, 'install_base': '/home/ras/DUM-E_ROSCode/ros2_ws/install/my_package', 'merge_install': False, 'path': '/home/ras/DUM-E_ROSCode/ros2_ws/src/my_package', 'symlink_install': False, 'test_result_base': None}
[1.095s] Level 5:colcon.colcon_core.verb:set package 'tutorial_interfaces' build argument 'cmake_args' from command line to 'None'
[1.095s] Level 5:colcon.colcon_core.verb:set package 'tutorial_interfaces' build argument 'cmake_target' from command line to 'None'
[1.095s] Level 5:colcon.colcon_core.verb:set package 'tutorial_interfaces' build argument 'cmake_target_skip_unavailable' from command line to 'False'
[1.095s] Level 5:colcon.colcon_core.verb:set package 'tutorial_interfaces' build argument 'cmake_clean_cache' from command line to 'False'
[1.096s] Level 5:colcon.colcon_core.verb:set package 'tutorial_interfaces' build argument 'cmake_clean_first' from command line to 'False'
[1.096s] Level 5:colcon.colcon_core.verb:set package 'tutorial_interfaces' build argument 'cmake_force_configure' from command line to 'False'
[1.096s] Level 5:colcon.colcon_core.verb:set package 'tutorial_interfaces' build argument 'ament_cmake_args' from command line to 'None'
[1.096s] Level 5:colcon.colcon_core.verb:set package 'tutorial_interfaces' build argument 'catkin_cmake_args' from command line to 'None'
[1.096s] Level 5:colcon.colcon_core.verb:set package 'tutorial_interfaces' build argument 'catkin_skip_building_tests' from command line to 'False'
[1.096s] DEBUG:colcon.colcon_core.verb:Building package 'tutorial_interfaces' with the following arguments: {'ament_cmake_args': None, 'build_base': '/home/ras/DUM-E_ROSCode/ros2_ws/build/tutorial_interfaces', 'catkin_cmake_args': None, 'catkin_skip_building_tests': False, 'cmake_args': None, 'cmake_clean_cache': False, 'cmake_clean_first': False, 'cmake_force_configure': False, 'cmake_target': None, 'cmake_target_skip_unavailable': False, 'install_base': '/home/ras/DUM-E_ROSCode/ros2_ws/install/tutorial_interfaces', 'merge_install': False, 'path': '/home/ras/DUM-E_ROSCode/ros2_ws/src/tutorial_interfaces', 'symlink_install': False, 'test_result_base': None}
[1.098s] Level 5:colcon.colcon_core.verb:set package 'py_srvcli' build argument 'cmake_args' from command line to 'None'
[1.098s] Level 5:colcon.colcon_core.verb:set package 'py_srvcli' build argument 'cmake_target' from command line to 'None'
[1.098s] Level 5:colcon.colcon_core.verb:set package 'py_srvcli' build argument 'cmake_target_skip_unavailable' from command line to 'False'
[1.098s] Level 5:colcon.colcon_core.verb:set package 'py_srvcli' build argument 'cmake_clean_cache' from command line to 'False'
[1.098s] Level 5:colcon.colcon_core.verb:set package 'py_srvcli' build argument 'cmake_clean_first' from command line to 'False'
[1.098s] Level 5:colcon.colcon_core.verb:set package 'py_srvcli' build argument 'cmake_force_configure' from command line to 'False'
[1.098s] Level 5:colcon.colcon_core.verb:set package 'py_srvcli' build argument 'ament_cmake_args' from command line to 'None'
[1.098s] Level 5:colcon.colcon_core.verb:set package 'py_srvcli' build argument 'catkin_cmake_args' from command line to 'None'
[1.098s] Level 5:colcon.colcon_core.verb:set package 'py_srvcli' build argument 'catkin_skip_building_tests' from command line to 'False'
[1.099s] DEBUG:colcon.colcon_core.verb:Building package 'py_srvcli' with the following arguments: {'ament_cmake_args': None, 'build_base': '/home/ras/DUM-E_ROSCode/ros2_ws/build/py_srvcli', 'catkin_cmake_args': None, 'catkin_skip_building_tests': False, 'cmake_args': None, 'cmake_clean_cache': False, 'cmake_clean_first': False, 'cmake_force_configure': False, 'cmake_target': None, 'cmake_target_skip_unavailable': False, 'install_base': '/home/ras/DUM-E_ROSCode/ros2_ws/install/py_srvcli', 'merge_install': False, 'path': '/home/ras/DUM-E_ROSCode/ros2_ws/src/py_srvcli', 'symlink_install': False, 'test_result_base': None}
[1.099s] INFO:colcon.colcon_core.executor:Executing jobs using 'parallel' executor
[1.103s] DEBUG:colcon.colcon_parallel_executor.executor.parallel:run_until_complete
[1.104s] INFO:colcon.colcon_ros.task.ament_cmake.build:Building ROS package in '/home/ras/DUM-E_ROSCode/ros2_ws/src/arduino_interfaces' with build type 'ament_cmake'
[1.104s] INFO:colcon.colcon_cmake.task.cmake.build:Building CMake package in '/home/ras/DUM-E_ROSCode/ros2_ws/src/arduino_interfaces'
[1.114s] INFO:colcon.colcon_core.plugin_system:Skipping extension 'colcon_core.shell.bat': Not used on non-Windows systems
[1.115s] INFO:colcon.colcon_core.shell:Skip shell extension 'powershell' for command environment: Not usable outside of PowerShell
[1.116s] DEBUG:colcon.colcon_core.shell:Skip shell extension 'dsv' for command environment
[1.136s] INFO:colcon.colcon_ros.task.ament_cmake.build:Building ROS package in '/home/ras/DUM-E_ROSCode/ros2_ws/src/tutorial_interfaces' with build type 'ament_cmake'
[1.138s] INFO:colcon.colcon_cmake.task.cmake.build:Building CMake package in '/home/ras/DUM-E_ROSCode/ros2_ws/src/tutorial_interfaces'
[1.138s] INFO:colcon.colcon_core.shell:Skip shell extension 'powershell' for command environment: Not usable outside of PowerShell
[1.139s] DEBUG:colcon.colcon_core.shell:Skip shell extension 'dsv' for command environment
[1.160s] INFO:colcon.colcon_ros.task.ament_python.build:Building ROS package in '/home/ras/DUM-E_ROSCode/ros2_ws/src/my_package' with build type 'ament_python'
[1.160s] Level 1:colcon.colcon_core.shell:create_environment_hook('my_package', 'ament_prefix_path')
[1.161s] INFO:colcon.colcon_core.shell:Creating environment hook '/home/ras/DUM-E_ROSCode/ros2_ws/install/my_package/share/my_package/hook/ament_prefix_path.ps1'
[1.164s] INFO:colcon.colcon_core.shell:Creating environment descriptor '/home/ras/DUM-E_ROSCode/ros2_ws/install/my_package/share/my_package/hook/ament_prefix_path.dsv'
[1.166s] INFO:colcon.colcon_core.shell:Creating environment hook '/home/ras/DUM-E_ROSCode/ros2_ws/install/my_package/share/my_package/hook/ament_prefix_path.sh'
[1.170s] INFO:colcon.colcon_core.shell:Skip shell extension 'powershell' for command environment: Not usable outside of PowerShell
[1.171s] DEBUG:colcon.colcon_core.shell:Skip shell extension 'dsv' for command environment
[1.215s] DEBUG:colcon.colcon_core.event_handler.log_command:Invoking command in '/home/ras/DUM-E_ROSCode/ros2_ws/build/arduino_interfaces': CMAKE_PREFIX_PATH=${CMAKE_PREFIX_PATH}:/home/ras/DUM-E_ROSCode/ros2_ws/install/py_srvcli:/home/ras/DUM-E_ROSCode/ros2_ws/install/my_package:/opt/ros/jazzy DEBUGINFOD_URLS=https://debuginfod.ubuntu.com /usr/bin/cmake --build /home/ras/DUM-E_ROSCode/ros2_ws/build/arduino_interfaces -- -j4 -l4
[1.233s] DEBUG:colcon.colcon_core.event_handler.log_command:Invoking command in '/home/ras/DUM-E_ROSCode/ros2_ws/build/tutorial_interfaces': CMAKE_PREFIX_PATH=${CMAKE_PREFIX_PATH}:/home/ras/DUM-E_ROSCode/ros2_ws/install/py_srvcli:/home/ras/DUM-E_ROSCode/ros2_ws/install/my_package:/opt/ros/jazzy DEBUGINFOD_URLS=https://debuginfod.ubuntu.com /usr/bin/cmake --build /home/ras/DUM-E_ROSCode/ros2_ws/build/tutorial_interfaces -- -j4 -l4
[3.662s] INFO:colcon.colcon_core.task.python.build:Building Python package in '/home/ras/DUM-E_ROSCode/ros2_ws/src/my_package'
[3.663s] INFO:colcon.colcon_core.shell:Skip shell extension 'powershell' for command environment: Not usable outside of PowerShell
[3.663s] DEBUG:colcon.colcon_core.shell:Skip shell extension 'dsv' for command environment
[4.892s] DEBUG:colcon.colcon_core.event_handler.log_command:Invoked command in '/home/ras/DUM-E_ROSCode/ros2_ws/build/arduino_interfaces' returned '0': CMAKE_PREFIX_PATH=${CMAKE_PREFIX_PATH}:/home/ras/DUM-E_ROSCode/ros2_ws/install/py_srvcli:/home/ras/DUM-E_ROSCode/ros2_ws/install/my_package:/opt/ros/jazzy DEBUGINFOD_URLS=https://debuginfod.ubuntu.com /usr/bin/cmake --build /home/ras/DUM-E_ROSCode/ros2_ws/build/arduino_interfaces -- -j4 -l4
[4.951s] DEBUG:colcon.colcon_core.event_handler.log_command:Invoking command in '/home/ras/DUM-E_ROSCode/ros2_ws/build/arduino_interfaces': CMAKE_PREFIX_PATH=${CMAKE_PREFIX_PATH}:/home/ras/DUM-E_ROSCode/ros2_ws/install/py_srvcli:/home/ras/DUM-E_ROSCode/ros2_ws/install/my_package:/opt/ros/jazzy DEBUGINFOD_URLS=https://debuginfod.ubuntu.com /usr/bin/cmake --install /home/ras/DUM-E_ROSCode/ros2_ws/build/arduino_interfaces
[5.384s] DEBUG:colcon.colcon_core.event_handler.log_command:Invoked command in '/home/ras/DUM-E_ROSCode/ros2_ws/build/tutorial_interfaces' returned '0': CMAKE_PREFIX_PATH=${CMAKE_PREFIX_PATH}:/home/ras/DUM-E_ROSCode/ros2_ws/install/py_srvcli:/home/ras/DUM-E_ROSCode/ros2_ws/install/my_package:/opt/ros/jazzy DEBUGINFOD_URLS=https://debuginfod.ubuntu.com /usr/bin/cmake --build /home/ras/DUM-E_ROSCode/ros2_ws/build/tutorial_interfaces -- -j4 -l4
[5.391s] DEBUG:colcon.colcon_core.event_handler.log_command:Invoking command in '/home/ras/DUM-E_ROSCode/ros2_ws/build/tutorial_interfaces': CMAKE_PREFIX_PATH=${CMAKE_PREFIX_PATH}:/home/ras/DUM-E_ROSCode/ros2_ws/install/py_srvcli:/home/ras/DUM-E_ROSCode/ros2_ws/install/my_package:/opt/ros/jazzy DEBUGINFOD_URLS=https://debuginfod.ubuntu.com /usr/bin/cmake --install /home/ras/DUM-E_ROSCode/ros2_ws/build/tutorial_interfaces
[5.584s] Level 1:colcon.colcon_core.environment:create_environment_scripts_only(arduino_interfaces)
[5.612s] Level 1:colcon.colcon_core.environment:checking '/home/ras/DUM-E_ROSCode/ros2_ws/install/arduino_interfaces' for CMake module files
[5.626s] Level 1:colcon.colcon_core.environment:checking '/home/ras/DUM-E_ROSCode/ros2_ws/install/arduino_interfaces' for CMake config files
[5.635s] Level 1:colcon.colcon_core.shell:create_environment_hook('arduino_interfaces', 'cmake_prefix_path')
[5.637s] INFO:colcon.colcon_core.shell:Creating environment hook '/home/ras/DUM-E_ROSCode/ros2_ws/install/arduino_interfaces/share/arduino_interfaces/hook/cmake_prefix_path.ps1'
[5.642s] INFO:colcon.colcon_core.shell:Creating environment descriptor '/home/ras/DUM-E_ROSCode/ros2_ws/install/arduino_interfaces/share/arduino_interfaces/hook/cmake_prefix_path.dsv'
[5.649s] INFO:colcon.colcon_core.shell:Creating environment hook '/home/ras/DUM-E_ROSCode/ros2_ws/install/arduino_interfaces/share/arduino_interfaces/hook/cmake_prefix_path.sh'
[5.662s] Level 1:colcon.colcon_core.environment:checking '/home/ras/DUM-E_ROSCode/ros2_ws/install/arduino_interfaces/lib'
[5.663s] Level 1:colcon.colcon_core.shell:create_environment_hook('arduino_interfaces', 'ld_library_path_lib')
[5.668s] INFO:colcon.colcon_core.shell:Creating environment hook '/home/ras/DUM-E_ROSCode/ros2_ws/install/arduino_interfaces/share/arduino_interfaces/hook/ld_library_path_lib.ps1'
[5.684s] INFO:colcon.colcon_core.shell:Creating environment descriptor '/home/ras/DUM-E_ROSCode/ros2_ws/install/arduino_interfaces/share/arduino_interfaces/hook/ld_library_path_lib.dsv'
[5.702s] INFO:colcon.colcon_core.shell:Creating environment hook '/home/ras/DUM-E_ROSCode/ros2_ws/install/arduino_interfaces/share/arduino_interfaces/hook/ld_library_path_lib.sh'
[5.707s] Level 1:colcon.colcon_core.environment:checking '/home/ras/DUM-E_ROSCode/ros2_ws/install/arduino_interfaces/bin'
[5.710s] Level 1:colcon.colcon_core.environment:checking '/home/ras/DUM-E_ROSCode/ros2_ws/install/arduino_interfaces/lib/pkgconfig/arduino_interfaces.pc'
[5.712s] Level 1:colcon.colcon_core.environment:checking '/home/ras/DUM-E_ROSCode/ros2_ws/install/arduino_interfaces/lib/python3.12/site-packages'
[5.713s] Level 1:colcon.colcon_core.shell:create_environment_hook('arduino_interfaces', 'pythonpath')
[5.715s] INFO:colcon.colcon_core.shell:Creating environment hook '/home/ras/DUM-E_ROSCode/ros2_ws/install/arduino_interfaces/share/arduino_interfaces/hook/pythonpath.ps1'
[5.719s] INFO:colcon.colcon_core.shell:Creating environment descriptor '/home/ras/DUM-E_ROSCode/ros2_ws/install/arduino_interfaces/share/arduino_interfaces/hook/pythonpath.dsv'
[5.741s] INFO:colcon.colcon_core.shell:Creating environment hook '/home/ras/DUM-E_ROSCode/ros2_ws/install/arduino_interfaces/share/arduino_interfaces/hook/pythonpath.sh'
[5.749s] Level 1:colcon.colcon_core.environment:checking '/home/ras/DUM-E_ROSCode/ros2_ws/install/arduino_interfaces/bin'
[5.751s] INFO:colcon.colcon_core.shell:Creating package script '/home/ras/DUM-E_ROSCode/ros2_ws/install/arduino_interfaces/share/arduino_interfaces/package.ps1'
[5.762s] INFO:colcon.colcon_core.shell:Creating package descriptor '/home/ras/DUM-E_ROSCode/ros2_ws/install/arduino_interfaces/share/arduino_interfaces/package.dsv'
[5.772s] INFO:colcon.colcon_core.shell:Creating package script '/home/ras/DUM-E_ROSCode/ros2_ws/install/arduino_interfaces/share/arduino_interfaces/package.sh'
[5.788s] INFO:colcon.colcon_core.shell:Creating package script '/home/ras/DUM-E_ROSCode/ros2_ws/install/arduino_interfaces/share/arduino_interfaces/package.bash'
[5.804s] INFO:colcon.colcon_core.shell:Creating package script '/home/ras/DUM-E_ROSCode/ros2_ws/install/arduino_interfaces/share/arduino_interfaces/package.zsh'
[5.812s] Level 1:colcon.colcon_core.environment:create_file_with_runtime_dependencies(/home/ras/DUM-E_ROSCode/ros2_ws/install/arduino_interfaces/share/colcon-core/packages/arduino_interfaces)
[5.821s] Level 1:colcon.colcon_core.environment:create_environment_scripts_only(arduino_interfaces)
[5.826s] Level 1:colcon.colcon_core.environment:checking '/home/ras/DUM-E_ROSCode/ros2_ws/install/arduino_interfaces' for CMake module files
[5.844s] DEBUG:colcon.colcon_core.event_handler.log_command:Invoked command in '/home/ras/DUM-E_ROSCode/ros2_ws/build/arduino_interfaces' returned '0': CMAKE_PREFIX_PATH=${CMAKE_PREFIX_PATH}:/home/ras/DUM-E_ROSCode/ros2_ws/install/py_srvcli:/home/ras/DUM-E_ROSCode/ros2_ws/install/my_package:/opt/ros/jazzy DEBUGINFOD_URLS=https://debuginfod.ubuntu.com /usr/bin/cmake --install /home/ras/DUM-E_ROSCode/ros2_ws/build/arduino_interfaces
[5.861s] Level 1:colcon.colcon_core.environment:checking '/home/ras/DUM-E_ROSCode/ros2_ws/install/arduino_interfaces' for CMake config files
[5.886s] Level 1:colcon.colcon_core.shell:create_environment_hook('arduino_interfaces', 'cmake_prefix_path')
[5.887s] INFO:colcon.colcon_core.shell:Creating environment hook '/home/ras/DUM-E_ROSCode/ros2_ws/install/arduino_interfaces/share/arduino_interfaces/hook/cmake_prefix_path.ps1'
[5.889s] INFO:colcon.colcon_core.shell:Creating environment descriptor '/home/ras/DUM-E_ROSCode/ros2_ws/install/arduino_interfaces/share/arduino_interfaces/hook/cmake_prefix_path.dsv'
[5.892s] INFO:colcon.colcon_core.shell:Creating environment hook '/home/ras/DUM-E_ROSCode/ros2_ws/install/arduino_interfaces/share/arduino_interfaces/hook/cmake_prefix_path.sh'
[5.895s] Level 1:colcon.colcon_core.environment:checking '/home/ras/DUM-E_ROSCode/ros2_ws/install/arduino_interfaces/lib'
[5.896s] Level 1:colcon.colcon_core.shell:create_environment_hook('arduino_interfaces', 'ld_library_path_lib')
[5.897s] INFO:colcon.colcon_core.shell:Creating environment hook '/home/ras/DUM-E_ROSCode/ros2_ws/install/arduino_interfaces/share/arduino_interfaces/hook/ld_library_path_lib.ps1'
[5.899s] INFO:colcon.colcon_core.shell:Creating environment descriptor '/home/ras/DUM-E_ROSCode/ros2_ws/install/arduino_interfaces/share/arduino_interfaces/hook/ld_library_path_lib.dsv'
[5.901s] INFO:colcon.colcon_core.shell:Creating environment hook '/home/ras/DUM-E_ROSCode/ros2_ws/install/arduino_interfaces/share/arduino_interfaces/hook/ld_library_path_lib.sh'
[5.903s] Level 1:colcon.colcon_core.environment:checking '/home/ras/DUM-E_ROSCode/ros2_ws/install/arduino_interfaces/bin'
[5.903s] Level 1:colcon.colcon_core.environment:checking '/home/ras/DUM-E_ROSCode/ros2_ws/install/arduino_interfaces/lib/pkgconfig/arduino_interfaces.pc'
[5.904s] Level 1:colcon.colcon_core.environment:checking '/home/ras/DUM-E_ROSCode/ros2_ws/install/arduino_interfaces/lib/python3.12/site-packages'
[5.905s] Level 1:colcon.colcon_core.shell:create_environment_hook('arduino_interfaces', 'pythonpath')
[5.906s] INFO:colcon.colcon_core.shell:Creating environment hook '/home/ras/DUM-E_ROSCode/ros2_ws/install/arduino_interfaces/share/arduino_interfaces/hook/pythonpath.ps1'
[5.908s] INFO:colcon.colcon_core.shell:Creating environment descriptor '/home/ras/DUM-E_ROSCode/ros2_ws/install/arduino_interfaces/share/arduino_interfaces/hook/pythonpath.dsv'
[5.910s] INFO:colcon.colcon_core.shell:Creating environment hook '/home/ras/DUM-E_ROSCode/ros2_ws/install/arduino_interfaces/share/arduino_interfaces/hook/pythonpath.sh'
[5.913s] Level 1:colcon.colcon_core.environment:checking '/home/ras/DUM-E_ROSCode/ros2_ws/install/arduino_interfaces/bin'
[5.915s] INFO:colcon.colcon_core.shell:Creating package script '/home/ras/DUM-E_ROSCode/ros2_ws/install/arduino_interfaces/share/arduino_interfaces/package.ps1'
[5.918s] INFO:colcon.colcon_core.shell:Creating package descriptor '/home/ras/DUM-E_ROSCode/ros2_ws/install/arduino_interfaces/share/arduino_interfaces/package.dsv'
[5.921s] INFO:colcon.colcon_core.shell:Creating package script '/home/ras/DUM-E_ROSCode/ros2_ws/install/arduino_interfaces/share/arduino_interfaces/package.sh'
[5.924s] INFO:colcon.colcon_core.shell:Creating package script '/home/ras/DUM-E_ROSCode/ros2_ws/install/arduino_interfaces/share/arduino_interfaces/package.bash'
[5.926s] INFO:colcon.colcon_core.shell:Creating package script '/home/ras/DUM-E_ROSCode/ros2_ws/install/arduino_interfaces/share/arduino_interfaces/package.zsh'
[5.929s] Level 1:colcon.colcon_core.environment:create_file_with_runtime_dependencies(/home/ras/DUM-E_ROSCode/ros2_ws/install/arduino_interfaces/share/colcon-core/packages/arduino_interfaces)
[5.934s] Level 1:colcon.colcon_core.environment:create_environment_scripts_only(tutorial_interfaces)
[5.935s] Level 1:colcon.colcon_core.environment:checking '/home/ras/DUM-E_ROSCode/ros2_ws/install/tutorial_interfaces' for CMake module files
[5.937s] DEBUG:colcon.colcon_core.event_handler.log_command:Invoked command in '/home/ras/DUM-E_ROSCode/ros2_ws/build/tutorial_interfaces' returned '0': CMAKE_PREFIX_PATH=${CMAKE_PREFIX_PATH}:/home/ras/DUM-E_ROSCode/ros2_ws/install/py_srvcli:/home/ras/DUM-E_ROSCode/ros2_ws/install/my_package:/opt/ros/jazzy DEBUGINFOD_URLS=https://debuginfod.ubuntu.com /usr/bin/cmake --install /home/ras/DUM-E_ROSCode/ros2_ws/build/tutorial_interfaces
[5.942s] Level 1:colcon.colcon_core.environment:checking '/home/ras/DUM-E_ROSCode/ros2_ws/install/tutorial_interfaces' for CMake config files
[5.945s] Level 1:colcon.colcon_core.shell:create_environment_hook('tutorial_interfaces', 'cmake_prefix_path')
[5.946s] INFO:colcon.colcon_core.shell:Creating environment hook '/home/ras/DUM-E_ROSCode/ros2_ws/install/tutorial_interfaces/share/tutorial_interfaces/hook/cmake_prefix_path.ps1'
[5.948s] INFO:colcon.colcon_core.shell:Creating environment descriptor '/home/ras/DUM-E_ROSCode/ros2_ws/install/tutorial_interfaces/share/tutorial_interfaces/hook/cmake_prefix_path.dsv'
[5.950s] INFO:colcon.colcon_core.shell:Creating environment hook '/home/ras/DUM-E_ROSCode/ros2_ws/install/tutorial_interfaces/share/tutorial_interfaces/hook/cmake_prefix_path.sh'
[5.953s] Level 1:colcon.colcon_core.environment:checking '/home/ras/DUM-E_ROSCode/ros2_ws/install/tutorial_interfaces/lib'
[5.954s] Level 1:colcon.colcon_core.shell:create_environment_hook('tutorial_interfaces', 'ld_library_path_lib')
[5.955s] INFO:colcon.colcon_core.shell:Creating environment hook '/home/ras/DUM-E_ROSCode/ros2_ws/install/tutorial_interfaces/share/tutorial_interfaces/hook/ld_library_path_lib.ps1'
[5.957s] INFO:colcon.colcon_core.shell:Creating environment descriptor '/home/ras/DUM-E_ROSCode/ros2_ws/install/tutorial_interfaces/share/tutorial_interfaces/hook/ld_library_path_lib.dsv'
[5.959s] INFO:colcon.colcon_core.shell:Creating environment hook '/home/ras/DUM-E_ROSCode/ros2_ws/install/tutorial_interfaces/share/tutorial_interfaces/hook/ld_library_path_lib.sh'
[5.961s] Level 1:colcon.colcon_core.environment:checking '/home/ras/DUM-E_ROSCode/ros2_ws/install/tutorial_interfaces/bin'
[5.961s] Level 1:colcon.colcon_core.environment:checking '/home/ras/DUM-E_ROSCode/ros2_ws/install/tutorial_interfaces/lib/pkgconfig/tutorial_interfaces.pc'
[5.962s] Level 1:colcon.colcon_core.environment:checking '/home/ras/DUM-E_ROSCode/ros2_ws/install/tutorial_interfaces/lib/python3.12/site-packages'
[5.963s] Level 1:colcon.colcon_core.shell:create_environment_hook('tutorial_interfaces', 'pythonpath')
[5.964s] INFO:colcon.colcon_core.shell:Creating environment hook '/home/ras/DUM-E_ROSCode/ros2_ws/install/tutorial_interfaces/share/tutorial_interfaces/hook/pythonpath.ps1'
[5.966s] INFO:colcon.colcon_core.shell:Creating environment descriptor '/home/ras/DUM-E_ROSCode/ros2_ws/install/tutorial_interfaces/share/tutorial_interfaces/hook/pythonpath.dsv'
[5.968s] INFO:colcon.colcon_core.shell:Creating environment hook '/home/ras/DUM-E_ROSCode/ros2_ws/install/tutorial_interfaces/share/tutorial_interfaces/hook/pythonpath.sh'
[5.971s] Level 1:colcon.colcon_core.environment:checking '/home/ras/DUM-E_ROSCode/ros2_ws/install/tutorial_interfaces/bin'
[5.972s] INFO:colcon.colcon_core.shell:Creating package script '/home/ras/DUM-E_ROSCode/ros2_ws/install/tutorial_interfaces/share/tutorial_interfaces/package.ps1'
[5.974s] INFO:colcon.colcon_core.shell:Creating package descriptor '/home/ras/DUM-E_ROSCode/ros2_ws/install/tutorial_interfaces/share/tutorial_interfaces/package.dsv'
[5.977s] INFO:colcon.colcon_core.shell:Creating package script '/home/ras/DUM-E_ROSCode/ros2_ws/install/tutorial_interfaces/share/tutorial_interfaces/package.sh'
[5.979s] INFO:colcon.colcon_core.shell:Creating package script '/home/ras/DUM-E_ROSCode/ros2_ws/install/tutorial_interfaces/share/tutorial_interfaces/package.bash'
[5.981s] INFO:colcon.colcon_core.shell:Creating package script '/home/ras/DUM-E_ROSCode/ros2_ws/install/tutorial_interfaces/share/tutorial_interfaces/package.zsh'
[5.982s] Level 1:colcon.colcon_core.environment:create_file_with_runtime_dependencies(/home/ras/DUM-E_ROSCode/ros2_ws/install/tutorial_interfaces/share/colcon-core/packages/tutorial_interfaces)
[5.986s] Level 1:colcon.colcon_core.environment:create_environment_scripts_only(tutorial_interfaces)
[5.987s] Level 1:colcon.colcon_core.environment:checking '/home/ras/DUM-E_ROSCode/ros2_ws/install/tutorial_interfaces' for CMake module files
[5.992s] Level 1:colcon.colcon_core.environment:checking '/home/ras/DUM-E_ROSCode/ros2_ws/install/tutorial_interfaces' for CMake config files
[5.996s] Level 1:colcon.colcon_core.shell:create_environment_hook('tutorial_interfaces', 'cmake_prefix_path')
[5.997s] INFO:colcon.colcon_core.shell:Creating environment hook '/home/ras/DUM-E_ROSCode/ros2_ws/install/tutorial_interfaces/share/tutorial_interfaces/hook/cmake_prefix_path.ps1'
[5.999s] INFO:colcon.colcon_core.shell:Creating environment descriptor '/home/ras/DUM-E_ROSCode/ros2_ws/install/tutorial_interfaces/share/tutorial_interfaces/hook/cmake_prefix_path.dsv'
[6.001s] INFO:colcon.colcon_core.shell:Creating environment hook '/home/ras/DUM-E_ROSCode/ros2_ws/install/tutorial_interfaces/share/tutorial_interfaces/hook/cmake_prefix_path.sh'
[6.004s] Level 1:colcon.colcon_core.environment:checking '/home/ras/DUM-E_ROSCode/ros2_ws/install/tutorial_interfaces/lib'
[6.004s] Level 1:colcon.colcon_core.shell:create_environment_hook('tutorial_interfaces', 'ld_library_path_lib')
[6.006s] INFO:colcon.colcon_core.shell:Creating environment hook '/home/ras/DUM-E_ROSCode/ros2_ws/install/tutorial_interfaces/share/tutorial_interfaces/hook/ld_library_path_lib.ps1'
[6.008s] INFO:colcon.colcon_core.shell:Creating environment descriptor '/home/ras/DUM-E_ROSCode/ros2_ws/install/tutorial_interfaces/share/tutorial_interfaces/hook/ld_library_path_lib.dsv'
[6.010s] INFO:colcon.colcon_core.shell:Creating environment hook '/home/ras/DUM-E_ROSCode/ros2_ws/install/tutorial_interfaces/share/tutorial_interfaces/hook/ld_library_path_lib.sh'
[6.012s] Level 1:colcon.colcon_core.environment:checking '/home/ras/DUM-E_ROSCode/ros2_ws/install/tutorial_interfaces/bin'
[6.013s] Level 1:colcon.colcon_core.environment:checking '/home/ras/DUM-E_ROSCode/ros2_ws/install/tutorial_interfaces/lib/pkgconfig/tutorial_interfaces.pc'
[6.014s] Level 1:colcon.colcon_core.environment:checking '/home/ras/DUM-E_ROSCode/ros2_ws/install/tutorial_interfaces/lib/python3.12/site-packages'
[6.014s] Level 1:colcon.colcon_core.shell:create_environment_hook('tutorial_interfaces', 'pythonpath')
[6.015s] INFO:colcon.colcon_core.shell:Creating environment hook '/home/ras/DUM-E_ROSCode/ros2_ws/install/tutorial_interfaces/share/tutorial_interfaces/hook/pythonpath.ps1'
[6.017s] INFO:colcon.colcon_core.shell:Creating environment descriptor '/home/ras/DUM-E_ROSCode/ros2_ws/install/tutorial_interfaces/share/tutorial_interfaces/hook/pythonpath.dsv'
[6.019s] INFO:colcon.colcon_core.shell:Creating environment hook '/home/ras/DUM-E_ROSCode/ros2_ws/install/tutorial_interfaces/share/tutorial_interfaces/hook/pythonpath.sh'
[6.022s] Level 1:colcon.colcon_core.environment:checking '/home/ras/DUM-E_ROSCode/ros2_ws/install/tutorial_interfaces/bin'
[6.023s] INFO:colcon.colcon_core.shell:Creating package script '/home/ras/DUM-E_ROSCode/ros2_ws/install/tutorial_interfaces/share/tutorial_interfaces/package.ps1'
[6.026s] INFO:colcon.colcon_core.shell:Creating package descriptor '/home/ras/DUM-E_ROSCode/ros2_ws/install/tutorial_interfaces/share/tutorial_interfaces/package.dsv'
[6.029s] INFO:colcon.colcon_core.shell:Creating package script '/home/ras/DUM-E_ROSCode/ros2_ws/install/tutorial_interfaces/share/tutorial_interfaces/package.sh'
[6.032s] INFO:colcon.colcon_core.shell:Creating package script '/home/ras/DUM-E_ROSCode/ros2_ws/install/tutorial_interfaces/share/tutorial_interfaces/package.bash'
[6.034s] INFO:colcon.colcon_core.shell:Creating package script '/home/ras/DUM-E_ROSCode/ros2_ws/install/tutorial_interfaces/share/tutorial_interfaces/package.zsh'
[6.037s] Level 1:colcon.colcon_core.environment:create_file_with_runtime_dependencies(/home/ras/DUM-E_ROSCode/ros2_ws/install/tutorial_interfaces/share/colcon-core/packages/tutorial_interfaces)
[6.039s] INFO:colcon.colcon_ros.task.ament_python.build:Building ROS package in '/home/ras/DUM-E_ROSCode/ros2_ws/src/py_srvcli' with build type 'ament_python'
[6.040s] Level 1:colcon.colcon_core.shell:create_environment_hook('py_srvcli', 'ament_prefix_path')
[6.041s] INFO:colcon.colcon_core.shell:Creating environment hook '/home/ras/DUM-E_ROSCode/ros2_ws/install/py_srvcli/share/py_srvcli/hook/ament_prefix_path.ps1'
[6.045s] INFO:colcon.colcon_core.shell:Creating environment descriptor '/home/ras/DUM-E_ROSCode/ros2_ws/install/py_srvcli/share/py_srvcli/hook/ament_prefix_path.dsv'
[6.047s] INFO:colcon.colcon_core.shell:Creating environment hook '/home/ras/DUM-E_ROSCode/ros2_ws/install/py_srvcli/share/py_srvcli/hook/ament_prefix_path.sh'
[6.049s] INFO:colcon.colcon_core.shell:Skip shell extension 'powershell' for command environment: Not usable outside of PowerShell
[6.050s] DEBUG:colcon.colcon_core.shell:Skip shell extension 'dsv' for command environment
[7.185s] INFO:colcon.colcon_core.task.python.build:Building Python package in '/home/ras/DUM-E_ROSCode/ros2_ws/src/py_srvcli'
[7.186s] INFO:colcon.colcon_core.shell:Skip shell extension 'powershell' for command environment: Not usable outside of PowerShell
[7.187s] DEBUG:colcon.colcon_core.shell:Skip shell extension 'dsv' for command environment
[7.848s] DEBUG:colcon.colcon_core.event_handler.log_command:Invoking command in '/home/ras/DUM-E_ROSCode/ros2_ws/src/my_package': DEBUGINFOD_URLS=https://debuginfod.ubuntu.com PYTHONPATH=/home/ras/DUM-E_ROSCode/ros2_ws/build/my_package/prefix_override:/usr/lib/python3/dist-packages/colcon_core/task/python/colcon_distutils_commands:/home/ras/DUM-E_ROSCode/ros2_ws/install/my_package/lib/python3.12/site-packages:${PYTHONPATH} /usr/bin/python3 -W ignore:setup.py install is deprecated -W ignore:easy_install command is deprecated setup.py egg_info --egg-base ../../build/my_package build --build-base /home/ras/DUM-E_ROSCode/ros2_ws/build/my_package/build install --record /home/ras/DUM-E_ROSCode/ros2_ws/build/my_package/install.log --single-version-externally-managed install_data
[10.534s] DEBUG:colcon.colcon_core.event_handler.log_command:Invoking command in '/home/ras/DUM-E_ROSCode/ros2_ws/src/py_srvcli': DEBUGINFOD_URLS=https://debuginfod.ubuntu.com PYTHONPATH=/home/ras/DUM-E_ROSCode/ros2_ws/build/py_srvcli/prefix_override:/usr/lib/python3/dist-packages/colcon_core/task/python/colcon_distutils_commands:/home/ras/DUM-E_ROSCode/ros2_ws/install/py_srvcli/lib/python3.12/site-packages:/home/ras/DUM-E_ROSCode/ros2_ws/install/tutorial_interfaces/lib/python3.12/site-packages:/home/ras/DUM-E_ROSCode/ros2_ws/install/arduino_interfaces/lib/python3.12/site-packages:/home/ras/DUM-E_ROSCode/ros2_ws/install/py_srvcli/lib/python3.12/site-packages:/home/ras/DUM-E_ROSCode/ros2_ws/install/my_package/lib/python3.12/site-packages:/opt/ros/jazzy/lib/python3.12/site-packages /usr/bin/python3 -W ignore:setup.py install is deprecated -W ignore:easy_install command is deprecated setup.py egg_info --egg-base ../../build/py_srvcli build --build-base /home/ras/DUM-E_ROSCode/ros2_ws/build/py_srvcli/build install --record /home/ras/DUM-E_ROSCode/ros2_ws/build/py_srvcli/install.log --single-version-externally-managed install_data
[10.999s] Level 1:colcon.colcon_core.environment:checking '/home/ras/DUM-E_ROSCode/ros2_ws/install/my_package' for CMake module files
[11.001s] DEBUG:colcon.colcon_core.event_handler.log_command:Invoked command in '/home/ras/DUM-E_ROSCode/ros2_ws/src/my_package' returned '0': DEBUGINFOD_URLS=https://debuginfod.ubuntu.com PYTHONPATH=/home/ras/DUM-E_ROSCode/ros2_ws/build/my_package/prefix_override:/usr/lib/python3/dist-packages/colcon_core/task/python/colcon_distutils_commands:/home/ras/DUM-E_ROSCode/ros2_ws/install/my_package/lib/python3.12/site-packages:${PYTHONPATH} /usr/bin/python3 -W ignore:setup.py install is deprecated -W ignore:easy_install command is deprecated setup.py egg_info --egg-base ../../build/my_package build --build-base /home/ras/DUM-E_ROSCode/ros2_ws/build/my_package/build install --record /home/ras/DUM-E_ROSCode/ros2_ws/build/my_package/install.log --single-version-externally-managed install_data
[11.004s] Level 1:colcon.colcon_core.environment:checking '/home/ras/DUM-E_ROSCode/ros2_ws/install/my_package' for CMake config files
[11.007s] Level 1:colcon.colcon_core.environment:checking '/home/ras/DUM-E_ROSCode/ros2_ws/install/my_package/lib'
[11.008s] Level 1:colcon.colcon_core.environment:checking '/home/ras/DUM-E_ROSCode/ros2_ws/install/my_package/bin'
[11.008s] Level 1:colcon.colcon_core.environment:checking '/home/ras/DUM-E_ROSCode/ros2_ws/install/my_package/lib/pkgconfig/my_package.pc'
[11.009s] Level 1:colcon.colcon_core.environment:checking '/home/ras/DUM-E_ROSCode/ros2_ws/install/my_package/lib/python3.12/site-packages'
[11.010s] Level 1:colcon.colcon_core.shell:create_environment_hook('my_package', 'pythonpath')
[11.011s] INFO:colcon.colcon_core.shell:Creating environment hook '/home/ras/DUM-E_ROSCode/ros2_ws/install/my_package/share/my_package/hook/pythonpath.ps1'
[11.013s] INFO:colcon.colcon_core.shell:Creating environment descriptor '/home/ras/DUM-E_ROSCode/ros2_ws/install/my_package/share/my_package/hook/pythonpath.dsv'
[11.015s] INFO:colcon.colcon_core.shell:Creating environment hook '/home/ras/DUM-E_ROSCode/ros2_ws/install/my_package/share/my_package/hook/pythonpath.sh'
[11.018s] Level 1:colcon.colcon_core.environment:checking '/home/ras/DUM-E_ROSCode/ros2_ws/install/my_package/bin'
[11.018s] Level 1:colcon.colcon_core.environment:create_environment_scripts_only(my_package)
[11.019s] INFO:colcon.colcon_core.shell:Creating package script '/home/ras/DUM-E_ROSCode/ros2_ws/install/my_package/share/my_package/package.ps1'
[11.022s] INFO:colcon.colcon_core.shell:Creating package descriptor '/home/ras/DUM-E_ROSCode/ros2_ws/install/my_package/share/my_package/package.dsv'
[11.025s] INFO:colcon.colcon_core.shell:Creating package script '/home/ras/DUM-E_ROSCode/ros2_ws/install/my_package/share/my_package/package.sh'
[11.028s] INFO:colcon.colcon_core.shell:Creating package script '/home/ras/DUM-E_ROSCode/ros2_ws/install/my_package/share/my_package/package.bash'
[11.030s] INFO:colcon.colcon_core.shell:Creating package script '/home/ras/DUM-E_ROSCode/ros2_ws/install/my_package/share/my_package/package.zsh'
[11.032s] Level 1:colcon.colcon_core.environment:create_file_with_runtime_dependencies(/home/ras/DUM-E_ROSCode/ros2_ws/install/my_package/share/colcon-core/packages/my_package)
[13.272s] Level 1:colcon.colcon_core.environment:checking '/home/ras/DUM-E_ROSCode/ros2_ws/install/py_srvcli' for CMake module files
[13.275s] DEBUG:colcon.colcon_core.event_handler.log_command:Invoked command in '/home/ras/DUM-E_ROSCode/ros2_ws/src/py_srvcli' returned '0': DEBUGINFOD_URLS=https://debuginfod.ubuntu.com PYTHONPATH=/home/ras/DUM-E_ROSCode/ros2_ws/build/py_srvcli/prefix_override:/usr/lib/python3/dist-packages/colcon_core/task/python/colcon_distutils_commands:/home/ras/DUM-E_ROSCode/ros2_ws/install/py_srvcli/lib/python3.12/site-packages:/home/ras/DUM-E_ROSCode/ros2_ws/install/tutorial_interfaces/lib/python3.12/site-packages:/home/ras/DUM-E_ROSCode/ros2_ws/install/arduino_interfaces/lib/python3.12/site-packages:/home/ras/DUM-E_ROSCode/ros2_ws/install/py_srvcli/lib/python3.12/site-packages:/home/ras/DUM-E_ROSCode/ros2_ws/install/my_package/lib/python3.12/site-packages:/opt/ros/jazzy/lib/python3.12/site-packages /usr/bin/python3 -W ignore:setup.py install is deprecated -W ignore:easy_install command is deprecated setup.py egg_info --egg-base ../../build/py_srvcli build --build-base /home/ras/DUM-E_ROSCode/ros2_ws/build/py_srvcli/build install --record /home/ras/DUM-E_ROSCode/ros2_ws/build/py_srvcli/install.log --single-version-externally-managed install_data
[13.277s] Level 1:colcon.colcon_core.environment:checking '/home/ras/DUM-E_ROSCode/ros2_ws/install/py_srvcli' for CMake config files
[13.282s] Level 1:colcon.colcon_core.environment:checking '/home/ras/DUM-E_ROSCode/ros2_ws/install/py_srvcli/lib'
[13.282s] Level 1:colcon.colcon_core.environment:checking '/home/ras/DUM-E_ROSCode/ros2_ws/install/py_srvcli/bin'
[13.283s] Level 1:colcon.colcon_core.environment:checking '/home/ras/DUM-E_ROSCode/ros2_ws/install/py_srvcli/lib/pkgconfig/py_srvcli.pc'
[13.284s] Level 1:colcon.colcon_core.environment:checking '/home/ras/DUM-E_ROSCode/ros2_ws/install/py_srvcli/lib/python3.12/site-packages'
[13.285s] Level 1:colcon.colcon_core.shell:create_environment_hook('py_srvcli', 'pythonpath')
[13.287s] INFO:colcon.colcon_core.shell:Creating environment hook '/home/ras/DUM-E_ROSCode/ros2_ws/install/py_srvcli/share/py_srvcli/hook/pythonpath.ps1'
[13.289s] INFO:colcon.colcon_core.shell:Creating environment descriptor '/home/ras/DUM-E_ROSCode/ros2_ws/install/py_srvcli/share/py_srvcli/hook/pythonpath.dsv'
[13.291s] INFO:colcon.colcon_core.shell:Creating environment hook '/home/ras/DUM-E_ROSCode/ros2_ws/install/py_srvcli/share/py_srvcli/hook/pythonpath.sh'
[13.294s] Level 1:colcon.colcon_core.environment:checking '/home/ras/DUM-E_ROSCode/ros2_ws/install/py_srvcli/bin'
[13.294s] Level 1:colcon.colcon_core.environment:create_environment_scripts_only(py_srvcli)
[13.295s] INFO:colcon.colcon_core.shell:Creating package script '/home/ras/DUM-E_ROSCode/ros2_ws/install/py_srvcli/share/py_srvcli/package.ps1'
[13.298s] INFO:colcon.colcon_core.shell:Creating package descriptor '/home/ras/DUM-E_ROSCode/ros2_ws/install/py_srvcli/share/py_srvcli/package.dsv'
[13.300s] INFO:colcon.colcon_core.shell:Creating package script '/home/ras/DUM-E_ROSCode/ros2_ws/install/py_srvcli/share/py_srvcli/package.sh'
[13.302s] INFO:colcon.colcon_core.shell:Creating package script '/home/ras/DUM-E_ROSCode/ros2_ws/install/py_srvcli/share/py_srvcli/package.bash'
[13.304s] INFO:colcon.colcon_core.shell:Creating package script '/home/ras/DUM-E_ROSCode/ros2_ws/install/py_srvcli/share/py_srvcli/package.zsh'
[13.306s] Level 1:colcon.colcon_core.environment:create_file_with_runtime_dependencies(/home/ras/DUM-E_ROSCode/ros2_ws/install/py_srvcli/share/colcon-core/packages/py_srvcli)
[13.308s] DEBUG:colcon.colcon_parallel_executor.executor.parallel:closing loop
[13.309s] DEBUG:colcon.colcon_parallel_executor.executor.parallel:loop closed
[13.310s] DEBUG:colcon.colcon_parallel_executor.executor.parallel:run_until_complete finished with '0'
[13.310s] DEBUG:colcon.colcon_core.event_reactor:joining thread
[13.334s] INFO:colcon.colcon_core.plugin_system:Skipping extension 'colcon_notification.desktop_notification.terminal_notifier': Not used on non-Darwin systems
[13.334s] INFO:colcon.colcon_core.plugin_system:Skipping extension 'colcon_notification.desktop_notification.win32': Not used on non-Windows systems
[13.335s] INFO:colcon.colcon_notification.desktop_notification:Sending desktop notification using 'notify2'
[13.339s] DEBUG:colcon.colcon_notification.desktop_notification.notify2:Failed to initialize notify2: org.freedesktop.DBus.Error.ServiceUnknown: The name org.freedesktop.Notifications was not provided by any .service files
[13.340s] DEBUG:colcon.colcon_core.event_reactor:joined thread
[13.341s] INFO:colcon.colcon_core.shell:Creating prefix script '/home/ras/DUM-E_ROSCode/ros2_ws/install/local_setup.ps1'
[13.344s] INFO:colcon.colcon_core.shell:Creating prefix util module '/home/ras/DUM-E_ROSCode/ros2_ws/install/_local_setup_util_ps1.py'
[13.350s] INFO:colcon.colcon_core.shell:Creating prefix chain script '/home/ras/DUM-E_ROSCode/ros2_ws/install/setup.ps1'
[13.356s] INFO:colcon.colcon_core.shell:Creating prefix script '/home/ras/DUM-E_ROSCode/ros2_ws/install/local_setup.sh'
[13.359s] INFO:colcon.colcon_core.shell:Creating prefix util module '/home/ras/DUM-E_ROSCode/ros2_ws/install/_local_setup_util_sh.py'
[13.361s] INFO:colcon.colcon_core.shell:Creating prefix chain script '/home/ras/DUM-E_ROSCode/ros2_ws/install/setup.sh'
[13.366s] INFO:colcon.colcon_core.shell:Creating prefix script '/home/ras/DUM-E_ROSCode/ros2_ws/install/local_setup.bash'
[13.369s] INFO:colcon.colcon_core.shell:Creating prefix chain script '/home/ras/DUM-E_ROSCode/ros2_ws/install/setup.bash'
[13.373s] INFO:colcon.colcon_core.shell:Creating prefix script '/home/ras/DUM-E_ROSCode/ros2_ws/install/local_setup.zsh'
[13.375s] INFO:colcon.colcon_core.shell:Creating prefix chain script '/home/ras/DUM-E_ROSCode/ros2_ws/install/setup.zsh'
