[0.097s] DEBUG:colcon:Command line arguments: ['/usr/bin/colcon', 'build']
[0.098s] DEBUG:colcon:Parsed command line arguments: Namespace(log_base=None, log_level=None, verb_name='build', build_base='build', install_base='install', merge_install=False, symlink_install=False, test_result_base=None, continue_on_error=False, executor='parallel', parallel_workers=12, event_handlers=None, ignore_user_meta=False, metas=['./colcon.meta'], base_paths=['.'], packages_ignore=None, packages_ignore_regex=None, paths=None, packages_up_to=None, packages_up_to_regex=None, packages_above=None, packages_above_and_dependencies=None, packages_above_depth=None, packages_select_by_dep=None, packages_skip_by_dep=None, packages_skip_up_to=None, packages_select_build_failed=False, packages_skip_build_finished=False, packages_select_test_failures=False, packages_skip_test_passed=False, packages_select=None, packages_skip=None, packages_select_regex=None, packages_skip_regex=None, packages_start=None, packages_end=None, allow_overriding=[], cmake_args=None, cmake_target=None, cmake_target_skip_unavailable=False, cmake_clean_cache=False, cmake_clean_first=False, cmake_force_configure=False, ament_cmake_args=None, catkin_cmake_args=None, catkin_skip_building_tests=False, mixin_files=None, mixin=None, verb_parser=<colcon_mixin.mixin.mixin_argument.MixinArgumentDecorator object at 0x77ab78fc1d30>, verb_extension=<colcon_core.verb.build.BuildVerb object at 0x77ab78fc1580>, main=<bound method BuildVerb.main of <colcon_core.verb.build.BuildVerb object at 0x77ab78fc1580>>, mixin_verb=('build',))
[0.128s] Level 1:colcon.colcon_core.package_discovery:discover_packages(colcon_meta) check parameters
[0.128s] Level 1:colcon.colcon_core.package_discovery:discover_packages(recursive) check parameters
[0.128s] Level 1:colcon.colcon_core.package_discovery:discover_packages(ignore) check parameters
[0.128s] Level 1:colcon.colcon_core.package_discovery:discover_packages(path) check parameters
[0.128s] Level 1:colcon.colcon_core.package_discovery:discover_packages(colcon_meta) discover
[0.128s] Level 1:colcon.colcon_core.package_discovery:discover_packages(recursive) discover
[0.128s] INFO:colcon.colcon_core.package_discovery:Crawling recursively for packages in '/home/pepijn/Desktop/git/DUM-E_ROSCode/ros2_ws'
[0.128s] Level 1:colcon.colcon_core.package_identification:_identify(.) by extensions ['ignore', 'ignore_ament_install']
[0.128s] Level 1:colcon.colcon_core.package_identification:_identify(.) by extension 'ignore'
[0.128s] Level 1:colcon.colcon_core.package_identification:_identify(.) by extension 'ignore_ament_install'
[0.128s] Level 1:colcon.colcon_core.package_identification:_identify(.) by extensions ['colcon_pkg']
[0.128s] Level 1:colcon.colcon_core.package_identification:_identify(.) by extension 'colcon_pkg'
[0.128s] Level 1:colcon.colcon_core.package_identification:_identify(.) by extensions ['colcon_meta']
[0.129s] Level 1:colcon.colcon_core.package_identification:_identify(.) by extension 'colcon_meta'
[0.129s] Level 1:colcon.colcon_core.package_identification:_identify(.) by extensions ['ros']
[0.129s] Level 1:colcon.colcon_core.package_identification:_identify(.) by extension 'ros'
[0.147s] Level 1:colcon.colcon_core.package_identification:_identify(.) by extensions ['cmake', 'python']
[0.147s] Level 1:colcon.colcon_core.package_identification:_identify(.) by extension 'cmake'
[0.147s] Level 1:colcon.colcon_core.package_identification:_identify(.) by extension 'python'
[0.147s] Level 1:colcon.colcon_core.package_identification:_identify(.) by extensions ['python_setup_py']
[0.147s] Level 1:colcon.colcon_core.package_identification:_identify(.) by extension 'python_setup_py'
[0.147s] Level 1:colcon.colcon_core.package_identification:_identify(build) by extensions ['ignore', 'ignore_ament_install']
[0.148s] Level 1:colcon.colcon_core.package_identification:_identify(build) by extension 'ignore'
[0.148s] Level 1:colcon.colcon_core.package_identification:_identify(build) ignored
[0.148s] Level 1:colcon.colcon_core.package_identification:_identify(install) by extensions ['ignore', 'ignore_ament_install']
[0.148s] Level 1:colcon.colcon_core.package_identification:_identify(install) by extension 'ignore'
[0.148s] Level 1:colcon.colcon_core.package_identification:_identify(install) ignored
[0.148s] Level 1:colcon.colcon_core.package_identification:_identify(log) by extensions ['ignore', 'ignore_ament_install']
[0.148s] Level 1:colcon.colcon_core.package_identification:_identify(log) by extension 'ignore'
[0.148s] Level 1:colcon.colcon_core.package_identification:_identify(log) ignored
[0.148s] Level 1:colcon.colcon_core.package_identification:_identify(src) by extensions ['ignore', 'ignore_ament_install']
[0.148s] Level 1:colcon.colcon_core.package_identification:_identify(src) by extension 'ignore'
[0.148s] Level 1:colcon.colcon_core.package_identification:_identify(src) by extension 'ignore_ament_install'
[0.148s] Level 1:colcon.colcon_core.package_identification:_identify(src) by extensions ['colcon_pkg']
[0.148s] Level 1:colcon.colcon_core.package_identification:_identify(src) by extension 'colcon_pkg'
[0.148s] Level 1:colcon.colcon_core.package_identification:_identify(src) by extensions ['colcon_meta']
[0.148s] Level 1:colcon.colcon_core.package_identification:_identify(src) by extension 'colcon_meta'
[0.148s] Level 1:colcon.colcon_core.package_identification:_identify(src) by extensions ['ros']
[0.148s] Level 1:colcon.colcon_core.package_identification:_identify(src) by extension 'ros'
[0.148s] Level 1:colcon.colcon_core.package_identification:_identify(src) by extensions ['cmake', 'python']
[0.148s] Level 1:colcon.colcon_core.package_identification:_identify(src) by extension 'cmake'
[0.148s] Level 1:colcon.colcon_core.package_identification:_identify(src) by extension 'python'
[0.149s] Level 1:colcon.colcon_core.package_identification:_identify(src) by extensions ['python_setup_py']
[0.149s] Level 1:colcon.colcon_core.package_identification:_identify(src) by extension 'python_setup_py'
[0.149s] Level 1:colcon.colcon_core.package_identification:_identify(src/arduino_interfaces) by extensions ['ignore', 'ignore_ament_install']
[0.149s] Level 1:colcon.colcon_core.package_identification:_identify(src/arduino_interfaces) by extension 'ignore'
[0.149s] Level 1:colcon.colcon_core.package_identification:_identify(src/arduino_interfaces) by extension 'ignore_ament_install'
[0.149s] Level 1:colcon.colcon_core.package_identification:_identify(src/arduino_interfaces) by extensions ['colcon_pkg']
[0.149s] Level 1:colcon.colcon_core.package_identification:_identify(src/arduino_interfaces) by extension 'colcon_pkg'
[0.149s] Level 1:colcon.colcon_core.package_identification:_identify(src/arduino_interfaces) by extensions ['colcon_meta']
[0.149s] Level 1:colcon.colcon_core.package_identification:_identify(src/arduino_interfaces) by extension 'colcon_meta'
[0.149s] Level 1:colcon.colcon_core.package_identification:_identify(src/arduino_interfaces) by extensions ['ros']
[0.149s] Level 1:colcon.colcon_core.package_identification:_identify(src/arduino_interfaces) by extension 'ros'
[0.151s] DEBUG:colcon.colcon_core.package_identification:Package 'src/arduino_interfaces' with type 'ros.ament_cmake' and name 'arduino_interfaces'
[0.151s] Level 1:colcon.colcon_core.package_identification:_identify(src/my_package) by extensions ['ignore', 'ignore_ament_install']
[0.151s] Level 1:colcon.colcon_core.package_identification:_identify(src/my_package) by extension 'ignore'
[0.151s] Level 1:colcon.colcon_core.package_identification:_identify(src/my_package) by extension 'ignore_ament_install'
[0.151s] Level 1:colcon.colcon_core.package_identification:_identify(src/my_package) by extensions ['colcon_pkg']
[0.151s] Level 1:colcon.colcon_core.package_identification:_identify(src/my_package) by extension 'colcon_pkg'
[0.151s] Level 1:colcon.colcon_core.package_identification:_identify(src/my_package) by extensions ['colcon_meta']
[0.151s] Level 1:colcon.colcon_core.package_identification:_identify(src/my_package) by extension 'colcon_meta'
[0.151s] Level 1:colcon.colcon_core.package_identification:_identify(src/my_package) by extensions ['ros']
[0.151s] Level 1:colcon.colcon_core.package_identification:_identify(src/my_package) by extension 'ros'
[0.151s] DEBUG:colcon.colcon_core.package_identification:Package 'src/my_package' with type 'ros.ament_python' and name 'my_package'
[0.151s] Level 1:colcon.colcon_core.package_identification:_identify(src/py_srvcli) by extensions ['ignore', 'ignore_ament_install']
[0.151s] Level 1:colcon.colcon_core.package_identification:_identify(src/py_srvcli) by extension 'ignore'
[0.151s] Level 1:colcon.colcon_core.package_identification:_identify(src/py_srvcli) by extension 'ignore_ament_install'
[0.152s] Level 1:colcon.colcon_core.package_identification:_identify(src/py_srvcli) by extensions ['colcon_pkg']
[0.152s] Level 1:colcon.colcon_core.package_identification:_identify(src/py_srvcli) by extension 'colcon_pkg'
[0.152s] Level 1:colcon.colcon_core.package_identification:_identify(src/py_srvcli) by extensions ['colcon_meta']
[0.152s] Level 1:colcon.colcon_core.package_identification:_identify(src/py_srvcli) by extension 'colcon_meta'
[0.152s] Level 1:colcon.colcon_core.package_identification:_identify(src/py_srvcli) by extensions ['ros']
[0.152s] Level 1:colcon.colcon_core.package_identification:_identify(src/py_srvcli) by extension 'ros'
[0.152s] DEBUG:colcon.colcon_core.package_identification:Package 'src/py_srvcli' with type 'ros.ament_python' and name 'py_srvcli'
[0.152s] Level 1:colcon.colcon_core.package_identification:_identify(src/tutorial_interfaces) by extensions ['ignore', 'ignore_ament_install']
[0.152s] Level 1:colcon.colcon_core.package_identification:_identify(src/tutorial_interfaces) by extension 'ignore'
[0.152s] Level 1:colcon.colcon_core.package_identification:_identify(src/tutorial_interfaces) by extension 'ignore_ament_install'
[0.152s] Level 1:colcon.colcon_core.package_identification:_identify(src/tutorial_interfaces) by extensions ['colcon_pkg']
[0.152s] Level 1:colcon.colcon_core.package_identification:_identify(src/tutorial_interfaces) by extension 'colcon_pkg'
[0.152s] Level 1:colcon.colcon_core.package_identification:_identify(src/tutorial_interfaces) by extensions ['colcon_meta']
[0.152s] Level 1:colcon.colcon_core.package_identification:_identify(src/tutorial_interfaces) by extension 'colcon_meta'
[0.152s] Level 1:colcon.colcon_core.package_identification:_identify(src/tutorial_interfaces) by extensions ['ros']
[0.152s] Level 1:colcon.colcon_core.package_identification:_identify(src/tutorial_interfaces) by extension 'ros'
[0.153s] DEBUG:colcon.colcon_core.package_identification:Package 'src/tutorial_interfaces' with type 'ros.ament_cmake' and name 'tutorial_interfaces'
[0.153s] Level 1:colcon.colcon_core.package_discovery:discover_packages(recursive) using defaults
[0.153s] Level 1:colcon.colcon_core.package_discovery:discover_packages(ignore) discover
[0.153s] Level 1:colcon.colcon_core.package_discovery:discover_packages(ignore) using defaults
[0.153s] Level 1:colcon.colcon_core.package_discovery:discover_packages(path) discover
[0.153s] Level 1:colcon.colcon_core.package_discovery:discover_packages(path) using defaults
[0.166s] Level 1:colcon.colcon_core.package_discovery:discover_packages(prefix_path) check parameters
[0.166s] Level 1:colcon.colcon_core.package_discovery:discover_packages(prefix_path) discover
[0.169s] DEBUG:colcon.colcon_installed_package_information.package_discovery:Found 380 installed packages in /opt/ros/jazzy
[0.170s] Level 1:colcon.colcon_core.package_discovery:discover_packages(prefix_path) using defaults
[0.211s] Level 5:colcon.colcon_core.verb:set package 'arduino_interfaces' build argument 'cmake_args' from command line to 'None'
[0.211s] Level 5:colcon.colcon_core.verb:set package 'arduino_interfaces' build argument 'cmake_target' from command line to 'None'
[0.211s] Level 5:colcon.colcon_core.verb:set package 'arduino_interfaces' build argument 'cmake_target_skip_unavailable' from command line to 'False'
[0.211s] Level 5:colcon.colcon_core.verb:set package 'arduino_interfaces' build argument 'cmake_clean_cache' from command line to 'False'
[0.211s] Level 5:colcon.colcon_core.verb:set package 'arduino_interfaces' build argument 'cmake_clean_first' from command line to 'False'
[0.211s] Level 5:colcon.colcon_core.verb:set package 'arduino_interfaces' build argument 'cmake_force_configure' from command line to 'False'
[0.211s] Level 5:colcon.colcon_core.verb:set package 'arduino_interfaces' build argument 'ament_cmake_args' from command line to 'None'
[0.211s] Level 5:colcon.colcon_core.verb:set package 'arduino_interfaces' build argument 'catkin_cmake_args' from command line to 'None'
[0.211s] Level 5:colcon.colcon_core.verb:set package 'arduino_interfaces' build argument 'catkin_skip_building_tests' from command line to 'False'
[0.211s] DEBUG:colcon.colcon_core.verb:Building package 'arduino_interfaces' with the following arguments: {'ament_cmake_args': None, 'build_base': '/home/pepijn/Desktop/git/DUM-E_ROSCode/ros2_ws/build/arduino_interfaces', 'catkin_cmake_args': None, 'catkin_skip_building_tests': False, 'cmake_args': None, 'cmake_clean_cache': False, 'cmake_clean_first': False, 'cmake_force_configure': False, 'cmake_target': None, 'cmake_target_skip_unavailable': False, 'install_base': '/home/pepijn/Desktop/git/DUM-E_ROSCode/ros2_ws/install/arduino_interfaces', 'merge_install': False, 'path': '/home/pepijn/Desktop/git/DUM-E_ROSCode/ros2_ws/src/arduino_interfaces', 'symlink_install': False, 'test_result_base': None}
[0.211s] Level 5:colcon.colcon_core.verb:set package 'my_package' build argument 'cmake_args' from command line to 'None'
[0.211s] Level 5:colcon.colcon_core.verb:set package 'my_package' build argument 'cmake_target' from command line to 'None'
[0.211s] Level 5:colcon.colcon_core.verb:set package 'my_package' build argument 'cmake_target_skip_unavailable' from command line to 'False'
[0.211s] Level 5:colcon.colcon_core.verb:set package 'my_package' build argument 'cmake_clean_cache' from command line to 'False'
[0.211s] Level 5:colcon.colcon_core.verb:set package 'my_package' build argument 'cmake_clean_first' from command line to 'False'
[0.211s] Level 5:colcon.colcon_core.verb:set package 'my_package' build argument 'cmake_force_configure' from command line to 'False'
[0.211s] Level 5:colcon.colcon_core.verb:set package 'my_package' build argument 'ament_cmake_args' from command line to 'None'
[0.211s] Level 5:colcon.colcon_core.verb:set package 'my_package' build argument 'catkin_cmake_args' from command line to 'None'
[0.211s] Level 5:colcon.colcon_core.verb:set package 'my_package' build argument 'catkin_skip_building_tests' from command line to 'False'
[0.211s] DEBUG:colcon.colcon_core.verb:Building package 'my_package' with the following arguments: {'ament_cmake_args': None, 'build_base': '/home/pepijn/Desktop/git/DUM-E_ROSCode/ros2_ws/build/my_package', 'catkin_cmake_args': None, 'catkin_skip_building_tests': False, 'cmake_args': None, 'cmake_clean_cache': False, 'cmake_clean_first': False, 'cmake_force_configure': False, 'cmake_target': None, 'cmake_target_skip_unavailable': False, 'install_base': '/home/pepijn/Desktop/git/DUM-E_ROSCode/ros2_ws/install/my_package', 'merge_install': False, 'path': '/home/pepijn/Desktop/git/DUM-E_ROSCode/ros2_ws/src/my_package', 'symlink_install': False, 'test_result_base': None}
[0.211s] Level 5:colcon.colcon_core.verb:set package 'tutorial_interfaces' build argument 'cmake_args' from command line to 'None'
[0.211s] Level 5:colcon.colcon_core.verb:set package 'tutorial_interfaces' build argument 'cmake_target' from command line to 'None'
[0.211s] Level 5:colcon.colcon_core.verb:set package 'tutorial_interfaces' build argument 'cmake_target_skip_unavailable' from command line to 'False'
[0.211s] Level 5:colcon.colcon_core.verb:set package 'tutorial_interfaces' build argument 'cmake_clean_cache' from command line to 'False'
[0.212s] Level 5:colcon.colcon_core.verb:set package 'tutorial_interfaces' build argument 'cmake_clean_first' from command line to 'False'
[0.212s] Level 5:colcon.colcon_core.verb:set package 'tutorial_interfaces' build argument 'cmake_force_configure' from command line to 'False'
[0.212s] Level 5:colcon.colcon_core.verb:set package 'tutorial_interfaces' build argument 'ament_cmake_args' from command line to 'None'
[0.212s] Level 5:colcon.colcon_core.verb:set package 'tutorial_interfaces' build argument 'catkin_cmake_args' from command line to 'None'
[0.212s] Level 5:colcon.colcon_core.verb:set package 'tutorial_interfaces' build argument 'catkin_skip_building_tests' from command line to 'False'
[0.212s] DEBUG:colcon.colcon_core.verb:Building package 'tutorial_interfaces' with the following arguments: {'ament_cmake_args': None, 'build_base': '/home/pepijn/Desktop/git/DUM-E_ROSCode/ros2_ws/build/tutorial_interfaces', 'catkin_cmake_args': None, 'catkin_skip_building_tests': False, 'cmake_args': None, 'cmake_clean_cache': False, 'cmake_clean_first': False, 'cmake_force_configure': False, 'cmake_target': None, 'cmake_target_skip_unavailable': False, 'install_base': '/home/pepijn/Desktop/git/DUM-E_ROSCode/ros2_ws/install/tutorial_interfaces', 'merge_install': False, 'path': '/home/pepijn/Desktop/git/DUM-E_ROSCode/ros2_ws/src/tutorial_interfaces', 'symlink_install': False, 'test_result_base': None}
[0.212s] Level 5:colcon.colcon_core.verb:set package 'py_srvcli' build argument 'cmake_args' from command line to 'None'
[0.212s] Level 5:colcon.colcon_core.verb:set package 'py_srvcli' build argument 'cmake_target' from command line to 'None'
[0.212s] Level 5:colcon.colcon_core.verb:set package 'py_srvcli' build argument 'cmake_target_skip_unavailable' from command line to 'False'
[0.212s] Level 5:colcon.colcon_core.verb:set package 'py_srvcli' build argument 'cmake_clean_cache' from command line to 'False'
[0.212s] Level 5:colcon.colcon_core.verb:set package 'py_srvcli' build argument 'cmake_clean_first' from command line to 'False'
[0.212s] Level 5:colcon.colcon_core.verb:set package 'py_srvcli' build argument 'cmake_force_configure' from command line to 'False'
[0.212s] Level 5:colcon.colcon_core.verb:set package 'py_srvcli' build argument 'ament_cmake_args' from command line to 'None'
[0.212s] Level 5:colcon.colcon_core.verb:set package 'py_srvcli' build argument 'catkin_cmake_args' from command line to 'None'
[0.212s] Level 5:colcon.colcon_core.verb:set package 'py_srvcli' build argument 'catkin_skip_building_tests' from command line to 'False'
[0.212s] DEBUG:colcon.colcon_core.verb:Building package 'py_srvcli' with the following arguments: {'ament_cmake_args': None, 'build_base': '/home/pepijn/Desktop/git/DUM-E_ROSCode/ros2_ws/build/py_srvcli', 'catkin_cmake_args': None, 'catkin_skip_building_tests': False, 'cmake_args': None, 'cmake_clean_cache': False, 'cmake_clean_first': False, 'cmake_force_configure': False, 'cmake_target': None, 'cmake_target_skip_unavailable': False, 'install_base': '/home/pepijn/Desktop/git/DUM-E_ROSCode/ros2_ws/install/py_srvcli', 'merge_install': False, 'path': '/home/pepijn/Desktop/git/DUM-E_ROSCode/ros2_ws/src/py_srvcli', 'symlink_install': False, 'test_result_base': None}
[0.212s] INFO:colcon.colcon_core.executor:Executing jobs using 'parallel' executor
[0.213s] DEBUG:colcon.colcon_parallel_executor.executor.parallel:run_until_complete
[0.213s] INFO:colcon.colcon_ros.task.ament_cmake.build:Building ROS package in '/home/pepijn/Desktop/git/DUM-E_ROSCode/ros2_ws/src/arduino_interfaces' with build type 'ament_cmake'
[0.213s] INFO:colcon.colcon_cmake.task.cmake.build:Building CMake package in '/home/pepijn/Desktop/git/DUM-E_ROSCode/ros2_ws/src/arduino_interfaces'
[0.215s] INFO:colcon.colcon_core.plugin_system:Skipping extension 'colcon_core.shell.bat': Not used on non-Windows systems
[0.215s] INFO:colcon.colcon_core.shell:Skip shell extension 'powershell' for command environment: Not usable outside of PowerShell
[0.215s] DEBUG:colcon.colcon_core.shell:Skip shell extension 'dsv' for command environment
[0.218s] INFO:colcon.colcon_ros.task.ament_cmake.build:Building ROS package in '/home/pepijn/Desktop/git/DUM-E_ROSCode/ros2_ws/src/tutorial_interfaces' with build type 'ament_cmake'
[0.218s] INFO:colcon.colcon_cmake.task.cmake.build:Building CMake package in '/home/pepijn/Desktop/git/DUM-E_ROSCode/ros2_ws/src/tutorial_interfaces'
[0.218s] INFO:colcon.colcon_core.shell:Skip shell extension 'powershell' for command environment: Not usable outside of PowerShell
[0.218s] DEBUG:colcon.colcon_core.shell:Skip shell extension 'dsv' for command environment
[0.221s] INFO:colcon.colcon_ros.task.ament_python.build:Building ROS package in '/home/pepijn/Desktop/git/DUM-E_ROSCode/ros2_ws/src/my_package' with build type 'ament_python'
[0.221s] Level 1:colcon.colcon_core.shell:create_environment_hook('my_package', 'ament_prefix_path')
[0.221s] INFO:colcon.colcon_core.shell:Creating environment hook '/home/pepijn/Desktop/git/DUM-E_ROSCode/ros2_ws/install/my_package/share/my_package/hook/ament_prefix_path.ps1'
[0.221s] INFO:colcon.colcon_core.shell:Creating environment descriptor '/home/pepijn/Desktop/git/DUM-E_ROSCode/ros2_ws/install/my_package/share/my_package/hook/ament_prefix_path.dsv'
[0.222s] INFO:colcon.colcon_core.shell:Creating environment hook '/home/pepijn/Desktop/git/DUM-E_ROSCode/ros2_ws/install/my_package/share/my_package/hook/ament_prefix_path.sh'
[0.222s] INFO:colcon.colcon_core.shell:Skip shell extension 'powershell' for command environment: Not usable outside of PowerShell
[0.222s] DEBUG:colcon.colcon_core.shell:Skip shell extension 'dsv' for command environment
[0.227s] DEBUG:colcon.colcon_core.event_handler.log_command:Invoking command in '/home/pepijn/Desktop/git/DUM-E_ROSCode/ros2_ws/build/arduino_interfaces': CMAKE_PREFIX_PATH=${CMAKE_PREFIX_PATH}:/opt/ros/jazzy DEBUGINFOD_URLS=https://debuginfod.ubuntu.com /usr/bin/cmake --build /home/pepijn/Desktop/git/DUM-E_ROSCode/ros2_ws/build/arduino_interfaces -- -j12 -l12
[0.229s] DEBUG:colcon.colcon_core.event_handler.log_command:Invoking command in '/home/pepijn/Desktop/git/DUM-E_ROSCode/ros2_ws/build/tutorial_interfaces': CMAKE_PREFIX_PATH=${CMAKE_PREFIX_PATH}:/opt/ros/jazzy DEBUGINFOD_URLS=https://debuginfod.ubuntu.com /usr/bin/cmake --build /home/pepijn/Desktop/git/DUM-E_ROSCode/ros2_ws/build/tutorial_interfaces -- -j12 -l12
[0.460s] INFO:colcon.colcon_core.task.python.build:Building Python package in '/home/pepijn/Desktop/git/DUM-E_ROSCode/ros2_ws/src/my_package'
[0.461s] INFO:colcon.colcon_core.shell:Skip shell extension 'powershell' for command environment: Not usable outside of PowerShell
[0.461s] DEBUG:colcon.colcon_core.shell:Skip shell extension 'dsv' for command environment
[0.676s] DEBUG:colcon.colcon_core.event_handler.log_command:Invoked command in '/home/pepijn/Desktop/git/DUM-E_ROSCode/ros2_ws/build/tutorial_interfaces' returned '0': CMAKE_PREFIX_PATH=${CMAKE_PREFIX_PATH}:/opt/ros/jazzy DEBUGINFOD_URLS=https://debuginfod.ubuntu.com /usr/bin/cmake --build /home/pepijn/Desktop/git/DUM-E_ROSCode/ros2_ws/build/tutorial_interfaces -- -j12 -l12
[0.687s] DEBUG:colcon.colcon_core.event_handler.log_command:Invoking command in '/home/pepijn/Desktop/git/DUM-E_ROSCode/ros2_ws/build/tutorial_interfaces': CMAKE_PREFIX_PATH=${CMAKE_PREFIX_PATH}:/opt/ros/jazzy DEBUGINFOD_URLS=https://debuginfod.ubuntu.com /usr/bin/cmake --install /home/pepijn/Desktop/git/DUM-E_ROSCode/ros2_ws/build/tutorial_interfaces
[0.688s] DEBUG:colcon.colcon_core.event_handler.log_command:Invoked command in '/home/pepijn/Desktop/git/DUM-E_ROSCode/ros2_ws/build/arduino_interfaces' returned '0': CMAKE_PREFIX_PATH=${CMAKE_PREFIX_PATH}:/opt/ros/jazzy DEBUGINFOD_URLS=https://debuginfod.ubuntu.com /usr/bin/cmake --build /home/pepijn/Desktop/git/DUM-E_ROSCode/ros2_ws/build/arduino_interfaces -- -j12 -l12
[0.689s] DEBUG:colcon.colcon_core.event_handler.log_command:Invoking command in '/home/pepijn/Desktop/git/DUM-E_ROSCode/ros2_ws/build/arduino_interfaces': CMAKE_PREFIX_PATH=${CMAKE_PREFIX_PATH}:/opt/ros/jazzy DEBUGINFOD_URLS=https://debuginfod.ubuntu.com /usr/bin/cmake --install /home/pepijn/Desktop/git/DUM-E_ROSCode/ros2_ws/build/arduino_interfaces
[0.742s] Level 1:colcon.colcon_core.environment:create_environment_scripts_only(arduino_interfaces)
[0.746s] DEBUG:colcon.colcon_core.event_handler.log_command:Invoked command in '/home/pepijn/Desktop/git/DUM-E_ROSCode/ros2_ws/build/arduino_interfaces' returned '0': CMAKE_PREFIX_PATH=${CMAKE_PREFIX_PATH}:/opt/ros/jazzy DEBUGINFOD_URLS=https://debuginfod.ubuntu.com /usr/bin/cmake --install /home/pepijn/Desktop/git/DUM-E_ROSCode/ros2_ws/build/arduino_interfaces
[0.747s] Level 1:colcon.colcon_core.environment:checking '/home/pepijn/Desktop/git/DUM-E_ROSCode/ros2_ws/install/arduino_interfaces' for CMake module files
[0.748s] Level 1:colcon.colcon_core.environment:checking '/home/pepijn/Desktop/git/DUM-E_ROSCode/ros2_ws/install/arduino_interfaces' for CMake config files
[0.748s] Level 1:colcon.colcon_core.shell:create_environment_hook('arduino_interfaces', 'cmake_prefix_path')
[0.748s] INFO:colcon.colcon_core.shell:Creating environment hook '/home/pepijn/Desktop/git/DUM-E_ROSCode/ros2_ws/install/arduino_interfaces/share/arduino_interfaces/hook/cmake_prefix_path.ps1'
[0.749s] INFO:colcon.colcon_core.shell:Creating environment descriptor '/home/pepijn/Desktop/git/DUM-E_ROSCode/ros2_ws/install/arduino_interfaces/share/arduino_interfaces/hook/cmake_prefix_path.dsv'
[0.749s] INFO:colcon.colcon_core.shell:Creating environment hook '/home/pepijn/Desktop/git/DUM-E_ROSCode/ros2_ws/install/arduino_interfaces/share/arduino_interfaces/hook/cmake_prefix_path.sh'
[0.750s] Level 1:colcon.colcon_core.environment:checking '/home/pepijn/Desktop/git/DUM-E_ROSCode/ros2_ws/install/arduino_interfaces/lib'
[0.750s] Level 1:colcon.colcon_core.shell:create_environment_hook('arduino_interfaces', 'ld_library_path_lib')
[0.750s] INFO:colcon.colcon_core.shell:Creating environment hook '/home/pepijn/Desktop/git/DUM-E_ROSCode/ros2_ws/install/arduino_interfaces/share/arduino_interfaces/hook/ld_library_path_lib.ps1'
[0.750s] INFO:colcon.colcon_core.shell:Creating environment descriptor '/home/pepijn/Desktop/git/DUM-E_ROSCode/ros2_ws/install/arduino_interfaces/share/arduino_interfaces/hook/ld_library_path_lib.dsv'
[0.751s] INFO:colcon.colcon_core.shell:Creating environment hook '/home/pepijn/Desktop/git/DUM-E_ROSCode/ros2_ws/install/arduino_interfaces/share/arduino_interfaces/hook/ld_library_path_lib.sh'
[0.751s] Level 1:colcon.colcon_core.environment:checking '/home/pepijn/Desktop/git/DUM-E_ROSCode/ros2_ws/install/arduino_interfaces/bin'
[0.751s] Level 1:colcon.colcon_core.environment:checking '/home/pepijn/Desktop/git/DUM-E_ROSCode/ros2_ws/install/arduino_interfaces/lib/pkgconfig/arduino_interfaces.pc'
[0.751s] Level 1:colcon.colcon_core.environment:checking '/home/pepijn/Desktop/git/DUM-E_ROSCode/ros2_ws/install/arduino_interfaces/lib/python3.12/site-packages'
[0.751s] Level 1:colcon.colcon_core.shell:create_environment_hook('arduino_interfaces', 'pythonpath')
[0.751s] INFO:colcon.colcon_core.shell:Creating environment hook '/home/pepijn/Desktop/git/DUM-E_ROSCode/ros2_ws/install/arduino_interfaces/share/arduino_interfaces/hook/pythonpath.ps1'
[0.752s] INFO:colcon.colcon_core.shell:Creating environment descriptor '/home/pepijn/Desktop/git/DUM-E_ROSCode/ros2_ws/install/arduino_interfaces/share/arduino_interfaces/hook/pythonpath.dsv'
[0.752s] INFO:colcon.colcon_core.shell:Creating environment hook '/home/pepijn/Desktop/git/DUM-E_ROSCode/ros2_ws/install/arduino_interfaces/share/arduino_interfaces/hook/pythonpath.sh'
[0.752s] Level 1:colcon.colcon_core.environment:checking '/home/pepijn/Desktop/git/DUM-E_ROSCode/ros2_ws/install/arduino_interfaces/bin'
[0.752s] INFO:colcon.colcon_core.shell:Creating package script '/home/pepijn/Desktop/git/DUM-E_ROSCode/ros2_ws/install/arduino_interfaces/share/arduino_interfaces/package.ps1'
[0.753s] INFO:colcon.colcon_core.shell:Creating package descriptor '/home/pepijn/Desktop/git/DUM-E_ROSCode/ros2_ws/install/arduino_interfaces/share/arduino_interfaces/package.dsv'
[0.753s] INFO:colcon.colcon_core.shell:Creating package script '/home/pepijn/Desktop/git/DUM-E_ROSCode/ros2_ws/install/arduino_interfaces/share/arduino_interfaces/package.sh'
[0.754s] INFO:colcon.colcon_core.shell:Creating package script '/home/pepijn/Desktop/git/DUM-E_ROSCode/ros2_ws/install/arduino_interfaces/share/arduino_interfaces/package.bash'
[0.754s] INFO:colcon.colcon_core.shell:Creating package script '/home/pepijn/Desktop/git/DUM-E_ROSCode/ros2_ws/install/arduino_interfaces/share/arduino_interfaces/package.zsh'
[0.755s] Level 1:colcon.colcon_core.environment:create_file_with_runtime_dependencies(/home/pepijn/Desktop/git/DUM-E_ROSCode/ros2_ws/install/arduino_interfaces/share/colcon-core/packages/arduino_interfaces)
[0.755s] Level 1:colcon.colcon_core.environment:create_environment_scripts_only(arduino_interfaces)
[0.755s] Level 1:colcon.colcon_core.environment:checking '/home/pepijn/Desktop/git/DUM-E_ROSCode/ros2_ws/install/arduino_interfaces' for CMake module files
[0.756s] Level 1:colcon.colcon_core.environment:checking '/home/pepijn/Desktop/git/DUM-E_ROSCode/ros2_ws/install/arduino_interfaces' for CMake config files
[0.756s] Level 1:colcon.colcon_core.shell:create_environment_hook('arduino_interfaces', 'cmake_prefix_path')
[0.756s] INFO:colcon.colcon_core.shell:Creating environment hook '/home/pepijn/Desktop/git/DUM-E_ROSCode/ros2_ws/install/arduino_interfaces/share/arduino_interfaces/hook/cmake_prefix_path.ps1'
[0.757s] INFO:colcon.colcon_core.shell:Creating environment descriptor '/home/pepijn/Desktop/git/DUM-E_ROSCode/ros2_ws/install/arduino_interfaces/share/arduino_interfaces/hook/cmake_prefix_path.dsv'
[0.757s] INFO:colcon.colcon_core.shell:Creating environment hook '/home/pepijn/Desktop/git/DUM-E_ROSCode/ros2_ws/install/arduino_interfaces/share/arduino_interfaces/hook/cmake_prefix_path.sh'
[0.757s] Level 1:colcon.colcon_core.environment:checking '/home/pepijn/Desktop/git/DUM-E_ROSCode/ros2_ws/install/arduino_interfaces/lib'
[0.757s] Level 1:colcon.colcon_core.shell:create_environment_hook('arduino_interfaces', 'ld_library_path_lib')
[0.758s] INFO:colcon.colcon_core.shell:Creating environment hook '/home/pepijn/Desktop/git/DUM-E_ROSCode/ros2_ws/install/arduino_interfaces/share/arduino_interfaces/hook/ld_library_path_lib.ps1'
[0.758s] INFO:colcon.colcon_core.shell:Creating environment descriptor '/home/pepijn/Desktop/git/DUM-E_ROSCode/ros2_ws/install/arduino_interfaces/share/arduino_interfaces/hook/ld_library_path_lib.dsv'
[0.758s] INFO:colcon.colcon_core.shell:Creating environment hook '/home/pepijn/Desktop/git/DUM-E_ROSCode/ros2_ws/install/arduino_interfaces/share/arduino_interfaces/hook/ld_library_path_lib.sh'
[0.758s] Level 1:colcon.colcon_core.environment:checking '/home/pepijn/Desktop/git/DUM-E_ROSCode/ros2_ws/install/arduino_interfaces/bin'
[0.758s] Level 1:colcon.colcon_core.environment:checking '/home/pepijn/Desktop/git/DUM-E_ROSCode/ros2_ws/install/arduino_interfaces/lib/pkgconfig/arduino_interfaces.pc'
[0.759s] Level 1:colcon.colcon_core.environment:checking '/home/pepijn/Desktop/git/DUM-E_ROSCode/ros2_ws/install/arduino_interfaces/lib/python3.12/site-packages'
[0.759s] Level 1:colcon.colcon_core.shell:create_environment_hook('arduino_interfaces', 'pythonpath')
[0.759s] INFO:colcon.colcon_core.shell:Creating environment hook '/home/pepijn/Desktop/git/DUM-E_ROSCode/ros2_ws/install/arduino_interfaces/share/arduino_interfaces/hook/pythonpath.ps1'
[0.759s] INFO:colcon.colcon_core.shell:Creating environment descriptor '/home/pepijn/Desktop/git/DUM-E_ROSCode/ros2_ws/install/arduino_interfaces/share/arduino_interfaces/hook/pythonpath.dsv'
[0.759s] INFO:colcon.colcon_core.shell:Creating environment hook '/home/pepijn/Desktop/git/DUM-E_ROSCode/ros2_ws/install/arduino_interfaces/share/arduino_interfaces/hook/pythonpath.sh'
[0.760s] Level 1:colcon.colcon_core.environment:checking '/home/pepijn/Desktop/git/DUM-E_ROSCode/ros2_ws/install/arduino_interfaces/bin'
[0.760s] INFO:colcon.colcon_core.shell:Creating package script '/home/pepijn/Desktop/git/DUM-E_ROSCode/ros2_ws/install/arduino_interfaces/share/arduino_interfaces/package.ps1'
[0.760s] INFO:colcon.colcon_core.shell:Creating package descriptor '/home/pepijn/Desktop/git/DUM-E_ROSCode/ros2_ws/install/arduino_interfaces/share/arduino_interfaces/package.dsv'
[0.761s] INFO:colcon.colcon_core.shell:Creating package script '/home/pepijn/Desktop/git/DUM-E_ROSCode/ros2_ws/install/arduino_interfaces/share/arduino_interfaces/package.sh'
[0.761s] INFO:colcon.colcon_core.shell:Creating package script '/home/pepijn/Desktop/git/DUM-E_ROSCode/ros2_ws/install/arduino_interfaces/share/arduino_interfaces/package.bash'
[0.761s] INFO:colcon.colcon_core.shell:Creating package script '/home/pepijn/Desktop/git/DUM-E_ROSCode/ros2_ws/install/arduino_interfaces/share/arduino_interfaces/package.zsh'
[0.762s] Level 1:colcon.colcon_core.environment:create_file_with_runtime_dependencies(/home/pepijn/Desktop/git/DUM-E_ROSCode/ros2_ws/install/arduino_interfaces/share/colcon-core/packages/arduino_interfaces)
[0.763s] Level 1:colcon.colcon_core.environment:create_environment_scripts_only(tutorial_interfaces)
[0.763s] Level 1:colcon.colcon_core.environment:checking '/home/pepijn/Desktop/git/DUM-E_ROSCode/ros2_ws/install/tutorial_interfaces' for CMake module files
[0.763s] DEBUG:colcon.colcon_core.event_handler.log_command:Invoked command in '/home/pepijn/Desktop/git/DUM-E_ROSCode/ros2_ws/build/tutorial_interfaces' returned '0': CMAKE_PREFIX_PATH=${CMAKE_PREFIX_PATH}:/opt/ros/jazzy DEBUGINFOD_URLS=https://debuginfod.ubuntu.com /usr/bin/cmake --install /home/pepijn/Desktop/git/DUM-E_ROSCode/ros2_ws/build/tutorial_interfaces
[0.764s] Level 1:colcon.colcon_core.environment:checking '/home/pepijn/Desktop/git/DUM-E_ROSCode/ros2_ws/install/tutorial_interfaces' for CMake config files
[0.764s] Level 1:colcon.colcon_core.shell:create_environment_hook('tutorial_interfaces', 'cmake_prefix_path')
[0.764s] INFO:colcon.colcon_core.shell:Creating environment hook '/home/pepijn/Desktop/git/DUM-E_ROSCode/ros2_ws/install/tutorial_interfaces/share/tutorial_interfaces/hook/cmake_prefix_path.ps1'
[0.765s] INFO:colcon.colcon_core.shell:Creating environment descriptor '/home/pepijn/Desktop/git/DUM-E_ROSCode/ros2_ws/install/tutorial_interfaces/share/tutorial_interfaces/hook/cmake_prefix_path.dsv'
[0.765s] INFO:colcon.colcon_core.shell:Creating environment hook '/home/pepijn/Desktop/git/DUM-E_ROSCode/ros2_ws/install/tutorial_interfaces/share/tutorial_interfaces/hook/cmake_prefix_path.sh'
[0.765s] Level 1:colcon.colcon_core.environment:checking '/home/pepijn/Desktop/git/DUM-E_ROSCode/ros2_ws/install/tutorial_interfaces/lib'
[0.765s] Level 1:colcon.colcon_core.shell:create_environment_hook('tutorial_interfaces', 'ld_library_path_lib')
[0.765s] INFO:colcon.colcon_core.shell:Creating environment hook '/home/pepijn/Desktop/git/DUM-E_ROSCode/ros2_ws/install/tutorial_interfaces/share/tutorial_interfaces/hook/ld_library_path_lib.ps1'
[0.766s] INFO:colcon.colcon_core.shell:Creating environment descriptor '/home/pepijn/Desktop/git/DUM-E_ROSCode/ros2_ws/install/tutorial_interfaces/share/tutorial_interfaces/hook/ld_library_path_lib.dsv'
[0.766s] INFO:colcon.colcon_core.shell:Creating environment hook '/home/pepijn/Desktop/git/DUM-E_ROSCode/ros2_ws/install/tutorial_interfaces/share/tutorial_interfaces/hook/ld_library_path_lib.sh'
[0.766s] Level 1:colcon.colcon_core.environment:checking '/home/pepijn/Desktop/git/DUM-E_ROSCode/ros2_ws/install/tutorial_interfaces/bin'
[0.766s] Level 1:colcon.colcon_core.environment:checking '/home/pepijn/Desktop/git/DUM-E_ROSCode/ros2_ws/install/tutorial_interfaces/lib/pkgconfig/tutorial_interfaces.pc'
[0.767s] Level 1:colcon.colcon_core.environment:checking '/home/pepijn/Desktop/git/DUM-E_ROSCode/ros2_ws/install/tutorial_interfaces/lib/python3.12/site-packages'
[0.767s] Level 1:colcon.colcon_core.shell:create_environment_hook('tutorial_interfaces', 'pythonpath')
[0.767s] INFO:colcon.colcon_core.shell:Creating environment hook '/home/pepijn/Desktop/git/DUM-E_ROSCode/ros2_ws/install/tutorial_interfaces/share/tutorial_interfaces/hook/pythonpath.ps1'
[0.767s] INFO:colcon.colcon_core.shell:Creating environment descriptor '/home/pepijn/Desktop/git/DUM-E_ROSCode/ros2_ws/install/tutorial_interfaces/share/tutorial_interfaces/hook/pythonpath.dsv'
[0.767s] INFO:colcon.colcon_core.shell:Creating environment hook '/home/pepijn/Desktop/git/DUM-E_ROSCode/ros2_ws/install/tutorial_interfaces/share/tutorial_interfaces/hook/pythonpath.sh'
[0.768s] Level 1:colcon.colcon_core.environment:checking '/home/pepijn/Desktop/git/DUM-E_ROSCode/ros2_ws/install/tutorial_interfaces/bin'
[0.768s] INFO:colcon.colcon_core.shell:Creating package script '/home/pepijn/Desktop/git/DUM-E_ROSCode/ros2_ws/install/tutorial_interfaces/share/tutorial_interfaces/package.ps1'
[0.768s] INFO:colcon.colcon_core.shell:Creating package descriptor '/home/pepijn/Desktop/git/DUM-E_ROSCode/ros2_ws/install/tutorial_interfaces/share/tutorial_interfaces/package.dsv'
[0.769s] INFO:colcon.colcon_core.shell:Creating package script '/home/pepijn/Desktop/git/DUM-E_ROSCode/ros2_ws/install/tutorial_interfaces/share/tutorial_interfaces/package.sh'
[0.769s] INFO:colcon.colcon_core.shell:Creating package script '/home/pepijn/Desktop/git/DUM-E_ROSCode/ros2_ws/install/tutorial_interfaces/share/tutorial_interfaces/package.bash'
[0.769s] INFO:colcon.colcon_core.shell:Creating package script '/home/pepijn/Desktop/git/DUM-E_ROSCode/ros2_ws/install/tutorial_interfaces/share/tutorial_interfaces/package.zsh'
[0.769s] Level 1:colcon.colcon_core.environment:create_file_with_runtime_dependencies(/home/pepijn/Desktop/git/DUM-E_ROSCode/ros2_ws/install/tutorial_interfaces/share/colcon-core/packages/tutorial_interfaces)
[0.770s] Level 1:colcon.colcon_core.environment:create_environment_scripts_only(tutorial_interfaces)
[0.770s] Level 1:colcon.colcon_core.environment:checking '/home/pepijn/Desktop/git/DUM-E_ROSCode/ros2_ws/install/tutorial_interfaces' for CMake module files
[0.771s] Level 1:colcon.colcon_core.environment:checking '/home/pepijn/Desktop/git/DUM-E_ROSCode/ros2_ws/install/tutorial_interfaces' for CMake config files
[0.771s] Level 1:colcon.colcon_core.shell:create_environment_hook('tutorial_interfaces', 'cmake_prefix_path')
[0.771s] INFO:colcon.colcon_core.shell:Creating environment hook '/home/pepijn/Desktop/git/DUM-E_ROSCode/ros2_ws/install/tutorial_interfaces/share/tutorial_interfaces/hook/cmake_prefix_path.ps1'
[0.771s] INFO:colcon.colcon_core.shell:Creating environment descriptor '/home/pepijn/Desktop/git/DUM-E_ROSCode/ros2_ws/install/tutorial_interfaces/share/tutorial_interfaces/hook/cmake_prefix_path.dsv'
[0.772s] INFO:colcon.colcon_core.shell:Creating environment hook '/home/pepijn/Desktop/git/DUM-E_ROSCode/ros2_ws/install/tutorial_interfaces/share/tutorial_interfaces/hook/cmake_prefix_path.sh'
[0.772s] Level 1:colcon.colcon_core.environment:checking '/home/pepijn/Desktop/git/DUM-E_ROSCode/ros2_ws/install/tutorial_interfaces/lib'
[0.772s] Level 1:colcon.colcon_core.shell:create_environment_hook('tutorial_interfaces', 'ld_library_path_lib')
[0.772s] INFO:colcon.colcon_core.shell:Creating environment hook '/home/pepijn/Desktop/git/DUM-E_ROSCode/ros2_ws/install/tutorial_interfaces/share/tutorial_interfaces/hook/ld_library_path_lib.ps1'
[0.772s] INFO:colcon.colcon_core.shell:Creating environment descriptor '/home/pepijn/Desktop/git/DUM-E_ROSCode/ros2_ws/install/tutorial_interfaces/share/tutorial_interfaces/hook/ld_library_path_lib.dsv'
[0.773s] INFO:colcon.colcon_core.shell:Creating environment hook '/home/pepijn/Desktop/git/DUM-E_ROSCode/ros2_ws/install/tutorial_interfaces/share/tutorial_interfaces/hook/ld_library_path_lib.sh'
[0.773s] Level 1:colcon.colcon_core.environment:checking '/home/pepijn/Desktop/git/DUM-E_ROSCode/ros2_ws/install/tutorial_interfaces/bin'
[0.773s] Level 1:colcon.colcon_core.environment:checking '/home/pepijn/Desktop/git/DUM-E_ROSCode/ros2_ws/install/tutorial_interfaces/lib/pkgconfig/tutorial_interfaces.pc'
[0.773s] Level 1:colcon.colcon_core.environment:checking '/home/pepijn/Desktop/git/DUM-E_ROSCode/ros2_ws/install/tutorial_interfaces/lib/python3.12/site-packages'
[0.773s] Level 1:colcon.colcon_core.shell:create_environment_hook('tutorial_interfaces', 'pythonpath')
[0.773s] INFO:colcon.colcon_core.shell:Creating environment hook '/home/pepijn/Desktop/git/DUM-E_ROSCode/ros2_ws/install/tutorial_interfaces/share/tutorial_interfaces/hook/pythonpath.ps1'
[0.774s] INFO:colcon.colcon_core.shell:Creating environment descriptor '/home/pepijn/Desktop/git/DUM-E_ROSCode/ros2_ws/install/tutorial_interfaces/share/tutorial_interfaces/hook/pythonpath.dsv'
[0.774s] INFO:colcon.colcon_core.shell:Creating environment hook '/home/pepijn/Desktop/git/DUM-E_ROSCode/ros2_ws/install/tutorial_interfaces/share/tutorial_interfaces/hook/pythonpath.sh'
[0.774s] Level 1:colcon.colcon_core.environment:checking '/home/pepijn/Desktop/git/DUM-E_ROSCode/ros2_ws/install/tutorial_interfaces/bin'
[0.775s] INFO:colcon.colcon_core.shell:Creating package script '/home/pepijn/Desktop/git/DUM-E_ROSCode/ros2_ws/install/tutorial_interfaces/share/tutorial_interfaces/package.ps1'
[0.775s] INFO:colcon.colcon_core.shell:Creating package descriptor '/home/pepijn/Desktop/git/DUM-E_ROSCode/ros2_ws/install/tutorial_interfaces/share/tutorial_interfaces/package.dsv'
[0.775s] INFO:colcon.colcon_core.shell:Creating package script '/home/pepijn/Desktop/git/DUM-E_ROSCode/ros2_ws/install/tutorial_interfaces/share/tutorial_interfaces/package.sh'
[0.776s] INFO:colcon.colcon_core.shell:Creating package script '/home/pepijn/Desktop/git/DUM-E_ROSCode/ros2_ws/install/tutorial_interfaces/share/tutorial_interfaces/package.bash'
[0.776s] INFO:colcon.colcon_core.shell:Creating package script '/home/pepijn/Desktop/git/DUM-E_ROSCode/ros2_ws/install/tutorial_interfaces/share/tutorial_interfaces/package.zsh'
[0.776s] Level 1:colcon.colcon_core.environment:create_file_with_runtime_dependencies(/home/pepijn/Desktop/git/DUM-E_ROSCode/ros2_ws/install/tutorial_interfaces/share/colcon-core/packages/tutorial_interfaces)
[0.777s] INFO:colcon.colcon_ros.task.ament_python.build:Building ROS package in '/home/pepijn/Desktop/git/DUM-E_ROSCode/ros2_ws/src/py_srvcli' with build type 'ament_python'
[0.777s] Level 1:colcon.colcon_core.shell:create_environment_hook('py_srvcli', 'ament_prefix_path')
[0.777s] INFO:colcon.colcon_core.shell:Creating environment hook '/home/pepijn/Desktop/git/DUM-E_ROSCode/ros2_ws/install/py_srvcli/share/py_srvcli/hook/ament_prefix_path.ps1'
[0.777s] INFO:colcon.colcon_core.shell:Creating environment descriptor '/home/pepijn/Desktop/git/DUM-E_ROSCode/ros2_ws/install/py_srvcli/share/py_srvcli/hook/ament_prefix_path.dsv'
[0.778s] INFO:colcon.colcon_core.shell:Creating environment hook '/home/pepijn/Desktop/git/DUM-E_ROSCode/ros2_ws/install/py_srvcli/share/py_srvcli/hook/ament_prefix_path.sh'
[0.778s] INFO:colcon.colcon_core.shell:Skip shell extension 'powershell' for command environment: Not usable outside of PowerShell
[0.778s] DEBUG:colcon.colcon_core.shell:Skip shell extension 'dsv' for command environment
[0.993s] INFO:colcon.colcon_core.task.python.build:Building Python package in '/home/pepijn/Desktop/git/DUM-E_ROSCode/ros2_ws/src/py_srvcli'
[0.993s] INFO:colcon.colcon_core.shell:Skip shell extension 'powershell' for command environment: Not usable outside of PowerShell
[0.993s] DEBUG:colcon.colcon_core.shell:Skip shell extension 'dsv' for command environment
[1.083s] DEBUG:colcon.colcon_core.event_handler.log_command:Invoking command in '/home/pepijn/Desktop/git/DUM-E_ROSCode/ros2_ws/src/my_package': DEBUGINFOD_URLS=https://debuginfod.ubuntu.com PYTHONPATH=/home/pepijn/Desktop/git/DUM-E_ROSCode/ros2_ws/build/my_package/prefix_override:/usr/lib/python3/dist-packages/colcon_core/task/python/colcon_distutils_commands:/home/pepijn/Desktop/git/DUM-E_ROSCode/ros2_ws/install/my_package/lib/python3.12/site-packages:${PYTHONPATH} /usr/bin/python3 -W ignore:setup.py install is deprecated -W ignore:easy_install command is deprecated setup.py egg_info --egg-base ../../build/my_package build --build-base /home/pepijn/Desktop/git/DUM-E_ROSCode/ros2_ws/build/my_package/build install --record /home/pepijn/Desktop/git/DUM-E_ROSCode/ros2_ws/build/my_package/install.log --single-version-externally-managed install_data
[1.611s] DEBUG:colcon.colcon_core.event_handler.log_command:Invoking command in '/home/pepijn/Desktop/git/DUM-E_ROSCode/ros2_ws/src/py_srvcli': AMENT_PREFIX_PATH=/home/pepijn/ros2_ws/install/tutorial_interfaces:/home/pepijn/ros2_ws/install/arduino_interfaces:${AMENT_PREFIX_PATH} CMAKE_PREFIX_PATH=/home/pepijn/Desktop/git/DUM-E_ROSCode/ros2_ws/install/tutorial_interfaces:/home/pepijn/Desktop/git/DUM-E_ROSCode/ros2_ws/install/arduino_interfaces:${CMAKE_PREFIX_PATH} DEBUGINFOD_URLS=https://debuginfod.ubuntu.com LD_LIBRARY_PATH=/home/pepijn/ros2_ws/install/tutorial_interfaces/lib:/home/pepijn/Desktop/git/DUM-E_ROSCode/ros2_ws/install/tutorial_interfaces/lib:/home/pepijn/ros2_ws/install/arduino_interfaces/lib:/home/pepijn/Desktop/git/DUM-E_ROSCode/ros2_ws/install/arduino_interfaces/lib:${LD_LIBRARY_PATH} PYTHONPATH=/home/pepijn/Desktop/git/DUM-E_ROSCode/ros2_ws/build/py_srvcli/prefix_override:/usr/lib/python3/dist-packages/colcon_core/task/python/colcon_distutils_commands:/home/pepijn/Desktop/git/DUM-E_ROSCode/ros2_ws/install/py_srvcli/lib/python3.12/site-packages:/home/pepijn/ros2_ws/install/tutorial_interfaces/lib/python3.12/site-packages:/home/pepijn/Desktop/git/DUM-E_ROSCode/ros2_ws/install/tutorial_interfaces/lib/python3.12/site-packages:/home/pepijn/ros2_ws/install/arduino_interfaces/lib/python3.12/site-packages:/home/pepijn/Desktop/git/DUM-E_ROSCode/ros2_ws/install/arduino_interfaces/lib/python3.12/site-packages:${PYTHONPATH} /usr/bin/python3 -W ignore:setup.py install is deprecated -W ignore:easy_install command is deprecated setup.py egg_info --egg-base ../../build/py_srvcli build --build-base /home/pepijn/Desktop/git/DUM-E_ROSCode/ros2_ws/build/py_srvcli/build install --record /home/pepijn/Desktop/git/DUM-E_ROSCode/ros2_ws/build/py_srvcli/install.log --single-version-externally-managed install_data
[1.672s] Level 1:colcon.colcon_core.environment:checking '/home/pepijn/Desktop/git/DUM-E_ROSCode/ros2_ws/install/my_package' for CMake module files
[1.672s] DEBUG:colcon.colcon_core.event_handler.log_command:Invoked command in '/home/pepijn/Desktop/git/DUM-E_ROSCode/ros2_ws/src/my_package' returned '0': DEBUGINFOD_URLS=https://debuginfod.ubuntu.com PYTHONPATH=/home/pepijn/Desktop/git/DUM-E_ROSCode/ros2_ws/build/my_package/prefix_override:/usr/lib/python3/dist-packages/colcon_core/task/python/colcon_distutils_commands:/home/pepijn/Desktop/git/DUM-E_ROSCode/ros2_ws/install/my_package/lib/python3.12/site-packages:${PYTHONPATH} /usr/bin/python3 -W ignore:setup.py install is deprecated -W ignore:easy_install command is deprecated setup.py egg_info --egg-base ../../build/my_package build --build-base /home/pepijn/Desktop/git/DUM-E_ROSCode/ros2_ws/build/my_package/build install --record /home/pepijn/Desktop/git/DUM-E_ROSCode/ros2_ws/build/my_package/install.log --single-version-externally-managed install_data
[1.673s] Level 1:colcon.colcon_core.environment:checking '/home/pepijn/Desktop/git/DUM-E_ROSCode/ros2_ws/install/my_package' for CMake config files
[1.673s] Level 1:colcon.colcon_core.environment:checking '/home/pepijn/Desktop/git/DUM-E_ROSCode/ros2_ws/install/my_package/lib'
[1.673s] Level 1:colcon.colcon_core.environment:checking '/home/pepijn/Desktop/git/DUM-E_ROSCode/ros2_ws/install/my_package/bin'
[1.673s] Level 1:colcon.colcon_core.environment:checking '/home/pepijn/Desktop/git/DUM-E_ROSCode/ros2_ws/install/my_package/lib/pkgconfig/my_package.pc'
[1.673s] Level 1:colcon.colcon_core.environment:checking '/home/pepijn/Desktop/git/DUM-E_ROSCode/ros2_ws/install/my_package/lib/python3.12/site-packages'
[1.673s] Level 1:colcon.colcon_core.shell:create_environment_hook('my_package', 'pythonpath')
[1.674s] INFO:colcon.colcon_core.shell:Creating environment hook '/home/pepijn/Desktop/git/DUM-E_ROSCode/ros2_ws/install/my_package/share/my_package/hook/pythonpath.ps1'
[1.674s] INFO:colcon.colcon_core.shell:Creating environment descriptor '/home/pepijn/Desktop/git/DUM-E_ROSCode/ros2_ws/install/my_package/share/my_package/hook/pythonpath.dsv'
[1.674s] INFO:colcon.colcon_core.shell:Creating environment hook '/home/pepijn/Desktop/git/DUM-E_ROSCode/ros2_ws/install/my_package/share/my_package/hook/pythonpath.sh'
[1.675s] Level 1:colcon.colcon_core.environment:checking '/home/pepijn/Desktop/git/DUM-E_ROSCode/ros2_ws/install/my_package/bin'
[1.675s] Level 1:colcon.colcon_core.environment:create_environment_scripts_only(my_package)
[1.675s] INFO:colcon.colcon_core.shell:Creating package script '/home/pepijn/Desktop/git/DUM-E_ROSCode/ros2_ws/install/my_package/share/my_package/package.ps1'
[1.675s] INFO:colcon.colcon_core.shell:Creating package descriptor '/home/pepijn/Desktop/git/DUM-E_ROSCode/ros2_ws/install/my_package/share/my_package/package.dsv'
[1.675s] INFO:colcon.colcon_core.shell:Creating package script '/home/pepijn/Desktop/git/DUM-E_ROSCode/ros2_ws/install/my_package/share/my_package/package.sh'
[1.676s] INFO:colcon.colcon_core.shell:Creating package script '/home/pepijn/Desktop/git/DUM-E_ROSCode/ros2_ws/install/my_package/share/my_package/package.bash'
[1.676s] INFO:colcon.colcon_core.shell:Creating package script '/home/pepijn/Desktop/git/DUM-E_ROSCode/ros2_ws/install/my_package/share/my_package/package.zsh'
[1.676s] Level 1:colcon.colcon_core.environment:create_file_with_runtime_dependencies(/home/pepijn/Desktop/git/DUM-E_ROSCode/ros2_ws/install/my_package/share/colcon-core/packages/my_package)
[2.205s] Level 1:colcon.colcon_core.environment:checking '/home/pepijn/Desktop/git/DUM-E_ROSCode/ros2_ws/install/py_srvcli' for CMake module files
[2.206s] DEBUG:colcon.colcon_core.event_handler.log_command:Invoked command in '/home/pepijn/Desktop/git/DUM-E_ROSCode/ros2_ws/src/py_srvcli' returned '0': AMENT_PREFIX_PATH=/home/pepijn/ros2_ws/install/tutorial_interfaces:/home/pepijn/ros2_ws/install/arduino_interfaces:${AMENT_PREFIX_PATH} CMAKE_PREFIX_PATH=/home/pepijn/Desktop/git/DUM-E_ROSCode/ros2_ws/install/tutorial_interfaces:/home/pepijn/Desktop/git/DUM-E_ROSCode/ros2_ws/install/arduino_interfaces:${CMAKE_PREFIX_PATH} DEBUGINFOD_URLS=https://debuginfod.ubuntu.com LD_LIBRARY_PATH=/home/pepijn/ros2_ws/install/tutorial_interfaces/lib:/home/pepijn/Desktop/git/DUM-E_ROSCode/ros2_ws/install/tutorial_interfaces/lib:/home/pepijn/ros2_ws/install/arduino_interfaces/lib:/home/pepijn/Desktop/git/DUM-E_ROSCode/ros2_ws/install/arduino_interfaces/lib:${LD_LIBRARY_PATH} PYTHONPATH=/home/pepijn/Desktop/git/DUM-E_ROSCode/ros2_ws/build/py_srvcli/prefix_override:/usr/lib/python3/dist-packages/colcon_core/task/python/colcon_distutils_commands:/home/pepijn/Desktop/git/DUM-E_ROSCode/ros2_ws/install/py_srvcli/lib/python3.12/site-packages:/home/pepijn/ros2_ws/install/tutorial_interfaces/lib/python3.12/site-packages:/home/pepijn/Desktop/git/DUM-E_ROSCode/ros2_ws/install/tutorial_interfaces/lib/python3.12/site-packages:/home/pepijn/ros2_ws/install/arduino_interfaces/lib/python3.12/site-packages:/home/pepijn/Desktop/git/DUM-E_ROSCode/ros2_ws/install/arduino_interfaces/lib/python3.12/site-packages:${PYTHONPATH} /usr/bin/python3 -W ignore:setup.py install is deprecated -W ignore:easy_install command is deprecated setup.py egg_info --egg-base ../../build/py_srvcli build --build-base /home/pepijn/Desktop/git/DUM-E_ROSCode/ros2_ws/build/py_srvcli/build install --record /home/pepijn/Desktop/git/DUM-E_ROSCode/ros2_ws/build/py_srvcli/install.log --single-version-externally-managed install_data
[2.206s] Level 1:colcon.colcon_core.environment:checking '/home/pepijn/Desktop/git/DUM-E_ROSCode/ros2_ws/install/py_srvcli' for CMake config files
[2.206s] Level 1:colcon.colcon_core.environment:checking '/home/pepijn/Desktop/git/DUM-E_ROSCode/ros2_ws/install/py_srvcli/lib'
[2.206s] Level 1:colcon.colcon_core.environment:checking '/home/pepijn/Desktop/git/DUM-E_ROSCode/ros2_ws/install/py_srvcli/bin'
[2.206s] Level 1:colcon.colcon_core.environment:checking '/home/pepijn/Desktop/git/DUM-E_ROSCode/ros2_ws/install/py_srvcli/lib/pkgconfig/py_srvcli.pc'
[2.207s] Level 1:colcon.colcon_core.environment:checking '/home/pepijn/Desktop/git/DUM-E_ROSCode/ros2_ws/install/py_srvcli/lib/python3.12/site-packages'
[2.207s] Level 1:colcon.colcon_core.shell:create_environment_hook('py_srvcli', 'pythonpath')
[2.207s] INFO:colcon.colcon_core.shell:Creating environment hook '/home/pepijn/Desktop/git/DUM-E_ROSCode/ros2_ws/install/py_srvcli/share/py_srvcli/hook/pythonpath.ps1'
[2.207s] INFO:colcon.colcon_core.shell:Creating environment descriptor '/home/pepijn/Desktop/git/DUM-E_ROSCode/ros2_ws/install/py_srvcli/share/py_srvcli/hook/pythonpath.dsv'
[2.208s] INFO:colcon.colcon_core.shell:Creating environment hook '/home/pepijn/Desktop/git/DUM-E_ROSCode/ros2_ws/install/py_srvcli/share/py_srvcli/hook/pythonpath.sh'
[2.208s] Level 1:colcon.colcon_core.environment:checking '/home/pepijn/Desktop/git/DUM-E_ROSCode/ros2_ws/install/py_srvcli/bin'
[2.208s] Level 1:colcon.colcon_core.environment:create_environment_scripts_only(py_srvcli)
[2.208s] INFO:colcon.colcon_core.shell:Creating package script '/home/pepijn/Desktop/git/DUM-E_ROSCode/ros2_ws/install/py_srvcli/share/py_srvcli/package.ps1'
[2.208s] INFO:colcon.colcon_core.shell:Creating package descriptor '/home/pepijn/Desktop/git/DUM-E_ROSCode/ros2_ws/install/py_srvcli/share/py_srvcli/package.dsv'
[2.209s] INFO:colcon.colcon_core.shell:Creating package script '/home/pepijn/Desktop/git/DUM-E_ROSCode/ros2_ws/install/py_srvcli/share/py_srvcli/package.sh'
[2.209s] INFO:colcon.colcon_core.shell:Creating package script '/home/pepijn/Desktop/git/DUM-E_ROSCode/ros2_ws/install/py_srvcli/share/py_srvcli/package.bash'
[2.209s] INFO:colcon.colcon_core.shell:Creating package script '/home/pepijn/Desktop/git/DUM-E_ROSCode/ros2_ws/install/py_srvcli/share/py_srvcli/package.zsh'
[2.210s] Level 1:colcon.colcon_core.environment:create_file_with_runtime_dependencies(/home/pepijn/Desktop/git/DUM-E_ROSCode/ros2_ws/install/py_srvcli/share/colcon-core/packages/py_srvcli)
[2.210s] DEBUG:colcon.colcon_parallel_executor.executor.parallel:closing loop
[2.210s] DEBUG:colcon.colcon_parallel_executor.executor.parallel:loop closed
[2.210s] DEBUG:colcon.colcon_parallel_executor.executor.parallel:run_until_complete finished with '0'
[2.210s] DEBUG:colcon.colcon_core.event_reactor:joining thread
[2.215s] INFO:colcon.colcon_core.plugin_system:Skipping extension 'colcon_notification.desktop_notification.terminal_notifier': Not used on non-Darwin systems
[2.215s] INFO:colcon.colcon_core.plugin_system:Skipping extension 'colcon_notification.desktop_notification.win32': Not used on non-Windows systems
[2.215s] INFO:colcon.colcon_notification.desktop_notification:Sending desktop notification using 'notify2'
[2.224s] DEBUG:colcon.colcon_core.event_reactor:joined thread
[2.224s] INFO:colcon.colcon_core.shell:Creating prefix script '/home/pepijn/Desktop/git/DUM-E_ROSCode/ros2_ws/install/local_setup.ps1'
[2.225s] INFO:colcon.colcon_core.shell:Creating prefix util module '/home/pepijn/Desktop/git/DUM-E_ROSCode/ros2_ws/install/_local_setup_util_ps1.py'
[2.225s] INFO:colcon.colcon_core.shell:Creating prefix chain script '/home/pepijn/Desktop/git/DUM-E_ROSCode/ros2_ws/install/setup.ps1'
[2.226s] INFO:colcon.colcon_core.shell:Creating prefix script '/home/pepijn/Desktop/git/DUM-E_ROSCode/ros2_ws/install/local_setup.sh'
[2.226s] INFO:colcon.colcon_core.shell:Creating prefix util module '/home/pepijn/Desktop/git/DUM-E_ROSCode/ros2_ws/install/_local_setup_util_sh.py'
[2.227s] INFO:colcon.colcon_core.shell:Creating prefix chain script '/home/pepijn/Desktop/git/DUM-E_ROSCode/ros2_ws/install/setup.sh'
[2.227s] INFO:colcon.colcon_core.shell:Creating prefix script '/home/pepijn/Desktop/git/DUM-E_ROSCode/ros2_ws/install/local_setup.bash'
[2.228s] INFO:colcon.colcon_core.shell:Creating prefix chain script '/home/pepijn/Desktop/git/DUM-E_ROSCode/ros2_ws/install/setup.bash'
[2.228s] INFO:colcon.colcon_core.shell:Creating prefix script '/home/pepijn/Desktop/git/DUM-E_ROSCode/ros2_ws/install/local_setup.zsh'
[2.229s] INFO:colcon.colcon_core.shell:Creating prefix chain script '/home/pepijn/Desktop/git/DUM-E_ROSCode/ros2_ws/install/setup.zsh'
