[0.084s] Invoking command in '/home/ras/DUM-E_ROSCode/ros2_ws/build/arduino_interfaces': CMAKE_PREFIX_PATH=${CMAKE_PREFIX_PATH}:/opt/ros/jazzy DEBUGINFOD_URLS=https://debuginfod.ubuntu.com /usr/bin/cmake /home/ras/DUM-E_ROSCode/ros2_ws/src/arduino_interfaces -DCMAKE_INSTALL_PREFIX=/home/ras/DUM-E_ROSCode/ros2_ws/install/arduino_interfaces
[1.080s] -- The C compiler identification is GNU 13.3.0
[1.946s] -- The CXX compiler identification is GNU 13.3.0
[2.053s] -- Detecting C compiler ABI info
[2.598s] -- Detecting C compiler ABI info - done
[2.635s] -- Check for working C compiler: /usr/bin/cc - skipped
[2.637s] -- Detecting C compile features
[2.639s] -- Detecting C compile features - done
[2.693s] -- Detecting CXX compiler ABI info
[3.263s] -- Detecting CXX compiler ABI info - done
[3.308s] -- Check for working CXX compiler: /usr/bin/c++ - skipped
[3.309s] -- Detecting CXX compile features
[3.311s] -- Detecting CXX compile features - done
[3.340s] -- Found ament_cmake: 2.5.3 (/opt/ros/jazzy/share/ament_cmake/cmake)
[4.244s] -- Found Python3: /usr/bin/python3 (found version "3.12.3") found components: Interpreter 
[5.061s] -- Found rosidl_default_generators: 1.6.0 (/opt/ros/jazzy/share/rosidl_default_generators/cmake)
[5.118s] -- Using all available rosidl_typesupport_c: rosidl_typesupport_fastrtps_c;rosidl_typesupport_introspection_c
[5.662s] -- Using all available rosidl_typesupport_cpp: rosidl_typesupport_fastrtps_cpp;rosidl_typesupport_introspection_cpp
[6.034s] -- Found rosidl_adapter: 4.6.5 (/opt/ros/jazzy/share/rosidl_adapter/cmake)
[9.604s] -- Found ament_cmake_ros: 0.12.0 (/opt/ros/jazzy/share/ament_cmake_ros/cmake)
[12.030s] -- Using all available rosidl_typesupport_c: rosidl_typesupport_fastrtps_c;rosidl_typesupport_introspection_c
[15.006s] -- Using all available rosidl_typesupport_cpp: rosidl_typesupport_fastrtps_cpp;rosidl_typesupport_introspection_cpp
[15.033s] -- Found python_cmake_module: 0.11.1 (/opt/ros/jazzy/share/python_cmake_module/cmake)
[15.767s] -- Found PythonExtra: /usr/bin/python3  
[18.111s] -- Found Python3: /usr/bin/python3 (found version "3.12.3") found components: Interpreter Development NumPy Development.Module Development.Embed 
[18.312s] -- Found ament_lint_auto: 0.17.1 (/opt/ros/jazzy/share/ament_lint_auto/cmake)
[18.553s] -- Added test 'flake8' to check Python code syntax and style conventions
[18.553s] -- Configured 'flake8' exclude dirs and/or files: 
[18.558s] -- Added test 'lint_cmake' to check CMake code style
[18.562s] -- Added test 'pep257' to check Python code against some of the docstring style conventions in PEP 257
[18.572s] -- Added test 'xmllint' to check XML markup files
[18.596s] -- Configuring done (18.5s)
[18.862s] -- Generating done (0.2s)
[18.928s] -- Build files have been written to: /home/ras/DUM-E_ROSCode/ros2_ws/build/arduino_interfaces
[18.993s] Invoked command in '/home/ras/DUM-E_ROSCode/ros2_ws/build/arduino_interfaces' returned '0': CMAKE_PREFIX_PATH=${CMAKE_PREFIX_PATH}:/opt/ros/jazzy DEBUGINFOD_URLS=https://debuginfod.ubuntu.com /usr/bin/cmake /home/ras/DUM-E_ROSCode/ros2_ws/src/arduino_interfaces -DCMAKE_INSTALL_PREFIX=/home/ras/DUM-E_ROSCode/ros2_ws/install/arduino_interfaces
[19.002s] Invoking command in '/home/ras/DUM-E_ROSCode/ros2_ws/build/arduino_interfaces': CMAKE_PREFIX_PATH=${CMAKE_PREFIX_PATH}:/opt/ros/jazzy DEBUGINFOD_URLS=https://debuginfod.ubuntu.com /usr/bin/cmake --build /home/ras/DUM-E_ROSCode/ros2_ws/build/arduino_interfaces -- -j4 -l4
[19.298s] [  2%] [34m[1mGenerating type hashes for ROS interfaces[0m
[19.351s] [  2%] Built target ament_cmake_python_copy_arduino_interfaces
[20.445s] [  2%] Built target arduino_interfaces__rosidl_generator_type_description
[20.522s] [  4%] [34m[1mGenerating C code for ROS interfaces[0m
[20.640s] [  6%] [34m[1mGenerating C++ code for ROS interfaces[0m
[20.875s] running egg_info
[20.880s] creating arduino_interfaces.egg-info
[21.089s] writing arduino_interfaces.egg-info/PKG-INFO
[21.090s] writing dependency_links to arduino_interfaces.egg-info/dependency_links.txt
[21.091s] writing top-level names to arduino_interfaces.egg-info/top_level.txt
[21.095s] writing manifest file 'arduino_interfaces.egg-info/SOURCES.txt'
[21.606s] reading manifest file 'arduino_interfaces.egg-info/SOURCES.txt'
[21.609s] writing manifest file 'arduino_interfaces.egg-info/SOURCES.txt'
[21.869s] [  6%] Built target ament_cmake_python_build_arduino_interfaces_egg
[23.255s] [  6%] Built target arduino_interfaces__cpp
[23.322s] [  9%] [32mBuilding C object CMakeFiles/arduino_interfaces__rosidl_generator_c.dir/rosidl_generator_c/arduino_interfaces/msg/detail/num__type_support.c.o[0m
[23.342s] [ 11%] [32mBuilding C object CMakeFiles/arduino_interfaces__rosidl_generator_c.dir/rosidl_generator_c/arduino_interfaces/msg/detail/num__description.c.o[0m
[23.350s] [ 13%] [32mBuilding C object CMakeFiles/arduino_interfaces__rosidl_generator_c.dir/rosidl_generator_c/arduino_interfaces/msg/detail/num__functions.c.o[0m
[23.389s] [ 15%] [32mBuilding C object CMakeFiles/arduino_interfaces__rosidl_generator_c.dir/rosidl_generator_c/arduino_interfaces/srv/detail/set_stepper_motor_positions__description.c.o[0m
[23.882s] [ 18%] [32mBuilding C object CMakeFiles/arduino_interfaces__rosidl_generator_c.dir/rosidl_generator_c/arduino_interfaces/srv/detail/set_stepper_motor_positions__functions.c.o[0m
[23.968s] [ 20%] [32mBuilding C object CMakeFiles/arduino_interfaces__rosidl_generator_c.dir/rosidl_generator_c/arduino_interfaces/srv/detail/set_stepper_motor_positions__type_support.c.o[0m
[24.533s] [ 22%] [32m[1mLinking C shared library libarduino_interfaces__rosidl_generator_c.so[0m
[24.771s] [ 22%] Built target arduino_interfaces__rosidl_generator_c
[24.861s] [ 25%] [34m[1mGenerating C++ type support for eProsima Fast-RTPS[0m
[24.865s] [ 27%] [34m[1mGenerating C type support dispatch for ROS interfaces[0m
[24.879s] [ 29%] [34m[1mGenerating C type support for eProsima Fast-RTPS[0m
[24.884s] [ 31%] [34m[1mGenerating C introspection for ROS interfaces[0m
[27.646s] [ 34%] [32mBuilding CXX object CMakeFiles/arduino_interfaces__rosidl_typesupport_c.dir/rosidl_typesupport_c/arduino_interfaces/msg/num__type_support.cpp.o[0m
[27.949s] [ 36%] [32mBuilding C object CMakeFiles/arduino_interfaces__rosidl_typesupport_introspection_c.dir/rosidl_typesupport_introspection_c/arduino_interfaces/msg/detail/num__type_support.c.o[0m
[28.261s] [ 38%] [32mBuilding C object CMakeFiles/arduino_interfaces__rosidl_typesupport_introspection_c.dir/rosidl_typesupport_introspection_c/arduino_interfaces/srv/detail/set_stepper_motor_positions__type_support.c.o[0m
[28.283s] [ 40%] [32mBuilding CXX object CMakeFiles/arduino_interfaces__rosidl_typesupport_c.dir/rosidl_typesupport_c/arduino_interfaces/srv/set_stepper_motor_positions__type_support.cpp.o[0m
[28.528s] [ 43%] [32mBuilding CXX object CMakeFiles/arduino_interfaces__rosidl_typesupport_fastrtps_cpp.dir/rosidl_typesupport_fastrtps_cpp/arduino_interfaces/msg/detail/dds_fastrtps/num__type_support.cpp.o[0m
[28.571s] [ 45%] [32mBuilding CXX object CMakeFiles/arduino_interfaces__rosidl_typesupport_fastrtps_c.dir/rosidl_typesupport_fastrtps_c/arduino_interfaces/msg/detail/num__type_support_c.cpp.o[0m
[28.736s] [ 47%] [32m[1mLinking CXX shared library libarduino_interfaces__rosidl_typesupport_c.so[0m
[28.737s] [ 50%] [32m[1mLinking C shared library libarduino_interfaces__rosidl_typesupport_introspection_c.so[0m
[29.078s] [ 50%] Built target arduino_interfaces__rosidl_typesupport_introspection_c
[29.195s] [ 52%] [34m[1mGenerating C++ introspection for ROS interfaces[0m
[29.305s] [ 52%] Built target arduino_interfaces__rosidl_typesupport_c
[29.443s] [ 54%] [34m[1mGenerating C++ type support dispatch for ROS interfaces[0m
[32.751s] [ 56%] [32mBuilding CXX object CMakeFiles/arduino_interfaces__rosidl_typesupport_cpp.dir/rosidl_typesupport_cpp/arduino_interfaces/msg/num__type_support.cpp.o[0m
[33.274s] [ 59%] [32mBuilding CXX object CMakeFiles/arduino_interfaces__rosidl_typesupport_introspection_cpp.dir/rosidl_typesupport_introspection_cpp/arduino_interfaces/msg/detail/num__type_support.cpp.o[0m
[36.375s] [ 61%] [32mBuilding CXX object CMakeFiles/arduino_interfaces__rosidl_typesupport_fastrtps_cpp.dir/rosidl_typesupport_fastrtps_cpp/arduino_interfaces/srv/detail/dds_fastrtps/set_stepper_motor_positions__type_support.cpp.o[0m
[36.953s] [ 63%] [32mBuilding CXX object CMakeFiles/arduino_interfaces__rosidl_typesupport_fastrtps_c.dir/rosidl_typesupport_fastrtps_c/arduino_interfaces/srv/detail/set_stepper_motor_positions__type_support_c.cpp.o[0m
[37.454s] [ 65%] [32mBuilding CXX object CMakeFiles/arduino_interfaces__rosidl_typesupport_introspection_cpp.dir/rosidl_typesupport_introspection_cpp/arduino_interfaces/srv/detail/set_stepper_motor_positions__type_support.cpp.o[0m
[37.904s] [ 68%] [32mBuilding CXX object CMakeFiles/arduino_interfaces__rosidl_typesupport_cpp.dir/rosidl_typesupport_cpp/arduino_interfaces/srv/set_stepper_motor_positions__type_support.cpp.o[0m
[41.734s] [ 70%] [32m[1mLinking CXX shared library libarduino_interfaces__rosidl_typesupport_introspection_cpp.so[0m
[42.788s] [ 70%] Built target arduino_interfaces__rosidl_typesupport_introspection_cpp
[43.121s] [ 72%] [32m[1mLinking CXX shared library libarduino_interfaces__rosidl_typesupport_fastrtps_c.so[0m
[43.640s] [ 75%] [32m[1mLinking CXX shared library libarduino_interfaces__rosidl_typesupport_cpp.so[0m
[43.755s] [ 75%] Built target arduino_interfaces__rosidl_typesupport_fastrtps_c
[44.613s] [ 75%] Built target arduino_interfaces__rosidl_typesupport_cpp
[44.740s] [ 77%] [32m[1mLinking CXX shared library libarduino_interfaces__rosidl_typesupport_fastrtps_cpp.so[0m
[45.505s] [ 77%] Built target arduino_interfaces__rosidl_typesupport_fastrtps_cpp
[45.741s] [ 77%] Built target arduino_interfaces
[45.931s] [ 79%] [34m[1mGenerating Python code for ROS interfaces[0m
[49.443s] [ 79%] Built target arduino_interfaces__py
[49.572s] [ 81%] [32mBuilding C object CMakeFiles/arduino_interfaces__rosidl_generator_py.dir/rosidl_generator_py/arduino_interfaces/msg/_num_s.c.o[0m
[49.582s] [ 84%] [32mBuilding C object CMakeFiles/arduino_interfaces__rosidl_generator_py.dir/rosidl_generator_py/arduino_interfaces/srv/_set_stepper_motor_positions_s.c.o[0m
[50.567s] [ 86%] [32m[1mLinking C shared library libarduino_interfaces__rosidl_generator_py.so[0m
[50.807s] [ 86%] Built target arduino_interfaces__rosidl_generator_py
[50.958s] [ 93%] [32mBuilding C object CMakeFiles/arduino_interfaces_s__rosidl_typesupport_fastrtps_c.dir/rosidl_generator_py/arduino_interfaces/_arduino_interfaces_s.ep.rosidl_typesupport_fastrtps_c.c.o[0m
[50.960s] [ 93%] [32mBuilding C object CMakeFiles/arduino_interfaces_s__rosidl_typesupport_c.dir/rosidl_generator_py/arduino_interfaces/_arduino_interfaces_s.ep.rosidl_typesupport_c.c.o[0m
[50.965s] [ 93%] [32mBuilding C object CMakeFiles/arduino_interfaces_s__rosidl_typesupport_introspection_c.dir/rosidl_generator_py/arduino_interfaces/_arduino_interfaces_s.ep.rosidl_typesupport_introspection_c.c.o[0m
[51.622s] [ 95%] [32m[1mLinking C shared module rosidl_generator_py/arduino_interfaces/arduino_interfaces_s__rosidl_typesupport_introspection_c.so[0m
[51.640s] [ 97%] [32m[1mLinking C shared module rosidl_generator_py/arduino_interfaces/arduino_interfaces_s__rosidl_typesupport_c.so[0m
[51.712s] [100%] [32m[1mLinking C shared module rosidl_generator_py/arduino_interfaces/arduino_interfaces_s__rosidl_typesupport_fastrtps_c.so[0m
[51.837s] [100%] Built target arduino_interfaces_s__rosidl_typesupport_introspection_c
[51.851s] [100%] Built target arduino_interfaces_s__rosidl_typesupport_c
[51.911s] [100%] Built target arduino_interfaces_s__rosidl_typesupport_fastrtps_c
[51.972s] Invoked command in '/home/ras/DUM-E_ROSCode/ros2_ws/build/arduino_interfaces' returned '0': CMAKE_PREFIX_PATH=${CMAKE_PREFIX_PATH}:/opt/ros/jazzy DEBUGINFOD_URLS=https://debuginfod.ubuntu.com /usr/bin/cmake --build /home/ras/DUM-E_ROSCode/ros2_ws/build/arduino_interfaces -- -j4 -l4
[52.020s] Invoking command in '/home/ras/DUM-E_ROSCode/ros2_ws/build/arduino_interfaces': CMAKE_PREFIX_PATH=${CMAKE_PREFIX_PATH}:/opt/ros/jazzy DEBUGINFOD_URLS=https://debuginfod.ubuntu.com /usr/bin/cmake --install /home/ras/DUM-E_ROSCode/ros2_ws/build/arduino_interfaces
[52.062s] -- Install configuration: ""
[52.064s] -- Installing: /home/ras/DUM-E_ROSCode/ros2_ws/install/arduino_interfaces/share/ament_index/resource_index/rosidl_interfaces/arduino_interfaces
[52.066s] -- Installing: /home/ras/DUM-E_ROSCode/ros2_ws/install/arduino_interfaces/share/arduino_interfaces/msg/Num.json
[52.067s] -- Installing: /home/ras/DUM-E_ROSCode/ros2_ws/install/arduino_interfaces/share/arduino_interfaces/srv/SetStepperMotorPositions.json
[52.069s] -- Installing: /home/ras/DUM-E_ROSCode/ros2_ws/install/arduino_interfaces/include/arduino_interfaces/arduino_interfaces
[52.070s] -- Installing: /home/ras/DUM-E_ROSCode/ros2_ws/install/arduino_interfaces/include/arduino_interfaces/arduino_interfaces/srv
[52.071s] -- Installing: /home/ras/DUM-E_ROSCode/ros2_ws/install/arduino_interfaces/include/arduino_interfaces/arduino_interfaces/srv/detail
[52.072s] -- Installing: /home/ras/DUM-E_ROSCode/ros2_ws/install/arduino_interfaces/include/arduino_interfaces/arduino_interfaces/srv/detail/set_stepper_motor_positions__functions.h
[52.074s] -- Installing: /home/ras/DUM-E_ROSCode/ros2_ws/install/arduino_interfaces/include/arduino_interfaces/arduino_interfaces/srv/detail/set_stepper_motor_positions__struct.h
[52.075s] -- Installing: /home/ras/DUM-E_ROSCode/ros2_ws/install/arduino_interfaces/include/arduino_interfaces/arduino_interfaces/srv/detail/set_stepper_motor_positions__type_support.h
[52.076s] -- Installing: /home/ras/DUM-E_ROSCode/ros2_ws/install/arduino_interfaces/include/arduino_interfaces/arduino_interfaces/srv/detail/set_stepper_motor_positions__description.c
[52.078s] -- Installing: /home/ras/DUM-E_ROSCode/ros2_ws/install/arduino_interfaces/include/arduino_interfaces/arduino_interfaces/srv/detail/set_stepper_motor_positions__type_support.c
[52.079s] -- Installing: /home/ras/DUM-E_ROSCode/ros2_ws/install/arduino_interfaces/include/arduino_interfaces/arduino_interfaces/srv/detail/set_stepper_motor_positions__functions.c
[52.081s] -- Installing: /home/ras/DUM-E_ROSCode/ros2_ws/install/arduino_interfaces/include/arduino_interfaces/arduino_interfaces/srv/set_stepper_motor_positions.h
[52.082s] -- Installing: /home/ras/DUM-E_ROSCode/ros2_ws/install/arduino_interfaces/include/arduino_interfaces/arduino_interfaces/msg
[52.083s] -- Installing: /home/ras/DUM-E_ROSCode/ros2_ws/install/arduino_interfaces/include/arduino_interfaces/arduino_interfaces/msg/rosidl_generator_c__visibility_control.h
[52.084s] -- Installing: /home/ras/DUM-E_ROSCode/ros2_ws/install/arduino_interfaces/include/arduino_interfaces/arduino_interfaces/msg/detail
[52.085s] -- Installing: /home/ras/DUM-E_ROSCode/ros2_ws/install/arduino_interfaces/include/arduino_interfaces/arduino_interfaces/msg/detail/num__struct.h
[52.086s] -- Installing: /home/ras/DUM-E_ROSCode/ros2_ws/install/arduino_interfaces/include/arduino_interfaces/arduino_interfaces/msg/detail/num__functions.h
[52.087s] -- Installing: /home/ras/DUM-E_ROSCode/ros2_ws/install/arduino_interfaces/include/arduino_interfaces/arduino_interfaces/msg/detail/num__type_support.h
[52.088s] -- Installing: /home/ras/DUM-E_ROSCode/ros2_ws/install/arduino_interfaces/include/arduino_interfaces/arduino_interfaces/msg/detail/num__functions.c
[52.090s] -- Installing: /home/ras/DUM-E_ROSCode/ros2_ws/install/arduino_interfaces/include/arduino_interfaces/arduino_interfaces/msg/detail/num__description.c
[52.091s] -- Installing: /home/ras/DUM-E_ROSCode/ros2_ws/install/arduino_interfaces/include/arduino_interfaces/arduino_interfaces/msg/detail/num__type_support.c
[52.093s] -- Installing: /home/ras/DUM-E_ROSCode/ros2_ws/install/arduino_interfaces/include/arduino_interfaces/arduino_interfaces/msg/num.h
[52.094s] -- Installing: /home/ras/DUM-E_ROSCode/ros2_ws/install/arduino_interfaces/share/arduino_interfaces/environment/library_path.sh
[52.095s] -- Installing: /home/ras/DUM-E_ROSCode/ros2_ws/install/arduino_interfaces/share/arduino_interfaces/environment/library_path.dsv
[52.097s] -- Installing: /home/ras/DUM-E_ROSCode/ros2_ws/install/arduino_interfaces/lib/libarduino_interfaces__rosidl_generator_c.so
[52.101s] -- Set non-toolchain portion of runtime path of "/home/ras/DUM-E_ROSCode/ros2_ws/install/arduino_interfaces/lib/libarduino_interfaces__rosidl_generator_c.so" to ""
[52.102s] -- Up-to-date: /home/ras/DUM-E_ROSCode/ros2_ws/install/arduino_interfaces/include/arduino_interfaces/arduino_interfaces
[52.103s] -- Up-to-date: /home/ras/DUM-E_ROSCode/ros2_ws/install/arduino_interfaces/include/arduino_interfaces/arduino_interfaces/srv
[52.103s] -- Up-to-date: /home/ras/DUM-E_ROSCode/ros2_ws/install/arduino_interfaces/include/arduino_interfaces/arduino_interfaces/srv/detail
[52.104s] -- Installing: /home/ras/DUM-E_ROSCode/ros2_ws/install/arduino_interfaces/include/arduino_interfaces/arduino_interfaces/srv/detail/set_stepper_motor_positions__rosidl_typesupport_fastrtps_c.h
[52.104s] -- Up-to-date: /home/ras/DUM-E_ROSCode/ros2_ws/install/arduino_interfaces/include/arduino_interfaces/arduino_interfaces/msg
[52.105s] -- Installing: /home/ras/DUM-E_ROSCode/ros2_ws/install/arduino_interfaces/include/arduino_interfaces/arduino_interfaces/msg/rosidl_typesupport_fastrtps_c__visibility_control.h
[52.106s] -- Up-to-date: /home/ras/DUM-E_ROSCode/ros2_ws/install/arduino_interfaces/include/arduino_interfaces/arduino_interfaces/msg/detail
[52.107s] -- Installing: /home/ras/DUM-E_ROSCode/ros2_ws/install/arduino_interfaces/include/arduino_interfaces/arduino_interfaces/msg/detail/num__rosidl_typesupport_fastrtps_c.h
[52.108s] -- Installing: /home/ras/DUM-E_ROSCode/ros2_ws/install/arduino_interfaces/lib/libarduino_interfaces__rosidl_typesupport_fastrtps_c.so
[52.113s] -- Set non-toolchain portion of runtime path of "/home/ras/DUM-E_ROSCode/ros2_ws/install/arduino_interfaces/lib/libarduino_interfaces__rosidl_typesupport_fastrtps_c.so" to ""
[52.113s] -- Up-to-date: /home/ras/DUM-E_ROSCode/ros2_ws/install/arduino_interfaces/include/arduino_interfaces/arduino_interfaces
[52.114s] -- Up-to-date: /home/ras/DUM-E_ROSCode/ros2_ws/install/arduino_interfaces/include/arduino_interfaces/arduino_interfaces/srv
[52.114s] -- Up-to-date: /home/ras/DUM-E_ROSCode/ros2_ws/install/arduino_interfaces/include/arduino_interfaces/arduino_interfaces/srv/detail
[52.115s] -- Installing: /home/ras/DUM-E_ROSCode/ros2_ws/install/arduino_interfaces/include/arduino_interfaces/arduino_interfaces/srv/detail/set_stepper_motor_positions__rosidl_typesupport_introspection_c.h
[52.115s] -- Installing: /home/ras/DUM-E_ROSCode/ros2_ws/install/arduino_interfaces/include/arduino_interfaces/arduino_interfaces/srv/detail/set_stepper_motor_positions__type_support.c
[52.117s] -- Up-to-date: /home/ras/DUM-E_ROSCode/ros2_ws/install/arduino_interfaces/include/arduino_interfaces/arduino_interfaces/msg
[52.117s] -- Up-to-date: /home/ras/DUM-E_ROSCode/ros2_ws/install/arduino_interfaces/include/arduino_interfaces/arduino_interfaces/msg/detail
[52.118s] -- Installing: /home/ras/DUM-E_ROSCode/ros2_ws/install/arduino_interfaces/include/arduino_interfaces/arduino_interfaces/msg/detail/num__rosidl_typesupport_introspection_c.h
[52.119s] -- Installing: /home/ras/DUM-E_ROSCode/ros2_ws/install/arduino_interfaces/include/arduino_interfaces/arduino_interfaces/msg/detail/num__type_support.c
[52.121s] -- Installing: /home/ras/DUM-E_ROSCode/ros2_ws/install/arduino_interfaces/include/arduino_interfaces/arduino_interfaces/msg/rosidl_typesupport_introspection_c__visibility_control.h
[52.122s] -- Installing: /home/ras/DUM-E_ROSCode/ros2_ws/install/arduino_interfaces/lib/libarduino_interfaces__rosidl_typesupport_introspection_c.so
[52.127s] -- Set non-toolchain portion of runtime path of "/home/ras/DUM-E_ROSCode/ros2_ws/install/arduino_interfaces/lib/libarduino_interfaces__rosidl_typesupport_introspection_c.so" to ""
[52.127s] -- Installing: /home/ras/DUM-E_ROSCode/ros2_ws/install/arduino_interfaces/lib/libarduino_interfaces__rosidl_typesupport_c.so
[52.130s] -- Set non-toolchain portion of runtime path of "/home/ras/DUM-E_ROSCode/ros2_ws/install/arduino_interfaces/lib/libarduino_interfaces__rosidl_typesupport_c.so" to ""
[52.131s] -- Up-to-date: /home/ras/DUM-E_ROSCode/ros2_ws/install/arduino_interfaces/include/arduino_interfaces/arduino_interfaces
[52.131s] -- Up-to-date: /home/ras/DUM-E_ROSCode/ros2_ws/install/arduino_interfaces/include/arduino_interfaces/arduino_interfaces/srv
[52.132s] -- Installing: /home/ras/DUM-E_ROSCode/ros2_ws/install/arduino_interfaces/include/arduino_interfaces/arduino_interfaces/srv/set_stepper_motor_positions.hpp
[52.132s] -- Up-to-date: /home/ras/DUM-E_ROSCode/ros2_ws/install/arduino_interfaces/include/arduino_interfaces/arduino_interfaces/srv/detail
[52.133s] -- Installing: /home/ras/DUM-E_ROSCode/ros2_ws/install/arduino_interfaces/include/arduino_interfaces/arduino_interfaces/srv/detail/set_stepper_motor_positions__traits.hpp
[52.134s] -- Installing: /home/ras/DUM-E_ROSCode/ros2_ws/install/arduino_interfaces/include/arduino_interfaces/arduino_interfaces/srv/detail/set_stepper_motor_positions__builder.hpp
[52.136s] -- Installing: /home/ras/DUM-E_ROSCode/ros2_ws/install/arduino_interfaces/include/arduino_interfaces/arduino_interfaces/srv/detail/set_stepper_motor_positions__struct.hpp
[52.137s] -- Installing: /home/ras/DUM-E_ROSCode/ros2_ws/install/arduino_interfaces/include/arduino_interfaces/arduino_interfaces/srv/detail/set_stepper_motor_positions__type_support.hpp
[52.138s] -- Up-to-date: /home/ras/DUM-E_ROSCode/ros2_ws/install/arduino_interfaces/include/arduino_interfaces/arduino_interfaces/msg
[52.139s] -- Up-to-date: /home/ras/DUM-E_ROSCode/ros2_ws/install/arduino_interfaces/include/arduino_interfaces/arduino_interfaces/msg/detail
[52.139s] -- Installing: /home/ras/DUM-E_ROSCode/ros2_ws/install/arduino_interfaces/include/arduino_interfaces/arduino_interfaces/msg/detail/num__struct.hpp
[52.140s] -- Installing: /home/ras/DUM-E_ROSCode/ros2_ws/install/arduino_interfaces/include/arduino_interfaces/arduino_interfaces/msg/detail/num__builder.hpp
[52.142s] -- Installing: /home/ras/DUM-E_ROSCode/ros2_ws/install/arduino_interfaces/include/arduino_interfaces/arduino_interfaces/msg/detail/num__type_support.hpp
[52.143s] -- Installing: /home/ras/DUM-E_ROSCode/ros2_ws/install/arduino_interfaces/include/arduino_interfaces/arduino_interfaces/msg/detail/num__traits.hpp
[52.144s] -- Installing: /home/ras/DUM-E_ROSCode/ros2_ws/install/arduino_interfaces/include/arduino_interfaces/arduino_interfaces/msg/num.hpp
[52.145s] -- Installing: /home/ras/DUM-E_ROSCode/ros2_ws/install/arduino_interfaces/include/arduino_interfaces/arduino_interfaces/msg/rosidl_generator_cpp__visibility_control.hpp
[52.147s] -- Up-to-date: /home/ras/DUM-E_ROSCode/ros2_ws/install/arduino_interfaces/include/arduino_interfaces/arduino_interfaces
[52.148s] -- Up-to-date: /home/ras/DUM-E_ROSCode/ros2_ws/install/arduino_interfaces/include/arduino_interfaces/arduino_interfaces/srv
[52.148s] -- Up-to-date: /home/ras/DUM-E_ROSCode/ros2_ws/install/arduino_interfaces/include/arduino_interfaces/arduino_interfaces/srv/detail
[52.149s] -- Installing: /home/ras/DUM-E_ROSCode/ros2_ws/install/arduino_interfaces/include/arduino_interfaces/arduino_interfaces/srv/detail/set_stepper_motor_positions__rosidl_typesupport_fastrtps_cpp.hpp
[52.150s] -- Installing: /home/ras/DUM-E_ROSCode/ros2_ws/install/arduino_interfaces/include/arduino_interfaces/arduino_interfaces/srv/detail/dds_fastrtps
[52.151s] -- Up-to-date: /home/ras/DUM-E_ROSCode/ros2_ws/install/arduino_interfaces/include/arduino_interfaces/arduino_interfaces/msg
[52.151s] -- Up-to-date: /home/ras/DUM-E_ROSCode/ros2_ws/install/arduino_interfaces/include/arduino_interfaces/arduino_interfaces/msg/detail
[52.152s] -- Installing: /home/ras/DUM-E_ROSCode/ros2_ws/install/arduino_interfaces/include/arduino_interfaces/arduino_interfaces/msg/detail/num__rosidl_typesupport_fastrtps_cpp.hpp
[52.153s] -- Installing: /home/ras/DUM-E_ROSCode/ros2_ws/install/arduino_interfaces/include/arduino_interfaces/arduino_interfaces/msg/detail/dds_fastrtps
[52.154s] -- Installing: /home/ras/DUM-E_ROSCode/ros2_ws/install/arduino_interfaces/include/arduino_interfaces/arduino_interfaces/msg/rosidl_typesupport_fastrtps_cpp__visibility_control.h
[52.156s] -- Installing: /home/ras/DUM-E_ROSCode/ros2_ws/install/arduino_interfaces/lib/libarduino_interfaces__rosidl_typesupport_fastrtps_cpp.so
[52.161s] -- Set non-toolchain portion of runtime path of "/home/ras/DUM-E_ROSCode/ros2_ws/install/arduino_interfaces/lib/libarduino_interfaces__rosidl_typesupport_fastrtps_cpp.so" to ""
[52.162s] -- Up-to-date: /home/ras/DUM-E_ROSCode/ros2_ws/install/arduino_interfaces/include/arduino_interfaces/arduino_interfaces
[52.162s] -- Up-to-date: /home/ras/DUM-E_ROSCode/ros2_ws/install/arduino_interfaces/include/arduino_interfaces/arduino_interfaces/srv
[52.162s] -- Up-to-date: /home/ras/DUM-E_ROSCode/ros2_ws/install/arduino_interfaces/include/arduino_interfaces/arduino_interfaces/srv/detail
[52.163s] -- Installing: /home/ras/DUM-E_ROSCode/ros2_ws/install/arduino_interfaces/include/arduino_interfaces/arduino_interfaces/srv/detail/set_stepper_motor_positions__rosidl_typesupport_introspection_cpp.hpp
[52.163s] -- Installing: /home/ras/DUM-E_ROSCode/ros2_ws/install/arduino_interfaces/include/arduino_interfaces/arduino_interfaces/srv/detail/set_stepper_motor_positions__type_support.cpp
[52.165s] -- Up-to-date: /home/ras/DUM-E_ROSCode/ros2_ws/install/arduino_interfaces/include/arduino_interfaces/arduino_interfaces/msg
[52.165s] -- Up-to-date: /home/ras/DUM-E_ROSCode/ros2_ws/install/arduino_interfaces/include/arduino_interfaces/arduino_interfaces/msg/detail
[52.166s] -- Installing: /home/ras/DUM-E_ROSCode/ros2_ws/install/arduino_interfaces/include/arduino_interfaces/arduino_interfaces/msg/detail/num__rosidl_typesupport_introspection_cpp.hpp
[52.167s] -- Installing: /home/ras/DUM-E_ROSCode/ros2_ws/install/arduino_interfaces/include/arduino_interfaces/arduino_interfaces/msg/detail/num__type_support.cpp
[52.169s] -- Installing: /home/ras/DUM-E_ROSCode/ros2_ws/install/arduino_interfaces/lib/libarduino_interfaces__rosidl_typesupport_introspection_cpp.so
[52.173s] -- Set non-toolchain portion of runtime path of "/home/ras/DUM-E_ROSCode/ros2_ws/install/arduino_interfaces/lib/libarduino_interfaces__rosidl_typesupport_introspection_cpp.so" to ""
[52.174s] -- Installing: /home/ras/DUM-E_ROSCode/ros2_ws/install/arduino_interfaces/lib/libarduino_interfaces__rosidl_typesupport_cpp.so
[52.177s] -- Set non-toolchain portion of runtime path of "/home/ras/DUM-E_ROSCode/ros2_ws/install/arduino_interfaces/lib/libarduino_interfaces__rosidl_typesupport_cpp.so" to ""
[52.177s] -- Installing: /home/ras/DUM-E_ROSCode/ros2_ws/install/arduino_interfaces/share/arduino_interfaces/environment/pythonpath.sh
[52.178s] -- Installing: /home/ras/DUM-E_ROSCode/ros2_ws/install/arduino_interfaces/share/arduino_interfaces/environment/pythonpath.dsv
[52.180s] -- Installing: /home/ras/DUM-E_ROSCode/ros2_ws/install/arduino_interfaces/lib/python3.12/site-packages/arduino_interfaces-0.0.0-py3.12.egg-info
[52.181s] -- Installing: /home/ras/DUM-E_ROSCode/ros2_ws/install/arduino_interfaces/lib/python3.12/site-packages/arduino_interfaces-0.0.0-py3.12.egg-info/dependency_links.txt
[52.182s] -- Installing: /home/ras/DUM-E_ROSCode/ros2_ws/install/arduino_interfaces/lib/python3.12/site-packages/arduino_interfaces-0.0.0-py3.12.egg-info/PKG-INFO
[52.183s] -- Installing: /home/ras/DUM-E_ROSCode/ros2_ws/install/arduino_interfaces/lib/python3.12/site-packages/arduino_interfaces-0.0.0-py3.12.egg-info/top_level.txt
[52.184s] -- Installing: /home/ras/DUM-E_ROSCode/ros2_ws/install/arduino_interfaces/lib/python3.12/site-packages/arduino_interfaces-0.0.0-py3.12.egg-info/SOURCES.txt
[52.186s] -- Installing: /home/ras/DUM-E_ROSCode/ros2_ws/install/arduino_interfaces/lib/python3.12/site-packages/arduino_interfaces
[52.187s] -- Installing: /home/ras/DUM-E_ROSCode/ros2_ws/install/arduino_interfaces/lib/python3.12/site-packages/arduino_interfaces/_arduino_interfaces_s.ep.rosidl_typesupport_fastrtps_c.c
[52.188s] -- Installing: /home/ras/DUM-E_ROSCode/ros2_ws/install/arduino_interfaces/lib/python3.12/site-packages/arduino_interfaces/arduino_interfaces_s__rosidl_typesupport_fastrtps_c.so
[52.190s] -- Installing: /home/ras/DUM-E_ROSCode/ros2_ws/install/arduino_interfaces/lib/python3.12/site-packages/arduino_interfaces/_arduino_interfaces_s.ep.rosidl_typesupport_c.c
[52.191s] -- Installing: /home/ras/DUM-E_ROSCode/ros2_ws/install/arduino_interfaces/lib/python3.12/site-packages/arduino_interfaces/arduino_interfaces_s__rosidl_typesupport_c.so
[52.193s] -- Installing: /home/ras/DUM-E_ROSCode/ros2_ws/install/arduino_interfaces/lib/python3.12/site-packages/arduino_interfaces/srv
[52.194s] -- Installing: /home/ras/DUM-E_ROSCode/ros2_ws/install/arduino_interfaces/lib/python3.12/site-packages/arduino_interfaces/srv/__init__.py
[52.195s] -- Installing: /home/ras/DUM-E_ROSCode/ros2_ws/install/arduino_interfaces/lib/python3.12/site-packages/arduino_interfaces/srv/_set_stepper_motor_positions.py
[52.196s] -- Installing: /home/ras/DUM-E_ROSCode/ros2_ws/install/arduino_interfaces/lib/python3.12/site-packages/arduino_interfaces/srv/_set_stepper_motor_positions_s.c
[52.198s] -- Installing: /home/ras/DUM-E_ROSCode/ros2_ws/install/arduino_interfaces/lib/python3.12/site-packages/arduino_interfaces/arduino_interfaces_s__rosidl_typesupport_introspection_c.so
[52.200s] -- Installing: /home/ras/DUM-E_ROSCode/ros2_ws/install/arduino_interfaces/lib/python3.12/site-packages/arduino_interfaces/_arduino_interfaces_s.ep.rosidl_typesupport_introspection_c.c
[52.202s] -- Installing: /home/ras/DUM-E_ROSCode/ros2_ws/install/arduino_interfaces/lib/python3.12/site-packages/arduino_interfaces/__init__.py
[52.203s] -- Installing: /home/ras/DUM-E_ROSCode/ros2_ws/install/arduino_interfaces/lib/python3.12/site-packages/arduino_interfaces/msg
[52.203s] -- Installing: /home/ras/DUM-E_ROSCode/ros2_ws/install/arduino_interfaces/lib/python3.12/site-packages/arduino_interfaces/msg/_num_s.c
[52.205s] -- Installing: /home/ras/DUM-E_ROSCode/ros2_ws/install/arduino_interfaces/lib/python3.12/site-packages/arduino_interfaces/msg/__init__.py
[52.206s] -- Installing: /home/ras/DUM-E_ROSCode/ros2_ws/install/arduino_interfaces/lib/python3.12/site-packages/arduino_interfaces/msg/_num.py
[52.404s] Listing '/home/ras/DUM-E_ROSCode/ros2_ws/install/arduino_interfaces/lib/python3.12/site-packages/arduino_interfaces'...
[52.405s] Compiling '/home/ras/DUM-E_ROSCode/ros2_ws/install/arduino_interfaces/lib/python3.12/site-packages/arduino_interfaces/__init__.py'...
[52.406s] Listing '/home/ras/DUM-E_ROSCode/ros2_ws/install/arduino_interfaces/lib/python3.12/site-packages/arduino_interfaces/msg'...
[52.407s] Compiling '/home/ras/DUM-E_ROSCode/ros2_ws/install/arduino_interfaces/lib/python3.12/site-packages/arduino_interfaces/msg/__init__.py'...
[52.408s] Compiling '/home/ras/DUM-E_ROSCode/ros2_ws/install/arduino_interfaces/lib/python3.12/site-packages/arduino_interfaces/msg/_num.py'...
[52.409s] Listing '/home/ras/DUM-E_ROSCode/ros2_ws/install/arduino_interfaces/lib/python3.12/site-packages/arduino_interfaces/srv'...
[52.410s] Compiling '/home/ras/DUM-E_ROSCode/ros2_ws/install/arduino_interfaces/lib/python3.12/site-packages/arduino_interfaces/srv/__init__.py'...
[52.411s] Compiling '/home/ras/DUM-E_ROSCode/ros2_ws/install/arduino_interfaces/lib/python3.12/site-packages/arduino_interfaces/srv/_set_stepper_motor_positions.py'...
[52.437s] -- Installing: /home/ras/DUM-E_ROSCode/ros2_ws/install/arduino_interfaces/lib/python3.12/site-packages/arduino_interfaces/arduino_interfaces_s__rosidl_typesupport_fastrtps_c.so
[52.440s] -- Set non-toolchain portion of runtime path of "/home/ras/DUM-E_ROSCode/ros2_ws/install/arduino_interfaces/lib/python3.12/site-packages/arduino_interfaces/arduino_interfaces_s__rosidl_typesupport_fastrtps_c.so" to ""
[52.442s] -- Installing: /home/ras/DUM-E_ROSCode/ros2_ws/install/arduino_interfaces/lib/python3.12/site-packages/arduino_interfaces/arduino_interfaces_s__rosidl_typesupport_introspection_c.so
[52.445s] -- Set non-toolchain portion of runtime path of "/home/ras/DUM-E_ROSCode/ros2_ws/install/arduino_interfaces/lib/python3.12/site-packages/arduino_interfaces/arduino_interfaces_s__rosidl_typesupport_introspection_c.so" to ""
[52.446s] -- Installing: /home/ras/DUM-E_ROSCode/ros2_ws/install/arduino_interfaces/lib/python3.12/site-packages/arduino_interfaces/arduino_interfaces_s__rosidl_typesupport_c.so
[52.450s] -- Set non-toolchain portion of runtime path of "/home/ras/DUM-E_ROSCode/ros2_ws/install/arduino_interfaces/lib/python3.12/site-packages/arduino_interfaces/arduino_interfaces_s__rosidl_typesupport_c.so" to ""
[52.450s] -- Installing: /home/ras/DUM-E_ROSCode/ros2_ws/install/arduino_interfaces/lib/libarduino_interfaces__rosidl_generator_py.so
[52.454s] -- Set non-toolchain portion of runtime path of "/home/ras/DUM-E_ROSCode/ros2_ws/install/arduino_interfaces/lib/libarduino_interfaces__rosidl_generator_py.so" to ""
[52.454s] -- Installing: /home/ras/DUM-E_ROSCode/ros2_ws/install/arduino_interfaces/share/arduino_interfaces/msg/Num.idl
[52.456s] -- Installing: /home/ras/DUM-E_ROSCode/ros2_ws/install/arduino_interfaces/share/arduino_interfaces/srv/SetStepperMotorPositions.idl
[52.457s] -- Installing: /home/ras/DUM-E_ROSCode/ros2_ws/install/arduino_interfaces/share/arduino_interfaces/msg/Num.msg
[52.458s] -- Installing: /home/ras/DUM-E_ROSCode/ros2_ws/install/arduino_interfaces/share/arduino_interfaces/srv/SetStepperMotorPositions.srv
[52.460s] -- Installing: /home/ras/DUM-E_ROSCode/ros2_ws/install/arduino_interfaces/share/ament_index/resource_index/package_run_dependencies/arduino_interfaces
[52.462s] -- Installing: /home/ras/DUM-E_ROSCode/ros2_ws/install/arduino_interfaces/share/ament_index/resource_index/parent_prefix_path/arduino_interfaces
[52.464s] -- Installing: /home/ras/DUM-E_ROSCode/ros2_ws/install/arduino_interfaces/share/arduino_interfaces/environment/ament_prefix_path.sh
[52.465s] -- Installing: /home/ras/DUM-E_ROSCode/ros2_ws/install/arduino_interfaces/share/arduino_interfaces/environment/ament_prefix_path.dsv
[52.466s] -- Installing: /home/ras/DUM-E_ROSCode/ros2_ws/install/arduino_interfaces/share/arduino_interfaces/environment/path.sh
[52.468s] -- Installing: /home/ras/DUM-E_ROSCode/ros2_ws/install/arduino_interfaces/share/arduino_interfaces/environment/path.dsv
[52.469s] -- Installing: /home/ras/DUM-E_ROSCode/ros2_ws/install/arduino_interfaces/share/arduino_interfaces/local_setup.bash
[52.470s] -- Installing: /home/ras/DUM-E_ROSCode/ros2_ws/install/arduino_interfaces/share/arduino_interfaces/local_setup.sh
[52.472s] -- Installing: /home/ras/DUM-E_ROSCode/ros2_ws/install/arduino_interfaces/share/arduino_interfaces/local_setup.zsh
[52.473s] -- Installing: /home/ras/DUM-E_ROSCode/ros2_ws/install/arduino_interfaces/share/arduino_interfaces/local_setup.dsv
[52.474s] -- Installing: /home/ras/DUM-E_ROSCode/ros2_ws/install/arduino_interfaces/share/arduino_interfaces/package.dsv
[52.476s] -- Installing: /home/ras/DUM-E_ROSCode/ros2_ws/install/arduino_interfaces/share/ament_index/resource_index/packages/arduino_interfaces
[52.478s] -- Installing: /home/ras/DUM-E_ROSCode/ros2_ws/install/arduino_interfaces/share/arduino_interfaces/cmake/export_arduino_interfaces__rosidl_generator_cExport.cmake
[52.479s] -- Installing: /home/ras/DUM-E_ROSCode/ros2_ws/install/arduino_interfaces/share/arduino_interfaces/cmake/export_arduino_interfaces__rosidl_generator_cExport-noconfig.cmake
[52.481s] -- Installing: /home/ras/DUM-E_ROSCode/ros2_ws/install/arduino_interfaces/share/arduino_interfaces/cmake/export_arduino_interfaces__rosidl_typesupport_fastrtps_cExport.cmake
[52.482s] -- Installing: /home/ras/DUM-E_ROSCode/ros2_ws/install/arduino_interfaces/share/arduino_interfaces/cmake/export_arduino_interfaces__rosidl_typesupport_fastrtps_cExport-noconfig.cmake
[52.484s] -- Installing: /home/ras/DUM-E_ROSCode/ros2_ws/install/arduino_interfaces/share/arduino_interfaces/cmake/arduino_interfaces__rosidl_typesupport_introspection_cExport.cmake
[52.486s] -- Installing: /home/ras/DUM-E_ROSCode/ros2_ws/install/arduino_interfaces/share/arduino_interfaces/cmake/arduino_interfaces__rosidl_typesupport_introspection_cExport-noconfig.cmake
[52.487s] -- Installing: /home/ras/DUM-E_ROSCode/ros2_ws/install/arduino_interfaces/share/arduino_interfaces/cmake/arduino_interfaces__rosidl_typesupport_cExport.cmake
[52.489s] -- Installing: /home/ras/DUM-E_ROSCode/ros2_ws/install/arduino_interfaces/share/arduino_interfaces/cmake/arduino_interfaces__rosidl_typesupport_cExport-noconfig.cmake
[52.490s] -- Installing: /home/ras/DUM-E_ROSCode/ros2_ws/install/arduino_interfaces/share/arduino_interfaces/cmake/export_arduino_interfaces__rosidl_generator_cppExport.cmake
[52.492s] -- Installing: /home/ras/DUM-E_ROSCode/ros2_ws/install/arduino_interfaces/share/arduino_interfaces/cmake/export_arduino_interfaces__rosidl_typesupport_fastrtps_cppExport.cmake
[52.493s] -- Installing: /home/ras/DUM-E_ROSCode/ros2_ws/install/arduino_interfaces/share/arduino_interfaces/cmake/export_arduino_interfaces__rosidl_typesupport_fastrtps_cppExport-noconfig.cmake
[52.495s] -- Installing: /home/ras/DUM-E_ROSCode/ros2_ws/install/arduino_interfaces/share/arduino_interfaces/cmake/arduino_interfaces__rosidl_typesupport_introspection_cppExport.cmake
[52.497s] -- Installing: /home/ras/DUM-E_ROSCode/ros2_ws/install/arduino_interfaces/share/arduino_interfaces/cmake/arduino_interfaces__rosidl_typesupport_introspection_cppExport-noconfig.cmake
[52.499s] -- Installing: /home/ras/DUM-E_ROSCode/ros2_ws/install/arduino_interfaces/share/arduino_interfaces/cmake/arduino_interfaces__rosidl_typesupport_cppExport.cmake
[52.500s] -- Installing: /home/ras/DUM-E_ROSCode/ros2_ws/install/arduino_interfaces/share/arduino_interfaces/cmake/arduino_interfaces__rosidl_typesupport_cppExport-noconfig.cmake
[52.502s] -- Installing: /home/ras/DUM-E_ROSCode/ros2_ws/install/arduino_interfaces/share/arduino_interfaces/cmake/export_arduino_interfaces__rosidl_generator_pyExport.cmake
[52.503s] -- Installing: /home/ras/DUM-E_ROSCode/ros2_ws/install/arduino_interfaces/share/arduino_interfaces/cmake/export_arduino_interfaces__rosidl_generator_pyExport-noconfig.cmake
[52.505s] -- Installing: /home/ras/DUM-E_ROSCode/ros2_ws/install/arduino_interfaces/share/arduino_interfaces/cmake/rosidl_cmake-extras.cmake
[52.507s] -- Installing: /home/ras/DUM-E_ROSCode/ros2_ws/install/arduino_interfaces/share/arduino_interfaces/cmake/ament_cmake_export_dependencies-extras.cmake
[52.508s] -- Installing: /home/ras/DUM-E_ROSCode/ros2_ws/install/arduino_interfaces/share/arduino_interfaces/cmake/ament_cmake_export_include_directories-extras.cmake
[52.510s] -- Installing: /home/ras/DUM-E_ROSCode/ros2_ws/install/arduino_interfaces/share/arduino_interfaces/cmake/ament_cmake_export_libraries-extras.cmake
[52.511s] -- Installing: /home/ras/DUM-E_ROSCode/ros2_ws/install/arduino_interfaces/share/arduino_interfaces/cmake/ament_cmake_export_targets-extras.cmake
[52.513s] -- Installing: /home/ras/DUM-E_ROSCode/ros2_ws/install/arduino_interfaces/share/arduino_interfaces/cmake/rosidl_cmake_export_typesupport_targets-extras.cmake
[52.514s] -- Installing: /home/ras/DUM-E_ROSCode/ros2_ws/install/arduino_interfaces/share/arduino_interfaces/cmake/rosidl_cmake_export_typesupport_libraries-extras.cmake
[52.516s] -- Installing: /home/ras/DUM-E_ROSCode/ros2_ws/install/arduino_interfaces/share/arduino_interfaces/cmake/arduino_interfacesConfig.cmake
[52.517s] -- Installing: /home/ras/DUM-E_ROSCode/ros2_ws/install/arduino_interfaces/share/arduino_interfaces/cmake/arduino_interfacesConfig-version.cmake
[52.518s] -- Installing: /home/ras/DUM-E_ROSCode/ros2_ws/install/arduino_interfaces/share/arduino_interfaces/package.xml
[52.528s] Invoked command in '/home/ras/DUM-E_ROSCode/ros2_ws/build/arduino_interfaces' returned '0': CMAKE_PREFIX_PATH=${CMAKE_PREFIX_PATH}:/opt/ros/jazzy DEBUGINFOD_URLS=https://debuginfod.ubuntu.com /usr/bin/cmake --install /home/ras/DUM-E_ROSCode/ros2_ws/build/arduino_interfaces
