[0.080s] Invoking command in '/home/ras/DUM-E_ROSCode/ros2_ws/build/tutorial_interfaces': CMAKE_PREFIX_PATH=${CMAKE_PREFIX_PATH}:/home/ras/DUM-E_ROSCode/ros2_ws/install/py_srvcli:/home/ras/DUM-E_ROSCode/ros2_ws/install/my_package:/opt/ros/jazzy DEBUGINFOD_URLS=https://debuginfod.ubuntu.com /usr/bin/cmake /home/ras/DUM-E_ROSCode/ros2_ws/src/tutorial_interfaces -DCMAKE_INSTALL_PREFIX=/home/ras/DUM-E_ROSCode/ros2_ws/install/tutorial_interfaces
[0.502s] -- The C compiler identification is GNU 13.3.0
[0.859s] -- The CXX compiler identification is GNU 13.3.0
[0.958s] -- Detecting C compiler ABI info
[1.556s] -- Detecting C compiler ABI info - done
[1.599s] -- Check for working C compiler: /usr/bin/cc - skipped
[1.599s] -- Detecting C compile features
[1.600s] -- Detecting C compile features - done
[1.658s] -- Detecting CXX compiler ABI info
[2.270s] -- Detecting CXX compiler ABI info - done
[2.325s] -- Check for working CXX compiler: /usr/bin/c++ - skipped
[2.329s] -- Detecting CXX compile features
[2.333s] -- Detecting CXX compile features - done
[2.365s] -- Found ament_cmake: 2.5.3 (/opt/ros/jazzy/share/ament_cmake/cmake)
[3.318s] -- Found Python3: /usr/bin/python3 (found version "3.12.3") found components: Interpreter 
[4.085s] -- Found geometry_msgs: 5.3.5 (/opt/ros/jazzy/share/geometry_msgs/cmake)
[4.461s] -- Found rosidl_generator_c: 4.6.5 (/opt/ros/jazzy/share/rosidl_generator_c/cmake)
[4.570s] -- Found rosidl_generator_cpp: 4.6.5 (/opt/ros/jazzy/share/rosidl_generator_cpp/cmake)
[4.690s] -- Using all available rosidl_typesupport_c: rosidl_typesupport_fastrtps_c;rosidl_typesupport_introspection_c
[4.818s] -- Using all available rosidl_typesupport_cpp: rosidl_typesupport_fastrtps_cpp;rosidl_typesupport_introspection_cpp
[5.130s] -- Found rosidl_default_generators: 1.6.0 (/opt/ros/jazzy/share/rosidl_default_generators/cmake)
[5.259s] -- Found rosidl_adapter: 4.6.5 (/opt/ros/jazzy/share/rosidl_adapter/cmake)
[8.387s] -- Found ament_cmake_ros: 0.12.0 (/opt/ros/jazzy/share/ament_cmake_ros/cmake)
[12.551s] -- Using all available rosidl_typesupport_c: rosidl_typesupport_fastrtps_c;rosidl_typesupport_introspection_c
[14.190s] -- Using all available rosidl_typesupport_cpp: rosidl_typesupport_fastrtps_cpp;rosidl_typesupport_introspection_cpp
[14.216s] -- Found python_cmake_module: 0.11.1 (/opt/ros/jazzy/share/python_cmake_module/cmake)
[14.907s] -- Found PythonExtra: /usr/bin/python3  
[17.502s] -- Found Python3: /usr/bin/python3 (found version "3.12.3") found components: Interpreter Development NumPy Development.Module Development.Embed 
[17.810s] -- Found ament_lint_auto: 0.17.1 (/opt/ros/jazzy/share/ament_lint_auto/cmake)
[18.022s] -- Added test 'lint_cmake' to check CMake code style
[18.032s] -- Added test 'xmllint' to check XML markup files
[18.051s] -- Configuring done (17.9s)
[18.302s] -- Generating done (0.2s)
[18.361s] -- Build files have been written to: /home/ras/DUM-E_ROSCode/ros2_ws/build/tutorial_interfaces
