[7.138s] Invoking command in '/home/ras/DUM-E_ROSCode/ros2_ws/src/my_package': DEBUGINFOD_URLS=https://debuginfod.ubuntu.com PYTHONPATH=/home/ras/DUM-E_ROSCode/ros2_ws/build/my_package/prefix_override:/usr/lib/python3/dist-packages/colcon_core/task/python/colcon_distutils_commands:/home/ras/DUM-E_ROSCode/ros2_ws/install/my_package/lib/python3.12/site-packages:${PYTHONPATH} /usr/bin/python3 -W ignore:setup.py install is deprecated -W ignore:easy_install command is deprecated setup.py egg_info --egg-base ../../build/my_package build --build-base /home/ras/DUM-E_ROSCode/ros2_ws/build/my_package/build install --record /home/ras/DUM-E_ROSCode/ros2_ws/build/my_package/install.log --single-version-externally-managed install_data
[9.433s] running egg_info
[9.434s] creating ../../build/my_package/my_package.egg-info
[9.601s] writing ../../build/my_package/my_package.egg-info/PKG-INFO
[9.603s] writing dependency_links to ../../build/my_package/my_package.egg-info/dependency_links.txt
[9.604s] writing entry points to ../../build/my_package/my_package.egg-info/entry_points.txt
[9.610s] writing requirements to ../../build/my_package/my_package.egg-info/requires.txt
[9.610s] writing top-level names to ../../build/my_package/my_package.egg-info/top_level.txt
[9.611s] writing manifest file '../../build/my_package/my_package.egg-info/SOURCES.txt'
[9.972s] reading manifest file '../../build/my_package/my_package.egg-info/SOURCES.txt'
[9.973s] adding license file 'LICENSE'
[9.981s] writing manifest file '../../build/my_package/my_package.egg-info/SOURCES.txt'
[9.983s] running build
[9.984s] running build_py
[9.996s] creating /home/ras/DUM-E_ROSCode/ros2_ws/build/my_package/build
[9.996s] creating /home/ras/DUM-E_ROSCode/ros2_ws/build/my_package/build/lib
[9.997s] creating /home/ras/DUM-E_ROSCode/ros2_ws/build/my_package/build/lib/my_package
[9.997s] copying my_package/my_node.py -> /home/ras/DUM-E_ROSCode/ros2_ws/build/my_package/build/lib/my_package
[9.998s] copying my_package/__init__.py -> /home/ras/DUM-E_ROSCode/ros2_ws/build/my_package/build/lib/my_package
[9.998s] running install
[10.014s] running install_lib
[10.181s] creating /home/ras/DUM-E_ROSCode/ros2_ws/install/my_package/lib/python3.12/site-packages/my_package
[10.181s] copying /home/ras/DUM-E_ROSCode/ros2_ws/build/my_package/build/lib/my_package/my_node.py -> /home/ras/DUM-E_ROSCode/ros2_ws/install/my_package/lib/python3.12/site-packages/my_package
[10.182s] copying /home/ras/DUM-E_ROSCode/ros2_ws/build/my_package/build/lib/my_package/__init__.py -> /home/ras/DUM-E_ROSCode/ros2_ws/install/my_package/lib/python3.12/site-packages/my_package
[10.190s] byte-compiling /home/ras/DUM-E_ROSCode/ros2_ws/install/my_package/lib/python3.12/site-packages/my_package/my_node.py to my_node.cpython-312.pyc
[10.197s] byte-compiling /home/ras/DUM-E_ROSCode/ros2_ws/install/my_package/lib/python3.12/site-packages/my_package/__init__.py to __init__.cpython-312.pyc
[10.197s] running install_data
[10.198s] creating /home/ras/DUM-E_ROSCode/ros2_ws/install/my_package/share/ament_index
[10.198s] creating /home/ras/DUM-E_ROSCode/ros2_ws/install/my_package/share/ament_index/resource_index
[10.199s] creating /home/ras/DUM-E_ROSCode/ros2_ws/install/my_package/share/ament_index/resource_index/packages
[10.199s] copying resource/my_package -> /home/ras/DUM-E_ROSCode/ros2_ws/install/my_package/share/ament_index/resource_index/packages
[10.206s] copying package.xml -> /home/ras/DUM-E_ROSCode/ros2_ws/install/my_package/share/my_package
[10.207s] running install_egg_info
[10.370s] Copying ../../build/my_package/my_package.egg-info to /home/ras/DUM-E_ROSCode/ros2_ws/install/my_package/lib/python3.12/site-packages/my_package-0.0.0-py3.12.egg-info
[10.390s] running install_scripts
[12.977s] Installing my_node script to /home/ras/DUM-E_ROSCode/ros2_ws/install/my_package/lib/my_package
[12.998s] writing list of installed files to '/home/ras/DUM-E_ROSCode/ros2_ws/build/my_package/install.log'
[13.356s] Invoked command in '/home/ras/DUM-E_ROSCode/ros2_ws/src/my_package' returned '0': DEBUGINFOD_URLS=https://debuginfod.ubuntu.com PYTHONPATH=/home/ras/DUM-E_ROSCode/ros2_ws/build/my_package/prefix_override:/usr/lib/python3/dist-packages/colcon_core/task/python/colcon_distutils_commands:/home/ras/DUM-E_ROSCode/ros2_ws/install/my_package/lib/python3.12/site-packages:${PYTHONPATH} /usr/bin/python3 -W ignore:setup.py install is deprecated -W ignore:easy_install command is deprecated setup.py egg_info --egg-base ../../build/my_package build --build-base /home/ras/DUM-E_ROSCode/ros2_ws/build/my_package/build install --record /home/ras/DUM-E_ROSCode/ros2_ws/build/my_package/install.log --single-version-externally-managed install_data
