[0.096s] Invoking command in '/home/ras/DUM-E_ROSCode/ros2_ws/build/tutorial_interfaces': CMAKE_PREFIX_PATH=${CMAKE_PREFIX_PATH}:/home/ras/DUM-E_ROSCode/ros2_ws/install/py_srvcli:/home/ras/DUM-E_ROSCode/ros2_ws/install/my_package:/opt/ros/jazzy DEBUGINFOD_URLS=https://debuginfod.ubuntu.com /usr/bin/cmake --build /home/ras/DUM-E_ROSCode/ros2_ws/build/tutorial_interfaces -- -j4 -l4
[0.523s] [  1%] Built target tutorial_interfaces__rosidl_generator_type_description
[0.663s] [  1%] Built target ament_cmake_python_copy_tutorial_interfaces
[0.780s] [  3%] Built target tutorial_interfaces__cpp
[0.895s] [ 24%] Built target tutorial_interfaces__rosidl_generator_c
[1.218s] [ 33%] Built target tutorial_interfaces__rosidl_typesupport_fastrtps_c
[1.280s] [ 44%] Built target tutorial_interfaces__rosidl_typesupport_fastrtps_cpp
[1.282s] [ 51%] Built target tutorial_interfaces__rosidl_typesupport_cpp
[1.645s] [ 61%] Built target tutorial_interfaces__rosidl_typesupport_introspection_c
[1.669s] [ 70%] Built target tutorial_interfaces__rosidl_typesupport_c
[1.677s] [ 79%] Built target tutorial_interfaces__rosidl_typesupport_introspection_cpp
[1.946s] [ 79%] Built target tutorial_interfaces
[2.208s] [ 81%] Built target tutorial_interfaces__py
[2.545s] [ 88%] Built target tutorial_interfaces__rosidl_generator_py
[2.847s] [ 92%] Built target tutorial_interfaces_s__rosidl_typesupport_fastrtps_c
[2.900s] [ 96%] Built target tutorial_interfaces_s__rosidl_typesupport_introspection_c
[2.921s] [100%] Built target tutorial_interfaces_s__rosidl_typesupport_c
[3.319s] running egg_info
[3.456s] writing tutorial_interfaces.egg-info/PKG-INFO
[3.460s] writing dependency_links to tutorial_interfaces.egg-info/dependency_links.txt
[3.463s] writing top-level names to tutorial_interfaces.egg-info/top_level.txt
[4.090s] reading manifest file 'tutorial_interfaces.egg-info/SOURCES.txt'
[4.091s] writing manifest file 'tutorial_interfaces.egg-info/SOURCES.txt'
[4.169s] [100%] Built target ament_cmake_python_build_tutorial_interfaces_egg
[4.247s] Invoked command in '/home/ras/DUM-E_ROSCode/ros2_ws/build/tutorial_interfaces' returned '0': CMAKE_PREFIX_PATH=${CMAKE_PREFIX_PATH}:/home/ras/DUM-E_ROSCode/ros2_ws/install/py_srvcli:/home/ras/DUM-E_ROSCode/ros2_ws/install/my_package:/opt/ros/jazzy DEBUGINFOD_URLS=https://debuginfod.ubuntu.com /usr/bin/cmake --build /home/ras/DUM-E_ROSCode/ros2_ws/build/tutorial_interfaces -- -j4 -l4
[4.255s] Invoking command in '/home/ras/DUM-E_ROSCode/ros2_ws/build/tutorial_interfaces': CMAKE_PREFIX_PATH=${CMAKE_PREFIX_PATH}:/home/ras/DUM-E_ROSCode/ros2_ws/install/py_srvcli:/home/ras/DUM-E_ROSCode/ros2_ws/install/my_package:/opt/ros/jazzy DEBUGINFOD_URLS=https://debuginfod.ubuntu.com /usr/bin/cmake --install /home/ras/DUM-E_ROSCode/ros2_ws/build/tutorial_interfaces
[4.345s] -- Install configuration: ""
[4.348s] -- Up-to-date: /home/ras/DUM-E_ROSCode/ros2_ws/install/tutorial_interfaces/share/ament_index/resource_index/rosidl_interfaces/tutorial_interfaces
[4.351s] -- Up-to-date: /home/ras/DUM-E_ROSCode/ros2_ws/install/tutorial_interfaces/share/tutorial_interfaces/msg/Num.json
[4.355s] -- Up-to-date: /home/ras/DUM-E_ROSCode/ros2_ws/install/tutorial_interfaces/share/tutorial_interfaces/msg/Sphere.json
[4.363s] -- Up-to-date: /home/ras/DUM-E_ROSCode/ros2_ws/install/tutorial_interfaces/share/tutorial_interfaces/srv/AddThreeInts.json
[4.367s] -- Up-to-date: /home/ras/DUM-E_ROSCode/ros2_ws/install/tutorial_interfaces/include/tutorial_interfaces/tutorial_interfaces
[4.370s] -- Up-to-date: /home/ras/DUM-E_ROSCode/ros2_ws/install/tutorial_interfaces/include/tutorial_interfaces/tutorial_interfaces/srv
[4.375s] -- Up-to-date: /home/ras/DUM-E_ROSCode/ros2_ws/install/tutorial_interfaces/include/tutorial_interfaces/tutorial_interfaces/srv/add_three_ints.h
[4.379s] -- Up-to-date: /home/ras/DUM-E_ROSCode/ros2_ws/install/tutorial_interfaces/include/tutorial_interfaces/tutorial_interfaces/srv/detail
[4.385s] -- Up-to-date: /home/ras/DUM-E_ROSCode/ros2_ws/install/tutorial_interfaces/include/tutorial_interfaces/tutorial_interfaces/srv/detail/add_three_ints__description.c
[4.388s] -- Up-to-date: /home/ras/DUM-E_ROSCode/ros2_ws/install/tutorial_interfaces/include/tutorial_interfaces/tutorial_interfaces/srv/detail/add_three_ints__functions.c
[4.392s] -- Up-to-date: /home/ras/DUM-E_ROSCode/ros2_ws/install/tutorial_interfaces/include/tutorial_interfaces/tutorial_interfaces/srv/detail/add_three_ints__type_support.h
[4.393s] -- Up-to-date: /home/ras/DUM-E_ROSCode/ros2_ws/install/tutorial_interfaces/include/tutorial_interfaces/tutorial_interfaces/srv/detail/add_three_ints__struct.h
[4.397s] -- Up-to-date: /home/ras/DUM-E_ROSCode/ros2_ws/install/tutorial_interfaces/include/tutorial_interfaces/tutorial_interfaces/srv/detail/add_three_ints__functions.h
[4.398s] -- Installing: /home/ras/DUM-E_ROSCode/ros2_ws/install/tutorial_interfaces/include/tutorial_interfaces/tutorial_interfaces/srv/detail/add_three_ints__type_support.c
[4.398s] -- Up-to-date: /home/ras/DUM-E_ROSCode/ros2_ws/install/tutorial_interfaces/include/tutorial_interfaces/tutorial_interfaces/msg
[4.403s] -- Up-to-date: /home/ras/DUM-E_ROSCode/ros2_ws/install/tutorial_interfaces/include/tutorial_interfaces/tutorial_interfaces/msg/rosidl_generator_c__visibility_control.h
[4.408s] -- Up-to-date: /home/ras/DUM-E_ROSCode/ros2_ws/install/tutorial_interfaces/include/tutorial_interfaces/tutorial_interfaces/msg/detail
[4.416s] -- Up-to-date: /home/ras/DUM-E_ROSCode/ros2_ws/install/tutorial_interfaces/include/tutorial_interfaces/tutorial_interfaces/msg/detail/num__struct.h
[4.417s] -- Up-to-date: /home/ras/DUM-E_ROSCode/ros2_ws/install/tutorial_interfaces/include/tutorial_interfaces/tutorial_interfaces/msg/detail/num__functions.h
[4.420s] -- Installing: /home/ras/DUM-E_ROSCode/ros2_ws/install/tutorial_interfaces/include/tutorial_interfaces/tutorial_interfaces/msg/detail/sphere__type_support.c
[4.421s] -- Up-to-date: /home/ras/DUM-E_ROSCode/ros2_ws/install/tutorial_interfaces/include/tutorial_interfaces/tutorial_interfaces/msg/detail/num__type_support.h
[4.422s] -- Up-to-date: /home/ras/DUM-E_ROSCode/ros2_ws/install/tutorial_interfaces/include/tutorial_interfaces/tutorial_interfaces/msg/detail/num__functions.c
[4.422s] -- Up-to-date: /home/ras/DUM-E_ROSCode/ros2_ws/install/tutorial_interfaces/include/tutorial_interfaces/tutorial_interfaces/msg/detail/num__description.c
[4.422s] -- Up-to-date: /home/ras/DUM-E_ROSCode/ros2_ws/install/tutorial_interfaces/include/tutorial_interfaces/tutorial_interfaces/msg/detail/sphere__type_support.h
[4.423s] -- Up-to-date: /home/ras/DUM-E_ROSCode/ros2_ws/install/tutorial_interfaces/include/tutorial_interfaces/tutorial_interfaces/msg/detail/sphere__struct.h
[4.423s] -- Up-to-date: /home/ras/DUM-E_ROSCode/ros2_ws/install/tutorial_interfaces/include/tutorial_interfaces/tutorial_interfaces/msg/detail/sphere__functions.c
[4.427s] -- Up-to-date: /home/ras/DUM-E_ROSCode/ros2_ws/install/tutorial_interfaces/include/tutorial_interfaces/tutorial_interfaces/msg/detail/sphere__functions.h
[4.428s] -- Installing: /home/ras/DUM-E_ROSCode/ros2_ws/install/tutorial_interfaces/include/tutorial_interfaces/tutorial_interfaces/msg/detail/num__type_support.c
[4.429s] -- Up-to-date: /home/ras/DUM-E_ROSCode/ros2_ws/install/tutorial_interfaces/include/tutorial_interfaces/tutorial_interfaces/msg/detail/sphere__description.c
[4.436s] -- Up-to-date: /home/ras/DUM-E_ROSCode/ros2_ws/install/tutorial_interfaces/include/tutorial_interfaces/tutorial_interfaces/msg/num.h
[4.437s] -- Up-to-date: /home/ras/DUM-E_ROSCode/ros2_ws/install/tutorial_interfaces/include/tutorial_interfaces/tutorial_interfaces/msg/sphere.h
[4.438s] -- Up-to-date: /home/ras/DUM-E_ROSCode/ros2_ws/install/tutorial_interfaces/share/tutorial_interfaces/environment/library_path.sh
[4.438s] -- Up-to-date: /home/ras/DUM-E_ROSCode/ros2_ws/install/tutorial_interfaces/share/tutorial_interfaces/environment/library_path.dsv
[4.445s] -- Up-to-date: /home/ras/DUM-E_ROSCode/ros2_ws/install/tutorial_interfaces/lib/libtutorial_interfaces__rosidl_generator_c.so
[4.458s] -- Up-to-date: /home/ras/DUM-E_ROSCode/ros2_ws/install/tutorial_interfaces/include/tutorial_interfaces/tutorial_interfaces
[4.460s] -- Up-to-date: /home/ras/DUM-E_ROSCode/ros2_ws/install/tutorial_interfaces/include/tutorial_interfaces/tutorial_interfaces/srv
[4.461s] -- Up-to-date: /home/ras/DUM-E_ROSCode/ros2_ws/install/tutorial_interfaces/include/tutorial_interfaces/tutorial_interfaces/srv/detail
[4.462s] -- Up-to-date: /home/ras/DUM-E_ROSCode/ros2_ws/install/tutorial_interfaces/include/tutorial_interfaces/tutorial_interfaces/srv/detail/add_three_ints__rosidl_typesupport_fastrtps_c.h
[4.462s] -- Up-to-date: /home/ras/DUM-E_ROSCode/ros2_ws/install/tutorial_interfaces/include/tutorial_interfaces/tutorial_interfaces/msg
[4.467s] -- Up-to-date: /home/ras/DUM-E_ROSCode/ros2_ws/install/tutorial_interfaces/include/tutorial_interfaces/tutorial_interfaces/msg/rosidl_typesupport_fastrtps_c__visibility_control.h
[4.467s] -- Up-to-date: /home/ras/DUM-E_ROSCode/ros2_ws/install/tutorial_interfaces/include/tutorial_interfaces/tutorial_interfaces/msg/detail
[4.468s] -- Up-to-date: /home/ras/DUM-E_ROSCode/ros2_ws/install/tutorial_interfaces/include/tutorial_interfaces/tutorial_interfaces/msg/detail/sphere__rosidl_typesupport_fastrtps_c.h
[4.468s] -- Up-to-date: /home/ras/DUM-E_ROSCode/ros2_ws/install/tutorial_interfaces/include/tutorial_interfaces/tutorial_interfaces/msg/detail/num__rosidl_typesupport_fastrtps_c.h
[4.469s] -- Up-to-date: /home/ras/DUM-E_ROSCode/ros2_ws/install/tutorial_interfaces/lib/libtutorial_interfaces__rosidl_typesupport_fastrtps_c.so
[4.469s] -- Up-to-date: /home/ras/DUM-E_ROSCode/ros2_ws/install/tutorial_interfaces/include/tutorial_interfaces/tutorial_interfaces
[4.476s] -- Up-to-date: /home/ras/DUM-E_ROSCode/ros2_ws/install/tutorial_interfaces/include/tutorial_interfaces/tutorial_interfaces/srv
[4.478s] -- Up-to-date: /home/ras/DUM-E_ROSCode/ros2_ws/install/tutorial_interfaces/include/tutorial_interfaces/tutorial_interfaces/srv/detail
[4.479s] -- Up-to-date: /home/ras/DUM-E_ROSCode/ros2_ws/install/tutorial_interfaces/include/tutorial_interfaces/tutorial_interfaces/srv/detail/add_three_ints__builder.hpp
[4.479s] -- Up-to-date: /home/ras/DUM-E_ROSCode/ros2_ws/install/tutorial_interfaces/include/tutorial_interfaces/tutorial_interfaces/srv/detail/add_three_ints__struct.hpp
[4.480s] -- Up-to-date: /home/ras/DUM-E_ROSCode/ros2_ws/install/tutorial_interfaces/include/tutorial_interfaces/tutorial_interfaces/srv/detail/add_three_ints__type_support.hpp
[4.480s] -- Up-to-date: /home/ras/DUM-E_ROSCode/ros2_ws/install/tutorial_interfaces/include/tutorial_interfaces/tutorial_interfaces/srv/detail/add_three_ints__traits.hpp
[4.481s] -- Up-to-date: /home/ras/DUM-E_ROSCode/ros2_ws/install/tutorial_interfaces/include/tutorial_interfaces/tutorial_interfaces/srv/add_three_ints.hpp
[4.481s] -- Up-to-date: /home/ras/DUM-E_ROSCode/ros2_ws/install/tutorial_interfaces/include/tutorial_interfaces/tutorial_interfaces/msg
[4.481s] -- Up-to-date: /home/ras/DUM-E_ROSCode/ros2_ws/install/tutorial_interfaces/include/tutorial_interfaces/tutorial_interfaces/msg/sphere.hpp
[4.485s] -- Up-to-date: /home/ras/DUM-E_ROSCode/ros2_ws/install/tutorial_interfaces/include/tutorial_interfaces/tutorial_interfaces/msg/detail
[4.486s] -- Up-to-date: /home/ras/DUM-E_ROSCode/ros2_ws/install/tutorial_interfaces/include/tutorial_interfaces/tutorial_interfaces/msg/detail/sphere__traits.hpp
[4.486s] -- Up-to-date: /home/ras/DUM-E_ROSCode/ros2_ws/install/tutorial_interfaces/include/tutorial_interfaces/tutorial_interfaces/msg/detail/sphere__builder.hpp
[4.487s] -- Up-to-date: /home/ras/DUM-E_ROSCode/ros2_ws/install/tutorial_interfaces/include/tutorial_interfaces/tutorial_interfaces/msg/detail/sphere__struct.hpp
[4.487s] -- Up-to-date: /home/ras/DUM-E_ROSCode/ros2_ws/install/tutorial_interfaces/include/tutorial_interfaces/tutorial_interfaces/msg/detail/num__struct.hpp
[4.487s] -- Up-to-date: /home/ras/DUM-E_ROSCode/ros2_ws/install/tutorial_interfaces/include/tutorial_interfaces/tutorial_interfaces/msg/detail/num__builder.hpp
[4.491s] -- Up-to-date: /home/ras/DUM-E_ROSCode/ros2_ws/install/tutorial_interfaces/include/tutorial_interfaces/tutorial_interfaces/msg/detail/num__type_support.hpp
[4.495s] -- Up-to-date: /home/ras/DUM-E_ROSCode/ros2_ws/install/tutorial_interfaces/include/tutorial_interfaces/tutorial_interfaces/msg/detail/sphere__type_support.hpp
[4.496s] -- Up-to-date: /home/ras/DUM-E_ROSCode/ros2_ws/install/tutorial_interfaces/include/tutorial_interfaces/tutorial_interfaces/msg/detail/num__traits.hpp
[4.496s] -- Up-to-date: /home/ras/DUM-E_ROSCode/ros2_ws/install/tutorial_interfaces/include/tutorial_interfaces/tutorial_interfaces/msg/num.hpp
[4.497s] -- Up-to-date: /home/ras/DUM-E_ROSCode/ros2_ws/install/tutorial_interfaces/include/tutorial_interfaces/tutorial_interfaces/msg/rosidl_generator_cpp__visibility_control.hpp
[4.498s] -- Up-to-date: /home/ras/DUM-E_ROSCode/ros2_ws/install/tutorial_interfaces/include/tutorial_interfaces/tutorial_interfaces
[4.502s] -- Up-to-date: /home/ras/DUM-E_ROSCode/ros2_ws/install/tutorial_interfaces/include/tutorial_interfaces/tutorial_interfaces/srv
[4.503s] -- Up-to-date: /home/ras/DUM-E_ROSCode/ros2_ws/install/tutorial_interfaces/include/tutorial_interfaces/tutorial_interfaces/srv/detail
[4.504s] -- Up-to-date: /home/ras/DUM-E_ROSCode/ros2_ws/install/tutorial_interfaces/include/tutorial_interfaces/tutorial_interfaces/srv/detail/add_three_ints__rosidl_typesupport_fastrtps_cpp.hpp
[4.508s] -- Up-to-date: /home/ras/DUM-E_ROSCode/ros2_ws/install/tutorial_interfaces/include/tutorial_interfaces/tutorial_interfaces/srv/detail/dds_fastrtps
[4.509s] -- Up-to-date: /home/ras/DUM-E_ROSCode/ros2_ws/install/tutorial_interfaces/include/tutorial_interfaces/tutorial_interfaces/msg
[4.509s] -- Up-to-date: /home/ras/DUM-E_ROSCode/ros2_ws/install/tutorial_interfaces/include/tutorial_interfaces/tutorial_interfaces/msg/detail
[4.519s] -- Up-to-date: /home/ras/DUM-E_ROSCode/ros2_ws/install/tutorial_interfaces/include/tutorial_interfaces/tutorial_interfaces/msg/detail/num__rosidl_typesupport_fastrtps_cpp.hpp
[4.519s] -- Up-to-date: /home/ras/DUM-E_ROSCode/ros2_ws/install/tutorial_interfaces/include/tutorial_interfaces/tutorial_interfaces/msg/detail/dds_fastrtps
[4.520s] -- Up-to-date: /home/ras/DUM-E_ROSCode/ros2_ws/install/tutorial_interfaces/include/tutorial_interfaces/tutorial_interfaces/msg/detail/sphere__rosidl_typesupport_fastrtps_cpp.hpp
[4.520s] -- Up-to-date: /home/ras/DUM-E_ROSCode/ros2_ws/install/tutorial_interfaces/include/tutorial_interfaces/tutorial_interfaces/msg/rosidl_typesupport_fastrtps_cpp__visibility_control.h
[4.521s] -- Up-to-date: /home/ras/DUM-E_ROSCode/ros2_ws/install/tutorial_interfaces/lib/libtutorial_interfaces__rosidl_typesupport_fastrtps_cpp.so
[4.533s] -- Up-to-date: /home/ras/DUM-E_ROSCode/ros2_ws/install/tutorial_interfaces/include/tutorial_interfaces/tutorial_interfaces
[4.533s] -- Up-to-date: /home/ras/DUM-E_ROSCode/ros2_ws/install/tutorial_interfaces/include/tutorial_interfaces/tutorial_interfaces/srv
[4.534s] -- Up-to-date: /home/ras/DUM-E_ROSCode/ros2_ws/install/tutorial_interfaces/include/tutorial_interfaces/tutorial_interfaces/srv/detail
[4.538s] -- Up-to-date: /home/ras/DUM-E_ROSCode/ros2_ws/install/tutorial_interfaces/include/tutorial_interfaces/tutorial_interfaces/srv/detail/add_three_ints__rosidl_typesupport_introspection_c.h
[4.539s] -- Installing: /home/ras/DUM-E_ROSCode/ros2_ws/install/tutorial_interfaces/include/tutorial_interfaces/tutorial_interfaces/srv/detail/add_three_ints__type_support.c
[4.544s] -- Up-to-date: /home/ras/DUM-E_ROSCode/ros2_ws/install/tutorial_interfaces/include/tutorial_interfaces/tutorial_interfaces/msg
[4.549s] -- Up-to-date: /home/ras/DUM-E_ROSCode/ros2_ws/install/tutorial_interfaces/include/tutorial_interfaces/tutorial_interfaces/msg/detail
[4.552s] -- Up-to-date: /home/ras/DUM-E_ROSCode/ros2_ws/install/tutorial_interfaces/include/tutorial_interfaces/tutorial_interfaces/msg/detail/sphere__rosidl_typesupport_introspection_c.h
[4.553s] -- Up-to-date: /home/ras/DUM-E_ROSCode/ros2_ws/install/tutorial_interfaces/include/tutorial_interfaces/tutorial_interfaces/msg/detail/num__rosidl_typesupport_introspection_c.h
[4.553s] -- Installing: /home/ras/DUM-E_ROSCode/ros2_ws/install/tutorial_interfaces/include/tutorial_interfaces/tutorial_interfaces/msg/detail/sphere__type_support.c
[4.554s] -- Installing: /home/ras/DUM-E_ROSCode/ros2_ws/install/tutorial_interfaces/include/tutorial_interfaces/tutorial_interfaces/msg/detail/num__type_support.c
[4.558s] -- Up-to-date: /home/ras/DUM-E_ROSCode/ros2_ws/install/tutorial_interfaces/include/tutorial_interfaces/tutorial_interfaces/msg/rosidl_typesupport_introspection_c__visibility_control.h
[4.559s] -- Up-to-date: /home/ras/DUM-E_ROSCode/ros2_ws/install/tutorial_interfaces/lib/libtutorial_interfaces__rosidl_typesupport_introspection_c.so
[4.571s] -- Up-to-date: /home/ras/DUM-E_ROSCode/ros2_ws/install/tutorial_interfaces/lib/libtutorial_interfaces__rosidl_typesupport_c.so
[4.579s] -- Up-to-date: /home/ras/DUM-E_ROSCode/ros2_ws/install/tutorial_interfaces/include/tutorial_interfaces/tutorial_interfaces
[4.586s] -- Up-to-date: /home/ras/DUM-E_ROSCode/ros2_ws/install/tutorial_interfaces/include/tutorial_interfaces/tutorial_interfaces/srv
[4.588s] -- Up-to-date: /home/ras/DUM-E_ROSCode/ros2_ws/install/tutorial_interfaces/include/tutorial_interfaces/tutorial_interfaces/srv/detail
[4.588s] -- Up-to-date: /home/ras/DUM-E_ROSCode/ros2_ws/install/tutorial_interfaces/include/tutorial_interfaces/tutorial_interfaces/srv/detail/add_three_ints__type_support.cpp
[4.594s] -- Up-to-date: /home/ras/DUM-E_ROSCode/ros2_ws/install/tutorial_interfaces/include/tutorial_interfaces/tutorial_interfaces/srv/detail/add_three_ints__rosidl_typesupport_introspection_cpp.hpp
[4.598s] -- Up-to-date: /home/ras/DUM-E_ROSCode/ros2_ws/install/tutorial_interfaces/include/tutorial_interfaces/tutorial_interfaces/msg
[4.599s] -- Up-to-date: /home/ras/DUM-E_ROSCode/ros2_ws/install/tutorial_interfaces/include/tutorial_interfaces/tutorial_interfaces/msg/detail
[4.599s] -- Up-to-date: /home/ras/DUM-E_ROSCode/ros2_ws/install/tutorial_interfaces/include/tutorial_interfaces/tutorial_interfaces/msg/detail/num__rosidl_typesupport_introspection_cpp.hpp
[4.600s] -- Up-to-date: /home/ras/DUM-E_ROSCode/ros2_ws/install/tutorial_interfaces/include/tutorial_interfaces/tutorial_interfaces/msg/detail/num__type_support.cpp
[4.608s] -- Up-to-date: /home/ras/DUM-E_ROSCode/ros2_ws/install/tutorial_interfaces/include/tutorial_interfaces/tutorial_interfaces/msg/detail/sphere__rosidl_typesupport_introspection_cpp.hpp
[4.609s] -- Up-to-date: /home/ras/DUM-E_ROSCode/ros2_ws/install/tutorial_interfaces/include/tutorial_interfaces/tutorial_interfaces/msg/detail/sphere__type_support.cpp
[4.609s] -- Up-to-date: /home/ras/DUM-E_ROSCode/ros2_ws/install/tutorial_interfaces/lib/libtutorial_interfaces__rosidl_typesupport_introspection_cpp.so
[4.610s] -- Up-to-date: /home/ras/DUM-E_ROSCode/ros2_ws/install/tutorial_interfaces/lib/libtutorial_interfaces__rosidl_typesupport_cpp.so
[4.611s] -- Up-to-date: /home/ras/DUM-E_ROSCode/ros2_ws/install/tutorial_interfaces/share/tutorial_interfaces/environment/pythonpath.sh
[4.616s] -- Up-to-date: /home/ras/DUM-E_ROSCode/ros2_ws/install/tutorial_interfaces/share/tutorial_interfaces/environment/pythonpath.dsv
[4.617s] -- Up-to-date: /home/ras/DUM-E_ROSCode/ros2_ws/install/tutorial_interfaces/lib/python3.12/site-packages/tutorial_interfaces-0.0.0-py3.12.egg-info
[4.618s] -- Installing: /home/ras/DUM-E_ROSCode/ros2_ws/install/tutorial_interfaces/lib/python3.12/site-packages/tutorial_interfaces-0.0.0-py3.12.egg-info/dependency_links.txt
[4.618s] -- Installing: /home/ras/DUM-E_ROSCode/ros2_ws/install/tutorial_interfaces/lib/python3.12/site-packages/tutorial_interfaces-0.0.0-py3.12.egg-info/PKG-INFO
[4.623s] -- Installing: /home/ras/DUM-E_ROSCode/ros2_ws/install/tutorial_interfaces/lib/python3.12/site-packages/tutorial_interfaces-0.0.0-py3.12.egg-info/top_level.txt
[4.623s] -- Installing: /home/ras/DUM-E_ROSCode/ros2_ws/install/tutorial_interfaces/lib/python3.12/site-packages/tutorial_interfaces-0.0.0-py3.12.egg-info/SOURCES.txt
[4.624s] -- Up-to-date: /home/ras/DUM-E_ROSCode/ros2_ws/install/tutorial_interfaces/lib/python3.12/site-packages/tutorial_interfaces
[4.625s] -- Up-to-date: /home/ras/DUM-E_ROSCode/ros2_ws/install/tutorial_interfaces/lib/python3.12/site-packages/tutorial_interfaces/_tutorial_interfaces_s.ep.rosidl_typesupport_fastrtps_c.c
[4.630s] -- Up-to-date: /home/ras/DUM-E_ROSCode/ros2_ws/install/tutorial_interfaces/lib/python3.12/site-packages/tutorial_interfaces/tutorial_interfaces_s__rosidl_typesupport_fastrtps_c.so
[4.630s] -- Up-to-date: /home/ras/DUM-E_ROSCode/ros2_ws/install/tutorial_interfaces/lib/python3.12/site-packages/tutorial_interfaces/tutorial_interfaces_s__rosidl_typesupport_introspection_c.so
[4.631s] -- Up-to-date: /home/ras/DUM-E_ROSCode/ros2_ws/install/tutorial_interfaces/lib/python3.12/site-packages/tutorial_interfaces/srv
[4.658s] -- Up-to-date: /home/ras/DUM-E_ROSCode/ros2_ws/install/tutorial_interfaces/lib/python3.12/site-packages/tutorial_interfaces/srv/_add_three_ints.py
[4.664s] -- Up-to-date: /home/ras/DUM-E_ROSCode/ros2_ws/install/tutorial_interfaces/lib/python3.12/site-packages/tutorial_interfaces/srv/_add_three_ints_s.c
[4.665s] -- Up-to-date: /home/ras/DUM-E_ROSCode/ros2_ws/install/tutorial_interfaces/lib/python3.12/site-packages/tutorial_interfaces/srv/__init__.py
[4.666s] -- Up-to-date: /home/ras/DUM-E_ROSCode/ros2_ws/install/tutorial_interfaces/lib/python3.12/site-packages/tutorial_interfaces/tutorial_interfaces_s__rosidl_typesupport_c.so
[4.671s] -- Up-to-date: /home/ras/DUM-E_ROSCode/ros2_ws/install/tutorial_interfaces/lib/python3.12/site-packages/tutorial_interfaces/_tutorial_interfaces_s.ep.rosidl_typesupport_introspection_c.c
[4.672s] -- Up-to-date: /home/ras/DUM-E_ROSCode/ros2_ws/install/tutorial_interfaces/lib/python3.12/site-packages/tutorial_interfaces/__init__.py
[4.674s] -- Up-to-date: /home/ras/DUM-E_ROSCode/ros2_ws/install/tutorial_interfaces/lib/python3.12/site-packages/tutorial_interfaces/msg
[4.678s] -- Up-to-date: /home/ras/DUM-E_ROSCode/ros2_ws/install/tutorial_interfaces/lib/python3.12/site-packages/tutorial_interfaces/msg/_sphere_s.c
[4.680s] -- Up-to-date: /home/ras/DUM-E_ROSCode/ros2_ws/install/tutorial_interfaces/lib/python3.12/site-packages/tutorial_interfaces/msg/_num_s.c
[4.681s] -- Up-to-date: /home/ras/DUM-E_ROSCode/ros2_ws/install/tutorial_interfaces/lib/python3.12/site-packages/tutorial_interfaces/msg/_sphere.py
[4.691s] -- Up-to-date: /home/ras/DUM-E_ROSCode/ros2_ws/install/tutorial_interfaces/lib/python3.12/site-packages/tutorial_interfaces/msg/__init__.py
[4.699s] -- Up-to-date: /home/ras/DUM-E_ROSCode/ros2_ws/install/tutorial_interfaces/lib/python3.12/site-packages/tutorial_interfaces/msg/_num.py
[4.703s] -- Up-to-date: /home/ras/DUM-E_ROSCode/ros2_ws/install/tutorial_interfaces/lib/python3.12/site-packages/tutorial_interfaces/_tutorial_interfaces_s.ep.rosidl_typesupport_c.c
[4.712s] Listing '/home/ras/DUM-E_ROSCode/ros2_ws/install/tutorial_interfaces/lib/python3.12/site-packages/tutorial_interfaces'...
[4.712s] Listing '/home/ras/DUM-E_ROSCode/ros2_ws/install/tutorial_interfaces/lib/python3.12/site-packages/tutorial_interfaces/msg'...
[4.713s] Listing '/home/ras/DUM-E_ROSCode/ros2_ws/install/tutorial_interfaces/lib/python3.12/site-packages/tutorial_interfaces/srv'...
[4.717s] -- Up-to-date: /home/ras/DUM-E_ROSCode/ros2_ws/install/tutorial_interfaces/lib/python3.12/site-packages/tutorial_interfaces/tutorial_interfaces_s__rosidl_typesupport_fastrtps_c.so
[4.720s] -- Up-to-date: /home/ras/DUM-E_ROSCode/ros2_ws/install/tutorial_interfaces/lib/python3.12/site-packages/tutorial_interfaces/tutorial_interfaces_s__rosidl_typesupport_introspection_c.so
[4.720s] -- Up-to-date: /home/ras/DUM-E_ROSCode/ros2_ws/install/tutorial_interfaces/lib/python3.12/site-packages/tutorial_interfaces/tutorial_interfaces_s__rosidl_typesupport_c.so
[4.723s] -- Up-to-date: /home/ras/DUM-E_ROSCode/ros2_ws/install/tutorial_interfaces/lib/libtutorial_interfaces__rosidl_generator_py.so
[4.726s] -- Up-to-date: /home/ras/DUM-E_ROSCode/ros2_ws/install/tutorial_interfaces/share/tutorial_interfaces/msg/Num.idl
[4.727s] -- Up-to-date: /home/ras/DUM-E_ROSCode/ros2_ws/install/tutorial_interfaces/share/tutorial_interfaces/msg/Sphere.idl
[4.727s] -- Up-to-date: /home/ras/DUM-E_ROSCode/ros2_ws/install/tutorial_interfaces/share/tutorial_interfaces/srv/AddThreeInts.idl
[4.728s] -- Up-to-date: /home/ras/DUM-E_ROSCode/ros2_ws/install/tutorial_interfaces/share/tutorial_interfaces/msg/Num.msg
[4.729s] -- Up-to-date: /home/ras/DUM-E_ROSCode/ros2_ws/install/tutorial_interfaces/share/tutorial_interfaces/msg/Sphere.msg
[4.729s] -- Up-to-date: /home/ras/DUM-E_ROSCode/ros2_ws/install/tutorial_interfaces/share/tutorial_interfaces/srv/AddThreeInts.srv
[4.730s] -- Up-to-date: /home/ras/DUM-E_ROSCode/ros2_ws/install/tutorial_interfaces/share/ament_index/resource_index/package_run_dependencies/tutorial_interfaces
[4.731s] -- Up-to-date: /home/ras/DUM-E_ROSCode/ros2_ws/install/tutorial_interfaces/share/ament_index/resource_index/parent_prefix_path/tutorial_interfaces
[4.731s] -- Up-to-date: /home/ras/DUM-E_ROSCode/ros2_ws/install/tutorial_interfaces/share/tutorial_interfaces/environment/ament_prefix_path.sh
[4.732s] -- Up-to-date: /home/ras/DUM-E_ROSCode/ros2_ws/install/tutorial_interfaces/share/tutorial_interfaces/environment/ament_prefix_path.dsv
[4.732s] -- Up-to-date: /home/ras/DUM-E_ROSCode/ros2_ws/install/tutorial_interfaces/share/tutorial_interfaces/environment/path.sh
[4.732s] -- Up-to-date: /home/ras/DUM-E_ROSCode/ros2_ws/install/tutorial_interfaces/share/tutorial_interfaces/environment/path.dsv
[4.733s] -- Up-to-date: /home/ras/DUM-E_ROSCode/ros2_ws/install/tutorial_interfaces/share/tutorial_interfaces/local_setup.bash
[4.734s] -- Up-to-date: /home/ras/DUM-E_ROSCode/ros2_ws/install/tutorial_interfaces/share/tutorial_interfaces/local_setup.sh
[4.734s] -- Up-to-date: /home/ras/DUM-E_ROSCode/ros2_ws/install/tutorial_interfaces/share/tutorial_interfaces/local_setup.zsh
[4.735s] -- Up-to-date: /home/ras/DUM-E_ROSCode/ros2_ws/install/tutorial_interfaces/share/tutorial_interfaces/local_setup.dsv
[4.736s] -- Installing: /home/ras/DUM-E_ROSCode/ros2_ws/install/tutorial_interfaces/share/tutorial_interfaces/package.dsv
[4.736s] -- Up-to-date: /home/ras/DUM-E_ROSCode/ros2_ws/install/tutorial_interfaces/share/ament_index/resource_index/packages/tutorial_interfaces
[4.737s] -- Up-to-date: /home/ras/DUM-E_ROSCode/ros2_ws/install/tutorial_interfaces/share/tutorial_interfaces/cmake/export_tutorial_interfaces__rosidl_generator_cExport.cmake
[4.737s] -- Up-to-date: /home/ras/DUM-E_ROSCode/ros2_ws/install/tutorial_interfaces/share/tutorial_interfaces/cmake/export_tutorial_interfaces__rosidl_generator_cExport-noconfig.cmake
[4.738s] -- Up-to-date: /home/ras/DUM-E_ROSCode/ros2_ws/install/tutorial_interfaces/share/tutorial_interfaces/cmake/export_tutorial_interfaces__rosidl_typesupport_fastrtps_cExport.cmake
[4.738s] -- Up-to-date: /home/ras/DUM-E_ROSCode/ros2_ws/install/tutorial_interfaces/share/tutorial_interfaces/cmake/export_tutorial_interfaces__rosidl_typesupport_fastrtps_cExport-noconfig.cmake
[4.739s] -- Up-to-date: /home/ras/DUM-E_ROSCode/ros2_ws/install/tutorial_interfaces/share/tutorial_interfaces/cmake/export_tutorial_interfaces__rosidl_generator_cppExport.cmake
[4.739s] -- Up-to-date: /home/ras/DUM-E_ROSCode/ros2_ws/install/tutorial_interfaces/share/tutorial_interfaces/cmake/export_tutorial_interfaces__rosidl_typesupport_fastrtps_cppExport.cmake
[4.739s] -- Up-to-date: /home/ras/DUM-E_ROSCode/ros2_ws/install/tutorial_interfaces/share/tutorial_interfaces/cmake/export_tutorial_interfaces__rosidl_typesupport_fastrtps_cppExport-noconfig.cmake
[4.740s] -- Up-to-date: /home/ras/DUM-E_ROSCode/ros2_ws/install/tutorial_interfaces/share/tutorial_interfaces/cmake/tutorial_interfaces__rosidl_typesupport_introspection_cExport.cmake
[4.741s] -- Up-to-date: /home/ras/DUM-E_ROSCode/ros2_ws/install/tutorial_interfaces/share/tutorial_interfaces/cmake/tutorial_interfaces__rosidl_typesupport_introspection_cExport-noconfig.cmake
[4.741s] -- Up-to-date: /home/ras/DUM-E_ROSCode/ros2_ws/install/tutorial_interfaces/share/tutorial_interfaces/cmake/tutorial_interfaces__rosidl_typesupport_cExport.cmake
[4.742s] -- Up-to-date: /home/ras/DUM-E_ROSCode/ros2_ws/install/tutorial_interfaces/share/tutorial_interfaces/cmake/tutorial_interfaces__rosidl_typesupport_cExport-noconfig.cmake
[4.743s] -- Up-to-date: /home/ras/DUM-E_ROSCode/ros2_ws/install/tutorial_interfaces/share/tutorial_interfaces/cmake/tutorial_interfaces__rosidl_typesupport_introspection_cppExport.cmake
[4.743s] -- Up-to-date: /home/ras/DUM-E_ROSCode/ros2_ws/install/tutorial_interfaces/share/tutorial_interfaces/cmake/tutorial_interfaces__rosidl_typesupport_introspection_cppExport-noconfig.cmake
[4.744s] -- Up-to-date: /home/ras/DUM-E_ROSCode/ros2_ws/install/tutorial_interfaces/share/tutorial_interfaces/cmake/tutorial_interfaces__rosidl_typesupport_cppExport.cmake
[4.744s] -- Up-to-date: /home/ras/DUM-E_ROSCode/ros2_ws/install/tutorial_interfaces/share/tutorial_interfaces/cmake/tutorial_interfaces__rosidl_typesupport_cppExport-noconfig.cmake
[4.745s] -- Up-to-date: /home/ras/DUM-E_ROSCode/ros2_ws/install/tutorial_interfaces/share/tutorial_interfaces/cmake/export_tutorial_interfaces__rosidl_generator_pyExport.cmake
[4.745s] -- Up-to-date: /home/ras/DUM-E_ROSCode/ros2_ws/install/tutorial_interfaces/share/tutorial_interfaces/cmake/export_tutorial_interfaces__rosidl_generator_pyExport-noconfig.cmake
[4.746s] -- Up-to-date: /home/ras/DUM-E_ROSCode/ros2_ws/install/tutorial_interfaces/share/tutorial_interfaces/cmake/rosidl_cmake-extras.cmake
[4.746s] -- Up-to-date: /home/ras/DUM-E_ROSCode/ros2_ws/install/tutorial_interfaces/share/tutorial_interfaces/cmake/ament_cmake_export_dependencies-extras.cmake
[4.747s] -- Up-to-date: /home/ras/DUM-E_ROSCode/ros2_ws/install/tutorial_interfaces/share/tutorial_interfaces/cmake/ament_cmake_export_include_directories-extras.cmake
[4.747s] -- Up-to-date: /home/ras/DUM-E_ROSCode/ros2_ws/install/tutorial_interfaces/share/tutorial_interfaces/cmake/ament_cmake_export_libraries-extras.cmake
[4.748s] -- Up-to-date: /home/ras/DUM-E_ROSCode/ros2_ws/install/tutorial_interfaces/share/tutorial_interfaces/cmake/ament_cmake_export_targets-extras.cmake
[4.748s] -- Up-to-date: /home/ras/DUM-E_ROSCode/ros2_ws/install/tutorial_interfaces/share/tutorial_interfaces/cmake/rosidl_cmake_export_typesupport_targets-extras.cmake
[4.749s] -- Up-to-date: /home/ras/DUM-E_ROSCode/ros2_ws/install/tutorial_interfaces/share/tutorial_interfaces/cmake/rosidl_cmake_export_typesupport_libraries-extras.cmake
[4.750s] -- Up-to-date: /home/ras/DUM-E_ROSCode/ros2_ws/install/tutorial_interfaces/share/tutorial_interfaces/cmake/tutorial_interfacesConfig.cmake
[4.755s] -- Up-to-date: /home/ras/DUM-E_ROSCode/ros2_ws/install/tutorial_interfaces/share/tutorial_interfaces/cmake/tutorial_interfacesConfig-version.cmake
[4.758s] -- Up-to-date: /home/ras/DUM-E_ROSCode/ros2_ws/install/tutorial_interfaces/share/tutorial_interfaces/package.xml
[4.800s] Invoked command in '/home/ras/DUM-E_ROSCode/ros2_ws/build/tutorial_interfaces' returned '0': CMAKE_PREFIX_PATH=${CMAKE_PREFIX_PATH}:/home/ras/DUM-E_ROSCode/ros2_ws/install/py_srvcli:/home/ras/DUM-E_ROSCode/ros2_ws/install/my_package:/opt/ros/jazzy DEBUGINFOD_URLS=https://debuginfod.ubuntu.com /usr/bin/cmake --install /home/ras/DUM-E_ROSCode/ros2_ws/build/tutorial_interfaces
