[5.892s] Invoking command in '/home/ras/DUM-E_ROSCode/ros2_ws/src/my_package': DEBUGINFOD_URLS=https://debuginfod.ubuntu.com PYTHONPATH=/home/ras/DUM-E_ROSCode/ros2_ws/build/my_package/prefix_override:/usr/lib/python3/dist-packages/colcon_core/task/python/colcon_distutils_commands:/home/ras/DUM-E_ROSCode/ros2_ws/install/my_package/lib/python3.12/site-packages:${PYTHONPATH} /usr/bin/python3 -W ignore:setup.py install is deprecated -W ignore:easy_install command is deprecated setup.py egg_info --egg-base ../../build/my_package build --build-base /home/ras/DUM-E_ROSCode/ros2_ws/build/my_package/build install --record /home/ras/DUM-E_ROSCode/ros2_ws/build/my_package/install.log --single-version-externally-managed install_data
[7.788s] running egg_info
[7.790s] creating ../../build/my_package/my_package.egg-info
[7.975s] writing ../../build/my_package/my_package.egg-info/PKG-INFO
[7.978s] writing dependency_links to ../../build/my_package/my_package.egg-info/dependency_links.txt
[7.980s] writing entry points to ../../build/my_package/my_package.egg-info/entry_points.txt
[7.981s] writing requirements to ../../build/my_package/my_package.egg-info/requires.txt
[7.982s] writing top-level names to ../../build/my_package/my_package.egg-info/top_level.txt
[7.983s] writing manifest file '../../build/my_package/my_package.egg-info/SOURCES.txt'
[8.362s] reading manifest file '../../build/my_package/my_package.egg-info/SOURCES.txt'
[8.363s] adding license file 'LICENSE'
[8.366s] writing manifest file '../../build/my_package/my_package.egg-info/SOURCES.txt'
[8.367s] running build
[8.368s] running build_py
[8.369s] creating /home/ras/DUM-E_ROSCode/ros2_ws/build/my_package/build
[8.370s] creating /home/ras/DUM-E_ROSCode/ros2_ws/build/my_package/build/lib
[8.372s] creating /home/ras/DUM-E_ROSCode/ros2_ws/build/my_package/build/lib/my_package
[8.372s] copying my_package/my_node.py -> /home/ras/DUM-E_ROSCode/ros2_ws/build/my_package/build/lib/my_package
[8.373s] copying my_package/__init__.py -> /home/ras/DUM-E_ROSCode/ros2_ws/build/my_package/build/lib/my_package
[8.374s] running install
[8.410s] running install_lib
[8.588s] creating /home/ras/DUM-E_ROSCode/ros2_ws/install/my_package/lib/python3.12/site-packages/my_package
[8.589s] copying /home/ras/DUM-E_ROSCode/ros2_ws/build/my_package/build/lib/my_package/my_node.py -> /home/ras/DUM-E_ROSCode/ros2_ws/install/my_package/lib/python3.12/site-packages/my_package
[8.590s] copying /home/ras/DUM-E_ROSCode/ros2_ws/build/my_package/build/lib/my_package/__init__.py -> /home/ras/DUM-E_ROSCode/ros2_ws/install/my_package/lib/python3.12/site-packages/my_package
[8.593s] byte-compiling /home/ras/DUM-E_ROSCode/ros2_ws/install/my_package/lib/python3.12/site-packages/my_package/my_node.py to my_node.cpython-312.pyc
[8.595s] byte-compiling /home/ras/DUM-E_ROSCode/ros2_ws/install/my_package/lib/python3.12/site-packages/my_package/__init__.py to __init__.cpython-312.pyc
[8.597s] running install_data
[8.598s] creating /home/ras/DUM-E_ROSCode/ros2_ws/install/my_package/share/ament_index
[8.598s] creating /home/ras/DUM-E_ROSCode/ros2_ws/install/my_package/share/ament_index/resource_index
[8.599s] creating /home/ras/DUM-E_ROSCode/ros2_ws/install/my_package/share/ament_index/resource_index/packages
[8.600s] copying resource/my_package -> /home/ras/DUM-E_ROSCode/ros2_ws/install/my_package/share/ament_index/resource_index/packages
[8.600s] copying package.xml -> /home/ras/DUM-E_ROSCode/ros2_ws/install/my_package/share/my_package
[8.601s] running install_egg_info
[8.770s] Copying ../../build/my_package/my_package.egg-info to /home/ras/DUM-E_ROSCode/ros2_ws/install/my_package/lib/python3.12/site-packages/my_package-0.0.0-py3.12.egg-info
[8.779s] running install_scripts
[9.873s] Installing my_node script to /home/ras/DUM-E_ROSCode/ros2_ws/install/my_package/lib/my_package
[9.875s] writing list of installed files to '/home/ras/DUM-E_ROSCode/ros2_ws/build/my_package/install.log'
[10.072s] Invoked command in '/home/ras/DUM-E_ROSCode/ros2_ws/src/my_package' returned '0': DEBUGINFOD_URLS=https://debuginfod.ubuntu.com PYTHONPATH=/home/ras/DUM-E_ROSCode/ros2_ws/build/my_package/prefix_override:/usr/lib/python3/dist-packages/colcon_core/task/python/colcon_distutils_commands:/home/ras/DUM-E_ROSCode/ros2_ws/install/my_package/lib/python3.12/site-packages:${PYTHONPATH} /usr/bin/python3 -W ignore:setup.py install is deprecated -W ignore:easy_install command is deprecated setup.py egg_info --egg-base ../../build/my_package build --build-base /home/ras/DUM-E_ROSCode/ros2_ws/build/my_package/build install --record /home/ras/DUM-E_ROSCode/ros2_ws/build/my_package/install.log --single-version-externally-managed install_data
