[6.686s] Invoking command in '/home/ras/DUM-E_ROSCode/ros2_ws/src/my_package': DEBUGINFOD_URLS=https://debuginfod.ubuntu.com PYTHONPATH=/home/ras/DUM-E_ROSCode/ros2_ws/build/my_package/prefix_override:/usr/lib/python3/dist-packages/colcon_core/task/python/colcon_distutils_commands:/home/ras/DUM-E_ROSCode/ros2_ws/install/my_package/lib/python3.12/site-packages:${PYTHONPATH} /usr/bin/python3 -W ignore:setup.py install is deprecated -W ignore:easy_install command is deprecated setup.py egg_info --egg-base ../../build/my_package build --build-base /home/ras/DUM-E_ROSCode/ros2_ws/build/my_package/build install --record /home/ras/DUM-E_ROSCode/ros2_ws/build/my_package/install.log --single-version-externally-managed install_data
[8.129s] running egg_info
[8.237s] writing ../../build/my_package/my_package.egg-info/PKG-INFO
[8.238s] writing dependency_links to ../../build/my_package/my_package.egg-info/dependency_links.txt
[8.242s] writing entry points to ../../build/my_package/my_package.egg-info/entry_points.txt
[8.243s] writing requirements to ../../build/my_package/my_package.egg-info/requires.txt
[8.245s] writing top-level names to ../../build/my_package/my_package.egg-info/top_level.txt
[8.467s] reading manifest file '../../build/my_package/my_package.egg-info/SOURCES.txt'
[8.468s] adding license file 'LICENSE'
[8.471s] writing manifest file '../../build/my_package/my_package.egg-info/SOURCES.txt'
[8.472s] running build
[8.472s] running build_py
[8.474s] running install
[8.499s] running install_lib
[8.610s] running install_data
[8.611s] running install_egg_info
[8.727s] removing '/home/ras/DUM-E_ROSCode/ros2_ws/install/my_package/lib/python3.12/site-packages/my_package-0.0.0-py3.12.egg-info' (and everything under it)
[8.729s] Copying ../../build/my_package/my_package.egg-info to /home/ras/DUM-E_ROSCode/ros2_ws/install/my_package/lib/python3.12/site-packages/my_package-0.0.0-py3.12.egg-info
[8.735s] running install_scripts
[9.670s] Installing my_node script to /home/ras/DUM-E_ROSCode/ros2_ws/install/my_package/lib/my_package
[9.676s] writing list of installed files to '/home/ras/DUM-E_ROSCode/ros2_ws/build/my_package/install.log'
[9.840s] Invoked command in '/home/ras/DUM-E_ROSCode/ros2_ws/src/my_package' returned '0': DEBUGINFOD_URLS=https://debuginfod.ubuntu.com PYTHONPATH=/home/ras/DUM-E_ROSCode/ros2_ws/build/my_package/prefix_override:/usr/lib/python3/dist-packages/colcon_core/task/python/colcon_distutils_commands:/home/ras/DUM-E_ROSCode/ros2_ws/install/my_package/lib/python3.12/site-packages:${PYTHONPATH} /usr/bin/python3 -W ignore:setup.py install is deprecated -W ignore:easy_install command is deprecated setup.py egg_info --egg-base ../../build/my_package build --build-base /home/ras/DUM-E_ROSCode/ros2_ws/build/my_package/build install --record /home/ras/DUM-E_ROSCode/ros2_ws/build/my_package/install.log --single-version-externally-managed install_data
