[4.489s] Invoking command in '/home/ras/DUM-E_ROSCode/ros2_ws/src/py_srvcli': DEBUGINFOD_URLS=https://debuginfod.ubuntu.com PYTHONPATH=/home/ras/DUM-E_ROSCode/ros2_ws/build/py_srvcli/prefix_override:/usr/lib/python3/dist-packages/colcon_core/task/python/colcon_distutils_commands:/home/ras/DUM-E_ROSCode/ros2_ws/install/py_srvcli/lib/python3.12/site-packages:/home/ras/DUM-E_ROSCode/ros2_ws/install/tutorial_interfaces/lib/python3.12/site-packages:/home/ras/DUM-E_ROSCode/ros2_ws/install/arduino_interfaces/lib/python3.12/site-packages:/home/ras/DUM-E_ROSCode/ros2_ws/install/py_srvcli/lib/python3.12/site-packages:/home/ras/DUM-E_ROSCode/ros2_ws/install/my_package/lib/python3.12/site-packages:/opt/ros/jazzy/lib/python3.12/site-packages /usr/bin/python3 -W ignore:setup.py install is deprecated -W ignore:easy_install command is deprecated setup.py egg_info --egg-base ../../build/py_srvcli build --build-base /home/ras/DUM-E_ROSCode/ros2_ws/build/py_srvcli/build install --record /home/ras/DUM-E_ROSCode/ros2_ws/build/py_srvcli/install.log --single-version-externally-managed install_data
[5.845s] running egg_info
[5.937s] writing ../../build/py_srvcli/py_srvcli.egg-info/PKG-INFO
[5.939s] writing dependency_links to ../../build/py_srvcli/py_srvcli.egg-info/dependency_links.txt
[5.940s] writing entry points to ../../build/py_srvcli/py_srvcli.egg-info/entry_points.txt
[5.941s] writing requirements to ../../build/py_srvcli/py_srvcli.egg-info/requires.txt
[5.942s] writing top-level names to ../../build/py_srvcli/py_srvcli.egg-info/top_level.txt
[6.132s] reading manifest file '../../build/py_srvcli/py_srvcli.egg-info/SOURCES.txt'
[6.134s] adding license file 'LICENSE'
[6.136s] writing manifest file '../../build/py_srvcli/py_srvcli.egg-info/SOURCES.txt'
[6.139s] running build
[6.139s] running build_py
[6.140s] copying py_srvcli/service_arduino_function.py -> /home/ras/DUM-E_ROSCode/ros2_ws/build/py_srvcli/build/lib/py_srvcli
[6.141s] running install
[6.165s] running install_lib
[6.257s] copying /home/ras/DUM-E_ROSCode/ros2_ws/build/py_srvcli/build/lib/py_srvcli/service_arduino_function.py -> /home/ras/DUM-E_ROSCode/ros2_ws/install/py_srvcli/lib/python3.12/site-packages/py_srvcli
[6.261s] byte-compiling /home/ras/DUM-E_ROSCode/ros2_ws/install/py_srvcli/lib/python3.12/site-packages/py_srvcli/service_arduino_function.py to service_arduino_function.cpython-312.pyc
[6.265s] running install_data
[6.266s] running install_egg_info
[6.366s] removing '/home/ras/DUM-E_ROSCode/ros2_ws/install/py_srvcli/lib/python3.12/site-packages/py_srvcli-0.0.0-py3.12.egg-info' (and everything under it)
[6.368s] Copying ../../build/py_srvcli/py_srvcli.egg-info to /home/ras/DUM-E_ROSCode/ros2_ws/install/py_srvcli/lib/python3.12/site-packages/py_srvcli-0.0.0-py3.12.egg-info
[6.374s] running install_scripts
[7.078s] Installing client script to /home/ras/DUM-E_ROSCode/ros2_ws/install/py_srvcli/lib/py_srvcli
[7.079s] Installing service script to /home/ras/DUM-E_ROSCode/ros2_ws/install/py_srvcli/lib/py_srvcli
[7.084s] writing list of installed files to '/home/ras/DUM-E_ROSCode/ros2_ws/build/py_srvcli/install.log'
[7.230s] Invoked command in '/home/ras/DUM-E_ROSCode/ros2_ws/src/py_srvcli' returned '0': DEBUGINFOD_URLS=https://debuginfod.ubuntu.com PYTHONPATH=/home/ras/DUM-E_ROSCode/ros2_ws/build/py_srvcli/prefix_override:/usr/lib/python3/dist-packages/colcon_core/task/python/colcon_distutils_commands:/home/ras/DUM-E_ROSCode/ros2_ws/install/py_srvcli/lib/python3.12/site-packages:/home/ras/DUM-E_ROSCode/ros2_ws/install/tutorial_interfaces/lib/python3.12/site-packages:/home/ras/DUM-E_ROSCode/ros2_ws/install/arduino_interfaces/lib/python3.12/site-packages:/home/ras/DUM-E_ROSCode/ros2_ws/install/py_srvcli/lib/python3.12/site-packages:/home/ras/DUM-E_ROSCode/ros2_ws/install/my_package/lib/python3.12/site-packages:/opt/ros/jazzy/lib/python3.12/site-packages /usr/bin/python3 -W ignore:setup.py install is deprecated -W ignore:easy_install command is deprecated setup.py egg_info --egg-base ../../build/py_srvcli build --build-base /home/ras/DUM-E_ROSCode/ros2_ws/build/py_srvcli/build install --record /home/ras/DUM-E_ROSCode/ros2_ws/build/py_srvcli/install.log --single-version-externally-managed install_data
