[0.153s] DEBUG:colcon:Command line arguments: ['/usr/bin/colcon', 'build']
[0.153s] DEBUG:colcon:Parsed command line arguments: Namespace(log_base=None, log_level=None, verb_name='build', build_base='build', install_base='install', merge_install=False, symlink_install=False, test_result_base=None, continue_on_error=False, executor='parallel', parallel_workers=12, event_handlers=None, ignore_user_meta=False, metas=['./colcon.meta'], base_paths=['.'], packages_ignore=None, packages_ignore_regex=None, paths=None, packages_up_to=None, packages_up_to_regex=None, packages_above=None, packages_above_and_dependencies=None, packages_above_depth=None, packages_select_by_dep=None, packages_skip_by_dep=None, packages_skip_up_to=None, packages_select_build_failed=False, packages_skip_build_finished=False, packages_select_test_failures=False, packages_skip_test_passed=False, packages_select=None, packages_skip=None, packages_select_regex=None, packages_skip_regex=None, packages_start=None, packages_end=None, allow_overriding=[], cmake_args=None, cmake_target=None, cmake_target_skip_unavailable=False, cmake_clean_cache=False, cmake_clean_first=False, cmake_force_configure=False, ament_cmake_args=None, catkin_cmake_args=None, catkin_skip_building_tests=False, mixin_files=None, mixin=None, verb_parser=<colcon_mixin.mixin.mixin_argument.MixinArgumentDecorator object at 0x7ee4c68b5e20>, verb_extension=<colcon_core.verb.build.BuildVerb object at 0x7ee4c68b5760>, main=<bound method BuildVerb.main of <colcon_core.verb.build.BuildVerb object at 0x7ee4c68b5760>>, mixin_verb=('build',))
[0.202s] Level 1:colcon.colcon_core.package_discovery:discover_packages(colcon_meta) check parameters
[0.203s] Level 1:colcon.colcon_core.package_discovery:discover_packages(recursive) check parameters
[0.203s] Level 1:colcon.colcon_core.package_discovery:discover_packages(ignore) check parameters
[0.203s] Level 1:colcon.colcon_core.package_discovery:discover_packages(path) check parameters
[0.203s] Level 1:colcon.colcon_core.package_discovery:discover_packages(colcon_meta) discover
[0.203s] Level 1:colcon.colcon_core.package_discovery:discover_packages(recursive) discover
[0.203s] INFO:colcon.colcon_core.package_discovery:Crawling recursively for packages in '/home/pepijn/Desktop/git/DUM-E_ROSCode/ros2_ws'
[0.203s] Level 1:colcon.colcon_core.package_identification:_identify(.) by extensions ['ignore', 'ignore_ament_install']
[0.203s] Level 1:colcon.colcon_core.package_identification:_identify(.) by extension 'ignore'
[0.203s] Level 1:colcon.colcon_core.package_identification:_identify(.) by extension 'ignore_ament_install'
[0.203s] Level 1:colcon.colcon_core.package_identification:_identify(.) by extensions ['colcon_pkg']
[0.203s] Level 1:colcon.colcon_core.package_identification:_identify(.) by extension 'colcon_pkg'
[0.203s] Level 1:colcon.colcon_core.package_identification:_identify(.) by extensions ['colcon_meta']
[0.203s] Level 1:colcon.colcon_core.package_identification:_identify(.) by extension 'colcon_meta'
[0.203s] Level 1:colcon.colcon_core.package_identification:_identify(.) by extensions ['ros']
[0.203s] Level 1:colcon.colcon_core.package_identification:_identify(.) by extension 'ros'
[0.226s] Level 1:colcon.colcon_core.package_identification:_identify(.) by extensions ['cmake', 'python']
[0.226s] Level 1:colcon.colcon_core.package_identification:_identify(.) by extension 'cmake'
[0.226s] Level 1:colcon.colcon_core.package_identification:_identify(.) by extension 'python'
[0.226s] Level 1:colcon.colcon_core.package_identification:_identify(.) by extensions ['python_setup_py']
[0.226s] Level 1:colcon.colcon_core.package_identification:_identify(.) by extension 'python_setup_py'
[0.226s] Level 1:colcon.colcon_core.package_identification:_identify(build) by extensions ['ignore', 'ignore_ament_install']
[0.226s] Level 1:colcon.colcon_core.package_identification:_identify(build) by extension 'ignore'
[0.226s] Level 1:colcon.colcon_core.package_identification:_identify(build) ignored
[0.226s] Level 1:colcon.colcon_core.package_identification:_identify(install) by extensions ['ignore', 'ignore_ament_install']
[0.226s] Level 1:colcon.colcon_core.package_identification:_identify(install) by extension 'ignore'
[0.226s] Level 1:colcon.colcon_core.package_identification:_identify(install) ignored
[0.226s] Level 1:colcon.colcon_core.package_identification:_identify(log) by extensions ['ignore', 'ignore_ament_install']
[0.226s] Level 1:colcon.colcon_core.package_identification:_identify(log) by extension 'ignore'
[0.226s] Level 1:colcon.colcon_core.package_identification:_identify(log) ignored
[0.226s] Level 1:colcon.colcon_core.package_identification:_identify(src) by extensions ['ignore', 'ignore_ament_install']
[0.226s] Level 1:colcon.colcon_core.package_identification:_identify(src) by extension 'ignore'
[0.227s] Level 1:colcon.colcon_core.package_identification:_identify(src) by extension 'ignore_ament_install'
[0.227s] Level 1:colcon.colcon_core.package_identification:_identify(src) by extensions ['colcon_pkg']
[0.227s] Level 1:colcon.colcon_core.package_identification:_identify(src) by extension 'colcon_pkg'
[0.227s] Level 1:colcon.colcon_core.package_identification:_identify(src) by extensions ['colcon_meta']
[0.227s] Level 1:colcon.colcon_core.package_identification:_identify(src) by extension 'colcon_meta'
[0.227s] Level 1:colcon.colcon_core.package_identification:_identify(src) by extensions ['ros']
[0.227s] Level 1:colcon.colcon_core.package_identification:_identify(src) by extension 'ros'
[0.227s] Level 1:colcon.colcon_core.package_identification:_identify(src) by extensions ['cmake', 'python']
[0.227s] Level 1:colcon.colcon_core.package_identification:_identify(src) by extension 'cmake'
[0.227s] Level 1:colcon.colcon_core.package_identification:_identify(src) by extension 'python'
[0.227s] Level 1:colcon.colcon_core.package_identification:_identify(src) by extensions ['python_setup_py']
[0.227s] Level 1:colcon.colcon_core.package_identification:_identify(src) by extension 'python_setup_py'
[0.227s] Level 1:colcon.colcon_core.package_identification:_identify(src/arduino_interfaces) by extensions ['ignore', 'ignore_ament_install']
[0.227s] Level 1:colcon.colcon_core.package_identification:_identify(src/arduino_interfaces) by extension 'ignore'
[0.227s] Level 1:colcon.colcon_core.package_identification:_identify(src/arduino_interfaces) by extension 'ignore_ament_install'
[0.227s] Level 1:colcon.colcon_core.package_identification:_identify(src/arduino_interfaces) by extensions ['colcon_pkg']
[0.227s] Level 1:colcon.colcon_core.package_identification:_identify(src/arduino_interfaces) by extension 'colcon_pkg'
[0.227s] Level 1:colcon.colcon_core.package_identification:_identify(src/arduino_interfaces) by extensions ['colcon_meta']
[0.227s] Level 1:colcon.colcon_core.package_identification:_identify(src/arduino_interfaces) by extension 'colcon_meta'
[0.227s] Level 1:colcon.colcon_core.package_identification:_identify(src/arduino_interfaces) by extensions ['ros']
[0.227s] Level 1:colcon.colcon_core.package_identification:_identify(src/arduino_interfaces) by extension 'ros'
[0.230s] DEBUG:colcon.colcon_core.package_identification:Package 'src/arduino_interfaces' with type 'ros.ament_cmake' and name 'arduino_interfaces'
[0.230s] Level 1:colcon.colcon_core.package_identification:_identify(src/my_package) by extensions ['ignore', 'ignore_ament_install']
[0.230s] Level 1:colcon.colcon_core.package_identification:_identify(src/my_package) by extension 'ignore'
[0.230s] Level 1:colcon.colcon_core.package_identification:_identify(src/my_package) by extension 'ignore_ament_install'
[0.230s] Level 1:colcon.colcon_core.package_identification:_identify(src/my_package) by extensions ['colcon_pkg']
[0.230s] Level 1:colcon.colcon_core.package_identification:_identify(src/my_package) by extension 'colcon_pkg'
[0.230s] Level 1:colcon.colcon_core.package_identification:_identify(src/my_package) by extensions ['colcon_meta']
[0.230s] Level 1:colcon.colcon_core.package_identification:_identify(src/my_package) by extension 'colcon_meta'
[0.230s] Level 1:colcon.colcon_core.package_identification:_identify(src/my_package) by extensions ['ros']
[0.230s] Level 1:colcon.colcon_core.package_identification:_identify(src/my_package) by extension 'ros'
[0.231s] DEBUG:colcon.colcon_core.package_identification:Package 'src/my_package' with type 'ros.ament_python' and name 'my_package'
[0.231s] Level 1:colcon.colcon_core.package_identification:_identify(src/py_srvcli) by extensions ['ignore', 'ignore_ament_install']
[0.231s] Level 1:colcon.colcon_core.package_identification:_identify(src/py_srvcli) by extension 'ignore'
[0.231s] Level 1:colcon.colcon_core.package_identification:_identify(src/py_srvcli) by extension 'ignore_ament_install'
[0.231s] Level 1:colcon.colcon_core.package_identification:_identify(src/py_srvcli) by extensions ['colcon_pkg']
[0.231s] Level 1:colcon.colcon_core.package_identification:_identify(src/py_srvcli) by extension 'colcon_pkg'
[0.231s] Level 1:colcon.colcon_core.package_identification:_identify(src/py_srvcli) by extensions ['colcon_meta']
[0.231s] Level 1:colcon.colcon_core.package_identification:_identify(src/py_srvcli) by extension 'colcon_meta'
[0.231s] Level 1:colcon.colcon_core.package_identification:_identify(src/py_srvcli) by extensions ['ros']
[0.231s] Level 1:colcon.colcon_core.package_identification:_identify(src/py_srvcli) by extension 'ros'
[0.232s] DEBUG:colcon.colcon_core.package_identification:Package 'src/py_srvcli' with type 'ros.ament_python' and name 'py_srvcli'
[0.232s] Level 1:colcon.colcon_core.package_identification:_identify(src/tutorial_interfaces) by extensions ['ignore', 'ignore_ament_install']
[0.232s] Level 1:colcon.colcon_core.package_identification:_identify(src/tutorial_interfaces) by extension 'ignore'
[0.232s] Level 1:colcon.colcon_core.package_identification:_identify(src/tutorial_interfaces) by extension 'ignore_ament_install'
[0.232s] Level 1:colcon.colcon_core.package_identification:_identify(src/tutorial_interfaces) by extensions ['colcon_pkg']
[0.232s] Level 1:colcon.colcon_core.package_identification:_identify(src/tutorial_interfaces) by extension 'colcon_pkg'
[0.232s] Level 1:colcon.colcon_core.package_identification:_identify(src/tutorial_interfaces) by extensions ['colcon_meta']
[0.232s] Level 1:colcon.colcon_core.package_identification:_identify(src/tutorial_interfaces) by extension 'colcon_meta'
[0.232s] Level 1:colcon.colcon_core.package_identification:_identify(src/tutorial_interfaces) by extensions ['ros']
[0.232s] Level 1:colcon.colcon_core.package_identification:_identify(src/tutorial_interfaces) by extension 'ros'
[0.233s] DEBUG:colcon.colcon_core.package_identification:Package 'src/tutorial_interfaces' with type 'ros.ament_cmake' and name 'tutorial_interfaces'
[0.233s] Level 1:colcon.colcon_core.package_discovery:discover_packages(recursive) using defaults
[0.233s] Level 1:colcon.colcon_core.package_discovery:discover_packages(ignore) discover
[0.233s] Level 1:colcon.colcon_core.package_discovery:discover_packages(ignore) using defaults
[0.233s] Level 1:colcon.colcon_core.package_discovery:discover_packages(path) discover
[0.233s] Level 1:colcon.colcon_core.package_discovery:discover_packages(path) using defaults
[0.252s] Level 1:colcon.colcon_core.package_discovery:discover_packages(prefix_path) check parameters
[0.252s] Level 1:colcon.colcon_core.package_discovery:discover_packages(prefix_path) discover
[0.256s] DEBUG:colcon.colcon_installed_package_information.package_discovery:Found 380 installed packages in /opt/ros/jazzy
[0.257s] Level 1:colcon.colcon_core.package_discovery:discover_packages(prefix_path) using defaults
[0.298s] Level 5:colcon.colcon_core.verb:set package 'arduino_interfaces' build argument 'cmake_args' from command line to 'None'
[0.298s] Level 5:colcon.colcon_core.verb:set package 'arduino_interfaces' build argument 'cmake_target' from command line to 'None'
[0.299s] Level 5:colcon.colcon_core.verb:set package 'arduino_interfaces' build argument 'cmake_target_skip_unavailable' from command line to 'False'
[0.299s] Level 5:colcon.colcon_core.verb:set package 'arduino_interfaces' build argument 'cmake_clean_cache' from command line to 'False'
[0.299s] Level 5:colcon.colcon_core.verb:set package 'arduino_interfaces' build argument 'cmake_clean_first' from command line to 'False'
[0.299s] Level 5:colcon.colcon_core.verb:set package 'arduino_interfaces' build argument 'cmake_force_configure' from command line to 'False'
[0.299s] Level 5:colcon.colcon_core.verb:set package 'arduino_interfaces' build argument 'ament_cmake_args' from command line to 'None'
[0.299s] Level 5:colcon.colcon_core.verb:set package 'arduino_interfaces' build argument 'catkin_cmake_args' from command line to 'None'
[0.299s] Level 5:colcon.colcon_core.verb:set package 'arduino_interfaces' build argument 'catkin_skip_building_tests' from command line to 'False'
[0.299s] DEBUG:colcon.colcon_core.verb:Building package 'arduino_interfaces' with the following arguments: {'ament_cmake_args': None, 'build_base': '/home/pepijn/Desktop/git/DUM-E_ROSCode/ros2_ws/build/arduino_interfaces', 'catkin_cmake_args': None, 'catkin_skip_building_tests': False, 'cmake_args': None, 'cmake_clean_cache': False, 'cmake_clean_first': False, 'cmake_force_configure': False, 'cmake_target': None, 'cmake_target_skip_unavailable': False, 'install_base': '/home/pepijn/Desktop/git/DUM-E_ROSCode/ros2_ws/install/arduino_interfaces', 'merge_install': False, 'path': '/home/pepijn/Desktop/git/DUM-E_ROSCode/ros2_ws/src/arduino_interfaces', 'symlink_install': False, 'test_result_base': None}
[0.299s] Level 5:colcon.colcon_core.verb:set package 'my_package' build argument 'cmake_args' from command line to 'None'
[0.299s] Level 5:colcon.colcon_core.verb:set package 'my_package' build argument 'cmake_target' from command line to 'None'
[0.299s] Level 5:colcon.colcon_core.verb:set package 'my_package' build argument 'cmake_target_skip_unavailable' from command line to 'False'
[0.299s] Level 5:colcon.colcon_core.verb:set package 'my_package' build argument 'cmake_clean_cache' from command line to 'False'
[0.299s] Level 5:colcon.colcon_core.verb:set package 'my_package' build argument 'cmake_clean_first' from command line to 'False'
[0.299s] Level 5:colcon.colcon_core.verb:set package 'my_package' build argument 'cmake_force_configure' from command line to 'False'
[0.299s] Level 5:colcon.colcon_core.verb:set package 'my_package' build argument 'ament_cmake_args' from command line to 'None'
[0.299s] Level 5:colcon.colcon_core.verb:set package 'my_package' build argument 'catkin_cmake_args' from command line to 'None'
[0.299s] Level 5:colcon.colcon_core.verb:set package 'my_package' build argument 'catkin_skip_building_tests' from command line to 'False'
[0.299s] DEBUG:colcon.colcon_core.verb:Building package 'my_package' with the following arguments: {'ament_cmake_args': None, 'build_base': '/home/pepijn/Desktop/git/DUM-E_ROSCode/ros2_ws/build/my_package', 'catkin_cmake_args': None, 'catkin_skip_building_tests': False, 'cmake_args': None, 'cmake_clean_cache': False, 'cmake_clean_first': False, 'cmake_force_configure': False, 'cmake_target': None, 'cmake_target_skip_unavailable': False, 'install_base': '/home/pepijn/Desktop/git/DUM-E_ROSCode/ros2_ws/install/my_package', 'merge_install': False, 'path': '/home/pepijn/Desktop/git/DUM-E_ROSCode/ros2_ws/src/my_package', 'symlink_install': False, 'test_result_base': None}
[0.299s] Level 5:colcon.colcon_core.verb:set package 'tutorial_interfaces' build argument 'cmake_args' from command line to 'None'
[0.299s] Level 5:colcon.colcon_core.verb:set package 'tutorial_interfaces' build argument 'cmake_target' from command line to 'None'
[0.299s] Level 5:colcon.colcon_core.verb:set package 'tutorial_interfaces' build argument 'cmake_target_skip_unavailable' from command line to 'False'
[0.299s] Level 5:colcon.colcon_core.verb:set package 'tutorial_interfaces' build argument 'cmake_clean_cache' from command line to 'False'
[0.299s] Level 5:colcon.colcon_core.verb:set package 'tutorial_interfaces' build argument 'cmake_clean_first' from command line to 'False'
[0.299s] Level 5:colcon.colcon_core.verb:set package 'tutorial_interfaces' build argument 'cmake_force_configure' from command line to 'False'
[0.299s] Level 5:colcon.colcon_core.verb:set package 'tutorial_interfaces' build argument 'ament_cmake_args' from command line to 'None'
[0.299s] Level 5:colcon.colcon_core.verb:set package 'tutorial_interfaces' build argument 'catkin_cmake_args' from command line to 'None'
[0.299s] Level 5:colcon.colcon_core.verb:set package 'tutorial_interfaces' build argument 'catkin_skip_building_tests' from command line to 'False'
[0.299s] DEBUG:colcon.colcon_core.verb:Building package 'tutorial_interfaces' with the following arguments: {'ament_cmake_args': None, 'build_base': '/home/pepijn/Desktop/git/DUM-E_ROSCode/ros2_ws/build/tutorial_interfaces', 'catkin_cmake_args': None, 'catkin_skip_building_tests': False, 'cmake_args': None, 'cmake_clean_cache': False, 'cmake_clean_first': False, 'cmake_force_configure': False, 'cmake_target': None, 'cmake_target_skip_unavailable': False, 'install_base': '/home/pepijn/Desktop/git/DUM-E_ROSCode/ros2_ws/install/tutorial_interfaces', 'merge_install': False, 'path': '/home/pepijn/Desktop/git/DUM-E_ROSCode/ros2_ws/src/tutorial_interfaces', 'symlink_install': False, 'test_result_base': None}
[0.300s] Level 5:colcon.colcon_core.verb:set package 'py_srvcli' build argument 'cmake_args' from command line to 'None'
[0.300s] Level 5:colcon.colcon_core.verb:set package 'py_srvcli' build argument 'cmake_target' from command line to 'None'
[0.300s] Level 5:colcon.colcon_core.verb:set package 'py_srvcli' build argument 'cmake_target_skip_unavailable' from command line to 'False'
[0.300s] Level 5:colcon.colcon_core.verb:set package 'py_srvcli' build argument 'cmake_clean_cache' from command line to 'False'
[0.300s] Level 5:colcon.colcon_core.verb:set package 'py_srvcli' build argument 'cmake_clean_first' from command line to 'False'
[0.300s] Level 5:colcon.colcon_core.verb:set package 'py_srvcli' build argument 'cmake_force_configure' from command line to 'False'
[0.300s] Level 5:colcon.colcon_core.verb:set package 'py_srvcli' build argument 'ament_cmake_args' from command line to 'None'
[0.300s] Level 5:colcon.colcon_core.verb:set package 'py_srvcli' build argument 'catkin_cmake_args' from command line to 'None'
[0.300s] Level 5:colcon.colcon_core.verb:set package 'py_srvcli' build argument 'catkin_skip_building_tests' from command line to 'False'
[0.300s] DEBUG:colcon.colcon_core.verb:Building package 'py_srvcli' with the following arguments: {'ament_cmake_args': None, 'build_base': '/home/pepijn/Desktop/git/DUM-E_ROSCode/ros2_ws/build/py_srvcli', 'catkin_cmake_args': None, 'catkin_skip_building_tests': False, 'cmake_args': None, 'cmake_clean_cache': False, 'cmake_clean_first': False, 'cmake_force_configure': False, 'cmake_target': None, 'cmake_target_skip_unavailable': False, 'install_base': '/home/pepijn/Desktop/git/DUM-E_ROSCode/ros2_ws/install/py_srvcli', 'merge_install': False, 'path': '/home/pepijn/Desktop/git/DUM-E_ROSCode/ros2_ws/src/py_srvcli', 'symlink_install': False, 'test_result_base': None}
[0.300s] INFO:colcon.colcon_core.executor:Executing jobs using 'parallel' executor
[0.301s] DEBUG:colcon.colcon_parallel_executor.executor.parallel:run_until_complete
[0.301s] INFO:colcon.colcon_ros.task.ament_cmake.build:Building ROS package in '/home/pepijn/Desktop/git/DUM-E_ROSCode/ros2_ws/src/arduino_interfaces' with build type 'ament_cmake'
[0.301s] INFO:colcon.colcon_cmake.task.cmake.build:Building CMake package in '/home/pepijn/Desktop/git/DUM-E_ROSCode/ros2_ws/src/arduino_interfaces'
[0.305s] INFO:colcon.colcon_core.plugin_system:Skipping extension 'colcon_core.shell.bat': Not used on non-Windows systems
[0.305s] INFO:colcon.colcon_core.shell:Skip shell extension 'powershell' for command environment: Not usable outside of PowerShell
[0.305s] DEBUG:colcon.colcon_core.shell:Skip shell extension 'dsv' for command environment
[0.308s] INFO:colcon.colcon_ros.task.ament_cmake.build:Building ROS package in '/home/pepijn/Desktop/git/DUM-E_ROSCode/ros2_ws/src/tutorial_interfaces' with build type 'ament_cmake'
[0.308s] INFO:colcon.colcon_cmake.task.cmake.build:Building CMake package in '/home/pepijn/Desktop/git/DUM-E_ROSCode/ros2_ws/src/tutorial_interfaces'
[0.308s] INFO:colcon.colcon_core.shell:Skip shell extension 'powershell' for command environment: Not usable outside of PowerShell
[0.308s] DEBUG:colcon.colcon_core.shell:Skip shell extension 'dsv' for command environment
[0.311s] INFO:colcon.colcon_ros.task.ament_python.build:Building ROS package in '/home/pepijn/Desktop/git/DUM-E_ROSCode/ros2_ws/src/my_package' with build type 'ament_python'
[0.311s] Level 1:colcon.colcon_core.shell:create_environment_hook('my_package', 'ament_prefix_path')
[0.311s] INFO:colcon.colcon_core.shell:Creating environment hook '/home/pepijn/Desktop/git/DUM-E_ROSCode/ros2_ws/install/my_package/share/my_package/hook/ament_prefix_path.ps1'
[0.312s] INFO:colcon.colcon_core.shell:Creating environment descriptor '/home/pepijn/Desktop/git/DUM-E_ROSCode/ros2_ws/install/my_package/share/my_package/hook/ament_prefix_path.dsv'
[0.312s] INFO:colcon.colcon_core.shell:Creating environment hook '/home/pepijn/Desktop/git/DUM-E_ROSCode/ros2_ws/install/my_package/share/my_package/hook/ament_prefix_path.sh'
[0.313s] INFO:colcon.colcon_core.shell:Skip shell extension 'powershell' for command environment: Not usable outside of PowerShell
[0.313s] DEBUG:colcon.colcon_core.shell:Skip shell extension 'dsv' for command environment
[0.319s] DEBUG:colcon.colcon_core.event_handler.log_command:Invoking command in '/home/pepijn/Desktop/git/DUM-E_ROSCode/ros2_ws/build/arduino_interfaces': CMAKE_PREFIX_PATH=${CMAKE_PREFIX_PATH}:/opt/ros/jazzy DEBUGINFOD_URLS=https://debuginfod.ubuntu.com /usr/bin/cmake --build /home/pepijn/Desktop/git/DUM-E_ROSCode/ros2_ws/build/arduino_interfaces -- -j12 -l12
[0.322s] DEBUG:colcon.colcon_core.event_handler.log_command:Invoking command in '/home/pepijn/Desktop/git/DUM-E_ROSCode/ros2_ws/build/tutorial_interfaces': CMAKE_PREFIX_PATH=${CMAKE_PREFIX_PATH}:/opt/ros/jazzy DEBUGINFOD_URLS=https://debuginfod.ubuntu.com /usr/bin/cmake --build /home/pepijn/Desktop/git/DUM-E_ROSCode/ros2_ws/build/tutorial_interfaces -- -j12 -l12
[0.564s] INFO:colcon.colcon_core.task.python.build:Building Python package in '/home/pepijn/Desktop/git/DUM-E_ROSCode/ros2_ws/src/my_package'
[0.564s] INFO:colcon.colcon_core.shell:Skip shell extension 'powershell' for command environment: Not usable outside of PowerShell
[0.564s] DEBUG:colcon.colcon_core.shell:Skip shell extension 'dsv' for command environment
[0.804s] DEBUG:colcon.colcon_core.event_handler.log_command:Invoked command in '/home/pepijn/Desktop/git/DUM-E_ROSCode/ros2_ws/build/arduino_interfaces' returned '0': CMAKE_PREFIX_PATH=${CMAKE_PREFIX_PATH}:/opt/ros/jazzy DEBUGINFOD_URLS=https://debuginfod.ubuntu.com /usr/bin/cmake --build /home/pepijn/Desktop/git/DUM-E_ROSCode/ros2_ws/build/arduino_interfaces -- -j12 -l12
[0.815s] DEBUG:colcon.colcon_core.event_handler.log_command:Invoking command in '/home/pepijn/Desktop/git/DUM-E_ROSCode/ros2_ws/build/arduino_interfaces': CMAKE_PREFIX_PATH=${CMAKE_PREFIX_PATH}:/opt/ros/jazzy DEBUGINFOD_URLS=https://debuginfod.ubuntu.com /usr/bin/cmake --install /home/pepijn/Desktop/git/DUM-E_ROSCode/ros2_ws/build/arduino_interfaces
[0.816s] DEBUG:colcon.colcon_core.event_handler.log_command:Invoked command in '/home/pepijn/Desktop/git/DUM-E_ROSCode/ros2_ws/build/tutorial_interfaces' returned '0': CMAKE_PREFIX_PATH=${CMAKE_PREFIX_PATH}:/opt/ros/jazzy DEBUGINFOD_URLS=https://debuginfod.ubuntu.com /usr/bin/cmake --build /home/pepijn/Desktop/git/DUM-E_ROSCode/ros2_ws/build/tutorial_interfaces -- -j12 -l12
[0.817s] DEBUG:colcon.colcon_core.event_handler.log_command:Invoking command in '/home/pepijn/Desktop/git/DUM-E_ROSCode/ros2_ws/build/tutorial_interfaces': CMAKE_PREFIX_PATH=${CMAKE_PREFIX_PATH}:/opt/ros/jazzy DEBUGINFOD_URLS=https://debuginfod.ubuntu.com /usr/bin/cmake --install /home/pepijn/Desktop/git/DUM-E_ROSCode/ros2_ws/build/tutorial_interfaces
[0.884s] Level 1:colcon.colcon_core.environment:create_environment_scripts_only(arduino_interfaces)
[0.885s] DEBUG:colcon.colcon_core.event_handler.log_command:Invoked command in '/home/pepijn/Desktop/git/DUM-E_ROSCode/ros2_ws/build/arduino_interfaces' returned '0': CMAKE_PREFIX_PATH=${CMAKE_PREFIX_PATH}:/opt/ros/jazzy DEBUGINFOD_URLS=https://debuginfod.ubuntu.com /usr/bin/cmake --install /home/pepijn/Desktop/git/DUM-E_ROSCode/ros2_ws/build/arduino_interfaces
[0.889s] Level 1:colcon.colcon_core.environment:checking '/home/pepijn/Desktop/git/DUM-E_ROSCode/ros2_ws/install/arduino_interfaces' for CMake module files
[0.890s] Level 1:colcon.colcon_core.environment:checking '/home/pepijn/Desktop/git/DUM-E_ROSCode/ros2_ws/install/arduino_interfaces' for CMake config files
[0.890s] Level 1:colcon.colcon_core.shell:create_environment_hook('arduino_interfaces', 'cmake_prefix_path')
[0.890s] INFO:colcon.colcon_core.shell:Creating environment hook '/home/pepijn/Desktop/git/DUM-E_ROSCode/ros2_ws/install/arduino_interfaces/share/arduino_interfaces/hook/cmake_prefix_path.ps1'
[0.891s] INFO:colcon.colcon_core.shell:Creating environment descriptor '/home/pepijn/Desktop/git/DUM-E_ROSCode/ros2_ws/install/arduino_interfaces/share/arduino_interfaces/hook/cmake_prefix_path.dsv'
[0.891s] INFO:colcon.colcon_core.shell:Creating environment hook '/home/pepijn/Desktop/git/DUM-E_ROSCode/ros2_ws/install/arduino_interfaces/share/arduino_interfaces/hook/cmake_prefix_path.sh'
[0.891s] Level 1:colcon.colcon_core.environment:checking '/home/pepijn/Desktop/git/DUM-E_ROSCode/ros2_ws/install/arduino_interfaces/lib'
[0.892s] Level 1:colcon.colcon_core.shell:create_environment_hook('arduino_interfaces', 'ld_library_path_lib')
[0.892s] INFO:colcon.colcon_core.shell:Creating environment hook '/home/pepijn/Desktop/git/DUM-E_ROSCode/ros2_ws/install/arduino_interfaces/share/arduino_interfaces/hook/ld_library_path_lib.ps1'
[0.892s] INFO:colcon.colcon_core.shell:Creating environment descriptor '/home/pepijn/Desktop/git/DUM-E_ROSCode/ros2_ws/install/arduino_interfaces/share/arduino_interfaces/hook/ld_library_path_lib.dsv'
[0.892s] INFO:colcon.colcon_core.shell:Creating environment hook '/home/pepijn/Desktop/git/DUM-E_ROSCode/ros2_ws/install/arduino_interfaces/share/arduino_interfaces/hook/ld_library_path_lib.sh'
[0.893s] Level 1:colcon.colcon_core.environment:checking '/home/pepijn/Desktop/git/DUM-E_ROSCode/ros2_ws/install/arduino_interfaces/bin'
[0.893s] Level 1:colcon.colcon_core.environment:checking '/home/pepijn/Desktop/git/DUM-E_ROSCode/ros2_ws/install/arduino_interfaces/lib/pkgconfig/arduino_interfaces.pc'
[0.893s] Level 1:colcon.colcon_core.environment:checking '/home/pepijn/Desktop/git/DUM-E_ROSCode/ros2_ws/install/arduino_interfaces/lib/python3.12/site-packages'
[0.893s] Level 1:colcon.colcon_core.shell:create_environment_hook('arduino_interfaces', 'pythonpath')
[0.893s] INFO:colcon.colcon_core.shell:Creating environment hook '/home/pepijn/Desktop/git/DUM-E_ROSCode/ros2_ws/install/arduino_interfaces/share/arduino_interfaces/hook/pythonpath.ps1'
[0.893s] INFO:colcon.colcon_core.shell:Creating environment descriptor '/home/pepijn/Desktop/git/DUM-E_ROSCode/ros2_ws/install/arduino_interfaces/share/arduino_interfaces/hook/pythonpath.dsv'
[0.894s] INFO:colcon.colcon_core.shell:Creating environment hook '/home/pepijn/Desktop/git/DUM-E_ROSCode/ros2_ws/install/arduino_interfaces/share/arduino_interfaces/hook/pythonpath.sh'
[0.894s] Level 1:colcon.colcon_core.environment:checking '/home/pepijn/Desktop/git/DUM-E_ROSCode/ros2_ws/install/arduino_interfaces/bin'
[0.894s] INFO:colcon.colcon_core.shell:Creating package script '/home/pepijn/Desktop/git/DUM-E_ROSCode/ros2_ws/install/arduino_interfaces/share/arduino_interfaces/package.ps1'
[0.895s] INFO:colcon.colcon_core.shell:Creating package descriptor '/home/pepijn/Desktop/git/DUM-E_ROSCode/ros2_ws/install/arduino_interfaces/share/arduino_interfaces/package.dsv'
[0.896s] INFO:colcon.colcon_core.shell:Creating package script '/home/pepijn/Desktop/git/DUM-E_ROSCode/ros2_ws/install/arduino_interfaces/share/arduino_interfaces/package.sh'
[0.896s] INFO:colcon.colcon_core.shell:Creating package script '/home/pepijn/Desktop/git/DUM-E_ROSCode/ros2_ws/install/arduino_interfaces/share/arduino_interfaces/package.bash'
[0.897s] INFO:colcon.colcon_core.shell:Creating package script '/home/pepijn/Desktop/git/DUM-E_ROSCode/ros2_ws/install/arduino_interfaces/share/arduino_interfaces/package.zsh'
[0.898s] Level 1:colcon.colcon_core.environment:create_file_with_runtime_dependencies(/home/pepijn/Desktop/git/DUM-E_ROSCode/ros2_ws/install/arduino_interfaces/share/colcon-core/packages/arduino_interfaces)
[0.898s] Level 1:colcon.colcon_core.environment:create_environment_scripts_only(arduino_interfaces)
[0.898s] Level 1:colcon.colcon_core.environment:checking '/home/pepijn/Desktop/git/DUM-E_ROSCode/ros2_ws/install/arduino_interfaces' for CMake module files
[0.899s] Level 1:colcon.colcon_core.environment:checking '/home/pepijn/Desktop/git/DUM-E_ROSCode/ros2_ws/install/arduino_interfaces' for CMake config files
[0.899s] Level 1:colcon.colcon_core.shell:create_environment_hook('arduino_interfaces', 'cmake_prefix_path')
[0.899s] INFO:colcon.colcon_core.shell:Creating environment hook '/home/pepijn/Desktop/git/DUM-E_ROSCode/ros2_ws/install/arduino_interfaces/share/arduino_interfaces/hook/cmake_prefix_path.ps1'
[0.900s] INFO:colcon.colcon_core.shell:Creating environment descriptor '/home/pepijn/Desktop/git/DUM-E_ROSCode/ros2_ws/install/arduino_interfaces/share/arduino_interfaces/hook/cmake_prefix_path.dsv'
[0.900s] INFO:colcon.colcon_core.shell:Creating environment hook '/home/pepijn/Desktop/git/DUM-E_ROSCode/ros2_ws/install/arduino_interfaces/share/arduino_interfaces/hook/cmake_prefix_path.sh'
[0.900s] Level 1:colcon.colcon_core.environment:checking '/home/pepijn/Desktop/git/DUM-E_ROSCode/ros2_ws/install/arduino_interfaces/lib'
[0.900s] Level 1:colcon.colcon_core.shell:create_environment_hook('arduino_interfaces', 'ld_library_path_lib')
[0.900s] INFO:colcon.colcon_core.shell:Creating environment hook '/home/pepijn/Desktop/git/DUM-E_ROSCode/ros2_ws/install/arduino_interfaces/share/arduino_interfaces/hook/ld_library_path_lib.ps1'
[0.901s] INFO:colcon.colcon_core.shell:Creating environment descriptor '/home/pepijn/Desktop/git/DUM-E_ROSCode/ros2_ws/install/arduino_interfaces/share/arduino_interfaces/hook/ld_library_path_lib.dsv'
[0.901s] INFO:colcon.colcon_core.shell:Creating environment hook '/home/pepijn/Desktop/git/DUM-E_ROSCode/ros2_ws/install/arduino_interfaces/share/arduino_interfaces/hook/ld_library_path_lib.sh'
[0.902s] Level 1:colcon.colcon_core.environment:checking '/home/pepijn/Desktop/git/DUM-E_ROSCode/ros2_ws/install/arduino_interfaces/bin'
[0.902s] Level 1:colcon.colcon_core.environment:checking '/home/pepijn/Desktop/git/DUM-E_ROSCode/ros2_ws/install/arduino_interfaces/lib/pkgconfig/arduino_interfaces.pc'
[0.902s] Level 1:colcon.colcon_core.environment:checking '/home/pepijn/Desktop/git/DUM-E_ROSCode/ros2_ws/install/arduino_interfaces/lib/python3.12/site-packages'
[0.902s] Level 1:colcon.colcon_core.shell:create_environment_hook('arduino_interfaces', 'pythonpath')
[0.902s] INFO:colcon.colcon_core.shell:Creating environment hook '/home/pepijn/Desktop/git/DUM-E_ROSCode/ros2_ws/install/arduino_interfaces/share/arduino_interfaces/hook/pythonpath.ps1'
[0.902s] INFO:colcon.colcon_core.shell:Creating environment descriptor '/home/pepijn/Desktop/git/DUM-E_ROSCode/ros2_ws/install/arduino_interfaces/share/arduino_interfaces/hook/pythonpath.dsv'
[0.903s] INFO:colcon.colcon_core.shell:Creating environment hook '/home/pepijn/Desktop/git/DUM-E_ROSCode/ros2_ws/install/arduino_interfaces/share/arduino_interfaces/hook/pythonpath.sh'
[0.903s] Level 1:colcon.colcon_core.environment:checking '/home/pepijn/Desktop/git/DUM-E_ROSCode/ros2_ws/install/arduino_interfaces/bin'
[0.903s] INFO:colcon.colcon_core.shell:Creating package script '/home/pepijn/Desktop/git/DUM-E_ROSCode/ros2_ws/install/arduino_interfaces/share/arduino_interfaces/package.ps1'
[0.904s] INFO:colcon.colcon_core.shell:Creating package descriptor '/home/pepijn/Desktop/git/DUM-E_ROSCode/ros2_ws/install/arduino_interfaces/share/arduino_interfaces/package.dsv'
[0.904s] INFO:colcon.colcon_core.shell:Creating package script '/home/pepijn/Desktop/git/DUM-E_ROSCode/ros2_ws/install/arduino_interfaces/share/arduino_interfaces/package.sh'
[0.905s] INFO:colcon.colcon_core.shell:Creating package script '/home/pepijn/Desktop/git/DUM-E_ROSCode/ros2_ws/install/arduino_interfaces/share/arduino_interfaces/package.bash'
[0.905s] INFO:colcon.colcon_core.shell:Creating package script '/home/pepijn/Desktop/git/DUM-E_ROSCode/ros2_ws/install/arduino_interfaces/share/arduino_interfaces/package.zsh'
[0.905s] Level 1:colcon.colcon_core.environment:create_file_with_runtime_dependencies(/home/pepijn/Desktop/git/DUM-E_ROSCode/ros2_ws/install/arduino_interfaces/share/colcon-core/packages/arduino_interfaces)
[0.906s] Level 1:colcon.colcon_core.environment:create_environment_scripts_only(tutorial_interfaces)
[0.906s] Level 1:colcon.colcon_core.environment:checking '/home/pepijn/Desktop/git/DUM-E_ROSCode/ros2_ws/install/tutorial_interfaces' for CMake module files
[0.907s] DEBUG:colcon.colcon_core.event_handler.log_command:Invoked command in '/home/pepijn/Desktop/git/DUM-E_ROSCode/ros2_ws/build/tutorial_interfaces' returned '0': CMAKE_PREFIX_PATH=${CMAKE_PREFIX_PATH}:/opt/ros/jazzy DEBUGINFOD_URLS=https://debuginfod.ubuntu.com /usr/bin/cmake --install /home/pepijn/Desktop/git/DUM-E_ROSCode/ros2_ws/build/tutorial_interfaces
[0.907s] Level 1:colcon.colcon_core.environment:checking '/home/pepijn/Desktop/git/DUM-E_ROSCode/ros2_ws/install/tutorial_interfaces' for CMake config files
[0.907s] Level 1:colcon.colcon_core.shell:create_environment_hook('tutorial_interfaces', 'cmake_prefix_path')
[0.908s] INFO:colcon.colcon_core.shell:Creating environment hook '/home/pepijn/Desktop/git/DUM-E_ROSCode/ros2_ws/install/tutorial_interfaces/share/tutorial_interfaces/hook/cmake_prefix_path.ps1'
[0.908s] INFO:colcon.colcon_core.shell:Creating environment descriptor '/home/pepijn/Desktop/git/DUM-E_ROSCode/ros2_ws/install/tutorial_interfaces/share/tutorial_interfaces/hook/cmake_prefix_path.dsv'
[0.908s] INFO:colcon.colcon_core.shell:Creating environment hook '/home/pepijn/Desktop/git/DUM-E_ROSCode/ros2_ws/install/tutorial_interfaces/share/tutorial_interfaces/hook/cmake_prefix_path.sh'
[0.909s] Level 1:colcon.colcon_core.environment:checking '/home/pepijn/Desktop/git/DUM-E_ROSCode/ros2_ws/install/tutorial_interfaces/lib'
[0.909s] Level 1:colcon.colcon_core.shell:create_environment_hook('tutorial_interfaces', 'ld_library_path_lib')
[0.909s] INFO:colcon.colcon_core.shell:Creating environment hook '/home/pepijn/Desktop/git/DUM-E_ROSCode/ros2_ws/install/tutorial_interfaces/share/tutorial_interfaces/hook/ld_library_path_lib.ps1'
[0.909s] INFO:colcon.colcon_core.shell:Creating environment descriptor '/home/pepijn/Desktop/git/DUM-E_ROSCode/ros2_ws/install/tutorial_interfaces/share/tutorial_interfaces/hook/ld_library_path_lib.dsv'
[0.909s] INFO:colcon.colcon_core.shell:Creating environment hook '/home/pepijn/Desktop/git/DUM-E_ROSCode/ros2_ws/install/tutorial_interfaces/share/tutorial_interfaces/hook/ld_library_path_lib.sh'
[0.910s] Level 1:colcon.colcon_core.environment:checking '/home/pepijn/Desktop/git/DUM-E_ROSCode/ros2_ws/install/tutorial_interfaces/bin'
[0.910s] Level 1:colcon.colcon_core.environment:checking '/home/pepijn/Desktop/git/DUM-E_ROSCode/ros2_ws/install/tutorial_interfaces/lib/pkgconfig/tutorial_interfaces.pc'
[0.910s] Level 1:colcon.colcon_core.environment:checking '/home/pepijn/Desktop/git/DUM-E_ROSCode/ros2_ws/install/tutorial_interfaces/lib/python3.12/site-packages'
[0.910s] Level 1:colcon.colcon_core.shell:create_environment_hook('tutorial_interfaces', 'pythonpath')
[0.910s] INFO:colcon.colcon_core.shell:Creating environment hook '/home/pepijn/Desktop/git/DUM-E_ROSCode/ros2_ws/install/tutorial_interfaces/share/tutorial_interfaces/hook/pythonpath.ps1'
[0.910s] INFO:colcon.colcon_core.shell:Creating environment descriptor '/home/pepijn/Desktop/git/DUM-E_ROSCode/ros2_ws/install/tutorial_interfaces/share/tutorial_interfaces/hook/pythonpath.dsv'
[0.910s] INFO:colcon.colcon_core.shell:Creating environment hook '/home/pepijn/Desktop/git/DUM-E_ROSCode/ros2_ws/install/tutorial_interfaces/share/tutorial_interfaces/hook/pythonpath.sh'
[0.911s] Level 1:colcon.colcon_core.environment:checking '/home/pepijn/Desktop/git/DUM-E_ROSCode/ros2_ws/install/tutorial_interfaces/bin'
[0.911s] INFO:colcon.colcon_core.shell:Creating package script '/home/pepijn/Desktop/git/DUM-E_ROSCode/ros2_ws/install/tutorial_interfaces/share/tutorial_interfaces/package.ps1'
[0.911s] INFO:colcon.colcon_core.shell:Creating package descriptor '/home/pepijn/Desktop/git/DUM-E_ROSCode/ros2_ws/install/tutorial_interfaces/share/tutorial_interfaces/package.dsv'
[0.912s] INFO:colcon.colcon_core.shell:Creating package script '/home/pepijn/Desktop/git/DUM-E_ROSCode/ros2_ws/install/tutorial_interfaces/share/tutorial_interfaces/package.sh'
[0.912s] INFO:colcon.colcon_core.shell:Creating package script '/home/pepijn/Desktop/git/DUM-E_ROSCode/ros2_ws/install/tutorial_interfaces/share/tutorial_interfaces/package.bash'
[0.912s] INFO:colcon.colcon_core.shell:Creating package script '/home/pepijn/Desktop/git/DUM-E_ROSCode/ros2_ws/install/tutorial_interfaces/share/tutorial_interfaces/package.zsh'
[0.913s] Level 1:colcon.colcon_core.environment:create_file_with_runtime_dependencies(/home/pepijn/Desktop/git/DUM-E_ROSCode/ros2_ws/install/tutorial_interfaces/share/colcon-core/packages/tutorial_interfaces)
[0.913s] Level 1:colcon.colcon_core.environment:create_environment_scripts_only(tutorial_interfaces)
[0.913s] Level 1:colcon.colcon_core.environment:checking '/home/pepijn/Desktop/git/DUM-E_ROSCode/ros2_ws/install/tutorial_interfaces' for CMake module files
[0.914s] Level 1:colcon.colcon_core.environment:checking '/home/pepijn/Desktop/git/DUM-E_ROSCode/ros2_ws/install/tutorial_interfaces' for CMake config files
[0.914s] Level 1:colcon.colcon_core.shell:create_environment_hook('tutorial_interfaces', 'cmake_prefix_path')
[0.914s] INFO:colcon.colcon_core.shell:Creating environment hook '/home/pepijn/Desktop/git/DUM-E_ROSCode/ros2_ws/install/tutorial_interfaces/share/tutorial_interfaces/hook/cmake_prefix_path.ps1'
[0.914s] INFO:colcon.colcon_core.shell:Creating environment descriptor '/home/pepijn/Desktop/git/DUM-E_ROSCode/ros2_ws/install/tutorial_interfaces/share/tutorial_interfaces/hook/cmake_prefix_path.dsv'
[0.915s] INFO:colcon.colcon_core.shell:Creating environment hook '/home/pepijn/Desktop/git/DUM-E_ROSCode/ros2_ws/install/tutorial_interfaces/share/tutorial_interfaces/hook/cmake_prefix_path.sh'
[0.915s] Level 1:colcon.colcon_core.environment:checking '/home/pepijn/Desktop/git/DUM-E_ROSCode/ros2_ws/install/tutorial_interfaces/lib'
[0.915s] Level 1:colcon.colcon_core.shell:create_environment_hook('tutorial_interfaces', 'ld_library_path_lib')
[0.915s] INFO:colcon.colcon_core.shell:Creating environment hook '/home/pepijn/Desktop/git/DUM-E_ROSCode/ros2_ws/install/tutorial_interfaces/share/tutorial_interfaces/hook/ld_library_path_lib.ps1'
[0.915s] INFO:colcon.colcon_core.shell:Creating environment descriptor '/home/pepijn/Desktop/git/DUM-E_ROSCode/ros2_ws/install/tutorial_interfaces/share/tutorial_interfaces/hook/ld_library_path_lib.dsv'
[0.916s] INFO:colcon.colcon_core.shell:Creating environment hook '/home/pepijn/Desktop/git/DUM-E_ROSCode/ros2_ws/install/tutorial_interfaces/share/tutorial_interfaces/hook/ld_library_path_lib.sh'
[0.916s] Level 1:colcon.colcon_core.environment:checking '/home/pepijn/Desktop/git/DUM-E_ROSCode/ros2_ws/install/tutorial_interfaces/bin'
[0.916s] Level 1:colcon.colcon_core.environment:checking '/home/pepijn/Desktop/git/DUM-E_ROSCode/ros2_ws/install/tutorial_interfaces/lib/pkgconfig/tutorial_interfaces.pc'
[0.916s] Level 1:colcon.colcon_core.environment:checking '/home/pepijn/Desktop/git/DUM-E_ROSCode/ros2_ws/install/tutorial_interfaces/lib/python3.12/site-packages'
[0.916s] Level 1:colcon.colcon_core.shell:create_environment_hook('tutorial_interfaces', 'pythonpath')
[0.916s] INFO:colcon.colcon_core.shell:Creating environment hook '/home/pepijn/Desktop/git/DUM-E_ROSCode/ros2_ws/install/tutorial_interfaces/share/tutorial_interfaces/hook/pythonpath.ps1'
[0.917s] INFO:colcon.colcon_core.shell:Creating environment descriptor '/home/pepijn/Desktop/git/DUM-E_ROSCode/ros2_ws/install/tutorial_interfaces/share/tutorial_interfaces/hook/pythonpath.dsv'
[0.917s] INFO:colcon.colcon_core.shell:Creating environment hook '/home/pepijn/Desktop/git/DUM-E_ROSCode/ros2_ws/install/tutorial_interfaces/share/tutorial_interfaces/hook/pythonpath.sh'
[0.917s] Level 1:colcon.colcon_core.environment:checking '/home/pepijn/Desktop/git/DUM-E_ROSCode/ros2_ws/install/tutorial_interfaces/bin'
[0.918s] INFO:colcon.colcon_core.shell:Creating package script '/home/pepijn/Desktop/git/DUM-E_ROSCode/ros2_ws/install/tutorial_interfaces/share/tutorial_interfaces/package.ps1'
[0.918s] INFO:colcon.colcon_core.shell:Creating package descriptor '/home/pepijn/Desktop/git/DUM-E_ROSCode/ros2_ws/install/tutorial_interfaces/share/tutorial_interfaces/package.dsv'
[0.918s] INFO:colcon.colcon_core.shell:Creating package script '/home/pepijn/Desktop/git/DUM-E_ROSCode/ros2_ws/install/tutorial_interfaces/share/tutorial_interfaces/package.sh'
[0.919s] INFO:colcon.colcon_core.shell:Creating package script '/home/pepijn/Desktop/git/DUM-E_ROSCode/ros2_ws/install/tutorial_interfaces/share/tutorial_interfaces/package.bash'
[0.919s] INFO:colcon.colcon_core.shell:Creating package script '/home/pepijn/Desktop/git/DUM-E_ROSCode/ros2_ws/install/tutorial_interfaces/share/tutorial_interfaces/package.zsh'
[0.919s] Level 1:colcon.colcon_core.environment:create_file_with_runtime_dependencies(/home/pepijn/Desktop/git/DUM-E_ROSCode/ros2_ws/install/tutorial_interfaces/share/colcon-core/packages/tutorial_interfaces)
[0.919s] INFO:colcon.colcon_ros.task.ament_python.build:Building ROS package in '/home/pepijn/Desktop/git/DUM-E_ROSCode/ros2_ws/src/py_srvcli' with build type 'ament_python'
[0.920s] Level 1:colcon.colcon_core.shell:create_environment_hook('py_srvcli', 'ament_prefix_path')
[0.920s] INFO:colcon.colcon_core.shell:Creating environment hook '/home/pepijn/Desktop/git/DUM-E_ROSCode/ros2_ws/install/py_srvcli/share/py_srvcli/hook/ament_prefix_path.ps1'
[0.920s] INFO:colcon.colcon_core.shell:Creating environment descriptor '/home/pepijn/Desktop/git/DUM-E_ROSCode/ros2_ws/install/py_srvcli/share/py_srvcli/hook/ament_prefix_path.dsv'
[0.921s] INFO:colcon.colcon_core.shell:Creating environment hook '/home/pepijn/Desktop/git/DUM-E_ROSCode/ros2_ws/install/py_srvcli/share/py_srvcli/hook/ament_prefix_path.sh'
[0.921s] INFO:colcon.colcon_core.shell:Skip shell extension 'powershell' for command environment: Not usable outside of PowerShell
[0.921s] DEBUG:colcon.colcon_core.shell:Skip shell extension 'dsv' for command environment
[1.139s] INFO:colcon.colcon_core.task.python.build:Building Python package in '/home/pepijn/Desktop/git/DUM-E_ROSCode/ros2_ws/src/py_srvcli'
[1.140s] INFO:colcon.colcon_core.shell:Skip shell extension 'powershell' for command environment: Not usable outside of PowerShell
[1.140s] DEBUG:colcon.colcon_core.shell:Skip shell extension 'dsv' for command environment
[1.334s] DEBUG:colcon.colcon_core.event_handler.log_command:Invoking command in '/home/pepijn/Desktop/git/DUM-E_ROSCode/ros2_ws/src/my_package': DEBUGINFOD_URLS=https://debuginfod.ubuntu.com PYTHONPATH=/home/pepijn/Desktop/git/DUM-E_ROSCode/ros2_ws/build/my_package/prefix_override:/usr/lib/python3/dist-packages/colcon_core/task/python/colcon_distutils_commands:/home/pepijn/Desktop/git/DUM-E_ROSCode/ros2_ws/install/my_package/lib/python3.12/site-packages:${PYTHONPATH} /usr/bin/python3 -W ignore:setup.py install is deprecated -W ignore:easy_install command is deprecated setup.py egg_info --egg-base ../../build/my_package build --build-base /home/pepijn/Desktop/git/DUM-E_ROSCode/ros2_ws/build/my_package/build install --record /home/pepijn/Desktop/git/DUM-E_ROSCode/ros2_ws/build/my_package/install.log --single-version-externally-managed install_data
[1.763s] DEBUG:colcon.colcon_core.event_handler.log_command:Invoking command in '/home/pepijn/Desktop/git/DUM-E_ROSCode/ros2_ws/src/py_srvcli': AMENT_PREFIX_PATH=/home/pepijn/ros2_ws/install/tutorial_interfaces:/home/pepijn/ros2_ws/install/arduino_interfaces:${AMENT_PREFIX_PATH} CMAKE_PREFIX_PATH=/home/pepijn/Desktop/git/DUM-E_ROSCode/ros2_ws/install/tutorial_interfaces:/home/pepijn/Desktop/git/DUM-E_ROSCode/ros2_ws/install/arduino_interfaces:${CMAKE_PREFIX_PATH} DEBUGINFOD_URLS=https://debuginfod.ubuntu.com LD_LIBRARY_PATH=/home/pepijn/ros2_ws/install/tutorial_interfaces/lib:/home/pepijn/Desktop/git/DUM-E_ROSCode/ros2_ws/install/tutorial_interfaces/lib:/home/pepijn/ros2_ws/install/arduino_interfaces/lib:/home/pepijn/Desktop/git/DUM-E_ROSCode/ros2_ws/install/arduino_interfaces/lib:${LD_LIBRARY_PATH} PYTHONPATH=/home/pepijn/Desktop/git/DUM-E_ROSCode/ros2_ws/build/py_srvcli/prefix_override:/usr/lib/python3/dist-packages/colcon_core/task/python/colcon_distutils_commands:/home/pepijn/Desktop/git/DUM-E_ROSCode/ros2_ws/install/py_srvcli/lib/python3.12/site-packages:/home/pepijn/ros2_ws/install/tutorial_interfaces/lib/python3.12/site-packages:/home/pepijn/Desktop/git/DUM-E_ROSCode/ros2_ws/install/tutorial_interfaces/lib/python3.12/site-packages:/home/pepijn/ros2_ws/install/arduino_interfaces/lib/python3.12/site-packages:/home/pepijn/Desktop/git/DUM-E_ROSCode/ros2_ws/install/arduino_interfaces/lib/python3.12/site-packages:${PYTHONPATH} /usr/bin/python3 -W ignore:setup.py install is deprecated -W ignore:easy_install command is deprecated setup.py egg_info --egg-base ../../build/py_srvcli build --build-base /home/pepijn/Desktop/git/DUM-E_ROSCode/ros2_ws/build/py_srvcli/build install --record /home/pepijn/Desktop/git/DUM-E_ROSCode/ros2_ws/build/py_srvcli/install.log --single-version-externally-managed install_data
[1.930s] Level 1:colcon.colcon_core.environment:checking '/home/pepijn/Desktop/git/DUM-E_ROSCode/ros2_ws/install/my_package' for CMake module files
[1.931s] DEBUG:colcon.colcon_core.event_handler.log_command:Invoked command in '/home/pepijn/Desktop/git/DUM-E_ROSCode/ros2_ws/src/my_package' returned '0': DEBUGINFOD_URLS=https://debuginfod.ubuntu.com PYTHONPATH=/home/pepijn/Desktop/git/DUM-E_ROSCode/ros2_ws/build/my_package/prefix_override:/usr/lib/python3/dist-packages/colcon_core/task/python/colcon_distutils_commands:/home/pepijn/Desktop/git/DUM-E_ROSCode/ros2_ws/install/my_package/lib/python3.12/site-packages:${PYTHONPATH} /usr/bin/python3 -W ignore:setup.py install is deprecated -W ignore:easy_install command is deprecated setup.py egg_info --egg-base ../../build/my_package build --build-base /home/pepijn/Desktop/git/DUM-E_ROSCode/ros2_ws/build/my_package/build install --record /home/pepijn/Desktop/git/DUM-E_ROSCode/ros2_ws/build/my_package/install.log --single-version-externally-managed install_data
[1.931s] Level 1:colcon.colcon_core.environment:checking '/home/pepijn/Desktop/git/DUM-E_ROSCode/ros2_ws/install/my_package' for CMake config files
[1.931s] Level 1:colcon.colcon_core.environment:checking '/home/pepijn/Desktop/git/DUM-E_ROSCode/ros2_ws/install/my_package/lib'
[1.931s] Level 1:colcon.colcon_core.environment:checking '/home/pepijn/Desktop/git/DUM-E_ROSCode/ros2_ws/install/my_package/bin'
[1.932s] Level 1:colcon.colcon_core.environment:checking '/home/pepijn/Desktop/git/DUM-E_ROSCode/ros2_ws/install/my_package/lib/pkgconfig/my_package.pc'
[1.932s] Level 1:colcon.colcon_core.environment:checking '/home/pepijn/Desktop/git/DUM-E_ROSCode/ros2_ws/install/my_package/lib/python3.12/site-packages'
[1.932s] Level 1:colcon.colcon_core.shell:create_environment_hook('my_package', 'pythonpath')
[1.932s] INFO:colcon.colcon_core.shell:Creating environment hook '/home/pepijn/Desktop/git/DUM-E_ROSCode/ros2_ws/install/my_package/share/my_package/hook/pythonpath.ps1'
[1.932s] INFO:colcon.colcon_core.shell:Creating environment descriptor '/home/pepijn/Desktop/git/DUM-E_ROSCode/ros2_ws/install/my_package/share/my_package/hook/pythonpath.dsv'
[1.933s] INFO:colcon.colcon_core.shell:Creating environment hook '/home/pepijn/Desktop/git/DUM-E_ROSCode/ros2_ws/install/my_package/share/my_package/hook/pythonpath.sh'
[1.933s] Level 1:colcon.colcon_core.environment:checking '/home/pepijn/Desktop/git/DUM-E_ROSCode/ros2_ws/install/my_package/bin'
[1.933s] Level 1:colcon.colcon_core.environment:create_environment_scripts_only(my_package)
[1.934s] INFO:colcon.colcon_core.shell:Creating package script '/home/pepijn/Desktop/git/DUM-E_ROSCode/ros2_ws/install/my_package/share/my_package/package.ps1'
[1.934s] INFO:colcon.colcon_core.shell:Creating package descriptor '/home/pepijn/Desktop/git/DUM-E_ROSCode/ros2_ws/install/my_package/share/my_package/package.dsv'
[1.934s] INFO:colcon.colcon_core.shell:Creating package script '/home/pepijn/Desktop/git/DUM-E_ROSCode/ros2_ws/install/my_package/share/my_package/package.sh'
[1.935s] INFO:colcon.colcon_core.shell:Creating package script '/home/pepijn/Desktop/git/DUM-E_ROSCode/ros2_ws/install/my_package/share/my_package/package.bash'
[1.935s] INFO:colcon.colcon_core.shell:Creating package script '/home/pepijn/Desktop/git/DUM-E_ROSCode/ros2_ws/install/my_package/share/my_package/package.zsh'
[1.935s] Level 1:colcon.colcon_core.environment:create_file_with_runtime_dependencies(/home/pepijn/Desktop/git/DUM-E_ROSCode/ros2_ws/install/my_package/share/colcon-core/packages/my_package)
[2.355s] Level 1:colcon.colcon_core.environment:checking '/home/pepijn/Desktop/git/DUM-E_ROSCode/ros2_ws/install/py_srvcli' for CMake module files
[2.356s] DEBUG:colcon.colcon_core.event_handler.log_command:Invoked command in '/home/pepijn/Desktop/git/DUM-E_ROSCode/ros2_ws/src/py_srvcli' returned '0': AMENT_PREFIX_PATH=/home/pepijn/ros2_ws/install/tutorial_interfaces:/home/pepijn/ros2_ws/install/arduino_interfaces:${AMENT_PREFIX_PATH} CMAKE_PREFIX_PATH=/home/pepijn/Desktop/git/DUM-E_ROSCode/ros2_ws/install/tutorial_interfaces:/home/pepijn/Desktop/git/DUM-E_ROSCode/ros2_ws/install/arduino_interfaces:${CMAKE_PREFIX_PATH} DEBUGINFOD_URLS=https://debuginfod.ubuntu.com LD_LIBRARY_PATH=/home/pepijn/ros2_ws/install/tutorial_interfaces/lib:/home/pepijn/Desktop/git/DUM-E_ROSCode/ros2_ws/install/tutorial_interfaces/lib:/home/pepijn/ros2_ws/install/arduino_interfaces/lib:/home/pepijn/Desktop/git/DUM-E_ROSCode/ros2_ws/install/arduino_interfaces/lib:${LD_LIBRARY_PATH} PYTHONPATH=/home/pepijn/Desktop/git/DUM-E_ROSCode/ros2_ws/build/py_srvcli/prefix_override:/usr/lib/python3/dist-packages/colcon_core/task/python/colcon_distutils_commands:/home/pepijn/Desktop/git/DUM-E_ROSCode/ros2_ws/install/py_srvcli/lib/python3.12/site-packages:/home/pepijn/ros2_ws/install/tutorial_interfaces/lib/python3.12/site-packages:/home/pepijn/Desktop/git/DUM-E_ROSCode/ros2_ws/install/tutorial_interfaces/lib/python3.12/site-packages:/home/pepijn/ros2_ws/install/arduino_interfaces/lib/python3.12/site-packages:/home/pepijn/Desktop/git/DUM-E_ROSCode/ros2_ws/install/arduino_interfaces/lib/python3.12/site-packages:${PYTHONPATH} /usr/bin/python3 -W ignore:setup.py install is deprecated -W ignore:easy_install command is deprecated setup.py egg_info --egg-base ../../build/py_srvcli build --build-base /home/pepijn/Desktop/git/DUM-E_ROSCode/ros2_ws/build/py_srvcli/build install --record /home/pepijn/Desktop/git/DUM-E_ROSCode/ros2_ws/build/py_srvcli/install.log --single-version-externally-managed install_data
[2.356s] Level 1:colcon.colcon_core.environment:checking '/home/pepijn/Desktop/git/DUM-E_ROSCode/ros2_ws/install/py_srvcli' for CMake config files
[2.357s] Level 1:colcon.colcon_core.environment:checking '/home/pepijn/Desktop/git/DUM-E_ROSCode/ros2_ws/install/py_srvcli/lib'
[2.357s] Level 1:colcon.colcon_core.environment:checking '/home/pepijn/Desktop/git/DUM-E_ROSCode/ros2_ws/install/py_srvcli/bin'
[2.357s] Level 1:colcon.colcon_core.environment:checking '/home/pepijn/Desktop/git/DUM-E_ROSCode/ros2_ws/install/py_srvcli/lib/pkgconfig/py_srvcli.pc'
[2.357s] Level 1:colcon.colcon_core.environment:checking '/home/pepijn/Desktop/git/DUM-E_ROSCode/ros2_ws/install/py_srvcli/lib/python3.12/site-packages'
[2.357s] Level 1:colcon.colcon_core.shell:create_environment_hook('py_srvcli', 'pythonpath')
[2.357s] INFO:colcon.colcon_core.shell:Creating environment hook '/home/pepijn/Desktop/git/DUM-E_ROSCode/ros2_ws/install/py_srvcli/share/py_srvcli/hook/pythonpath.ps1'
[2.358s] INFO:colcon.colcon_core.shell:Creating environment descriptor '/home/pepijn/Desktop/git/DUM-E_ROSCode/ros2_ws/install/py_srvcli/share/py_srvcli/hook/pythonpath.dsv'
[2.358s] INFO:colcon.colcon_core.shell:Creating environment hook '/home/pepijn/Desktop/git/DUM-E_ROSCode/ros2_ws/install/py_srvcli/share/py_srvcli/hook/pythonpath.sh'
[2.358s] Level 1:colcon.colcon_core.environment:checking '/home/pepijn/Desktop/git/DUM-E_ROSCode/ros2_ws/install/py_srvcli/bin'
[2.358s] Level 1:colcon.colcon_core.environment:create_environment_scripts_only(py_srvcli)
[2.359s] INFO:colcon.colcon_core.shell:Creating package script '/home/pepijn/Desktop/git/DUM-E_ROSCode/ros2_ws/install/py_srvcli/share/py_srvcli/package.ps1'
[2.359s] INFO:colcon.colcon_core.shell:Creating package descriptor '/home/pepijn/Desktop/git/DUM-E_ROSCode/ros2_ws/install/py_srvcli/share/py_srvcli/package.dsv'
[2.359s] INFO:colcon.colcon_core.shell:Creating package script '/home/pepijn/Desktop/git/DUM-E_ROSCode/ros2_ws/install/py_srvcli/share/py_srvcli/package.sh'
[2.360s] INFO:colcon.colcon_core.shell:Creating package script '/home/pepijn/Desktop/git/DUM-E_ROSCode/ros2_ws/install/py_srvcli/share/py_srvcli/package.bash'
[2.360s] INFO:colcon.colcon_core.shell:Creating package script '/home/pepijn/Desktop/git/DUM-E_ROSCode/ros2_ws/install/py_srvcli/share/py_srvcli/package.zsh'
[2.360s] Level 1:colcon.colcon_core.environment:create_file_with_runtime_dependencies(/home/pepijn/Desktop/git/DUM-E_ROSCode/ros2_ws/install/py_srvcli/share/colcon-core/packages/py_srvcli)
[2.360s] DEBUG:colcon.colcon_parallel_executor.executor.parallel:closing loop
[2.360s] DEBUG:colcon.colcon_parallel_executor.executor.parallel:loop closed
[2.361s] DEBUG:colcon.colcon_parallel_executor.executor.parallel:run_until_complete finished with '0'
[2.361s] DEBUG:colcon.colcon_core.event_reactor:joining thread
[2.366s] INFO:colcon.colcon_core.plugin_system:Skipping extension 'colcon_notification.desktop_notification.terminal_notifier': Not used on non-Darwin systems
[2.367s] INFO:colcon.colcon_core.plugin_system:Skipping extension 'colcon_notification.desktop_notification.win32': Not used on non-Windows systems
[2.367s] INFO:colcon.colcon_notification.desktop_notification:Sending desktop notification using 'notify2'
[2.385s] DEBUG:colcon.colcon_core.event_reactor:joined thread
[2.386s] INFO:colcon.colcon_core.shell:Creating prefix script '/home/pepijn/Desktop/git/DUM-E_ROSCode/ros2_ws/install/local_setup.ps1'
[2.386s] INFO:colcon.colcon_core.shell:Creating prefix util module '/home/pepijn/Desktop/git/DUM-E_ROSCode/ros2_ws/install/_local_setup_util_ps1.py'
[2.387s] INFO:colcon.colcon_core.shell:Creating prefix chain script '/home/pepijn/Desktop/git/DUM-E_ROSCode/ros2_ws/install/setup.ps1'
[2.388s] INFO:colcon.colcon_core.shell:Creating prefix script '/home/pepijn/Desktop/git/DUM-E_ROSCode/ros2_ws/install/local_setup.sh'
[2.389s] INFO:colcon.colcon_core.shell:Creating prefix util module '/home/pepijn/Desktop/git/DUM-E_ROSCode/ros2_ws/install/_local_setup_util_sh.py'
[2.389s] INFO:colcon.colcon_core.shell:Creating prefix chain script '/home/pepijn/Desktop/git/DUM-E_ROSCode/ros2_ws/install/setup.sh'
[2.390s] INFO:colcon.colcon_core.shell:Creating prefix script '/home/pepijn/Desktop/git/DUM-E_ROSCode/ros2_ws/install/local_setup.bash'
[2.391s] INFO:colcon.colcon_core.shell:Creating prefix chain script '/home/pepijn/Desktop/git/DUM-E_ROSCode/ros2_ws/install/setup.bash'
[2.391s] INFO:colcon.colcon_core.shell:Creating prefix script '/home/pepijn/Desktop/git/DUM-E_ROSCode/ros2_ws/install/local_setup.zsh'
[2.392s] INFO:colcon.colcon_core.shell:Creating prefix chain script '/home/pepijn/Desktop/git/DUM-E_ROSCode/ros2_ws/install/setup.zsh'
